[   0s] chat: Not logged in · Please run /login
[   0s] RESULT (0s): Not logged in · Please run /login
[   0s] chat: I'll start by reading the drawing and the build123d quickref.
[   0s] . Read
[   0s] . ReadMcpResourceTool
[   0s]   <- {"contents":[{"uri":"build123d://quickref","mimeType":"text/plain","text":"Examples below were tested against build123d 0.11.1, the version installed in this en
[   0s]   <- 
[   0s] . Bash
[   0s]   <- Exit code 1 Traceback (most recent call last):   File "<string>", line 2, in <module> ModuleNotFoundError: No module named 'PIL'
[   0s] . Bash
[   0s]   <- (Bash completed with no output)
[   0s] . Bash
[   0s]   <- Traceback (most recent call last): [notice] To update, run: pip install --upgrade pip
[   0s] . Bash
[   0s]   <- (3072, 2118) crop_section.png (1360, 752) crop_topview.png (1312, 960) crop_planview.png (1632, 1072) crop_frontview.png (1360, 592)
[   0s] . Read
[   0s]   <- 
[   0s] . Read
[   0s]   <- 
[   0s] . Read
[   0s]   <- 
[   0s] . Read
[   0s]   <- 
[   0s] . Bash
[   0s]   <- z_mid_left.png (950, 1250) z_mid_circles.png (1125, 875) z_plan_left.png (1100, 800) z_plan_topdims.png (1680, 480) z_section_profile.png (1475, 650) z_front.pn
[   0s] . Read
[   0s]   <- 
[   0s] . Read
[   0s]   <- 
[   0s] . Bash
[   0s]   <- (1728, 792)
[   0s] . Read
[   0s]   <- 
[   0s] . Read
[   0s]   <- 
[   0s] . Bash
[   0s]   <- Exit code 1 Traceback (most recent call last):   File "<stdin>", line 2, in <module> ModuleNotFoundError: No module named 'numpy'
[   0s] . Bash
[   0s]   <- [notice] To update, run: pip install --upgrade pip
[   0s] . Bash
[   0s]   <- === MIDDLE VIEW rows (find vertical ext lines for 110.4/30.4/40) === 1250 [(1369, 1372), (1515, 1518), (1599, 1602), (1662, 1664)] 1280 [(1369, 1372), (1599, 16
[   0s] . Bash
[   0s]   <- === MID VIEW: circle edges along centerline row y=1049 (x 1230-1810) === [(1230, 1776)] === MID VIEW: col scans through bore centers x=1516, x=1600 === 1516 [(8
[   0s] . Bash
[   0s]   <- === MID VIEW small bore group: cols near x=1516 === 1491 [(1034, 1037), (1043, 1046), (1048, 1050), (1055, 1058), (1079, 1084), (1102, 1106), (1115, 1117), (112
[   0s] . Bash
[   0s]   <- === MID VIEW row scans near small-bore center y=1081 (avoid exact centerline) === 1075 [1427.0, 1444.5, 1475.5, 1503.5, 1515.5, 1525.0, 1545.0, 1554.5, 1567.0, 
[   0s] . Bash
[   0s]   <- === MIDDLE VIEW boss rows: scan y=920, 950 (top row), y=1145,1175 (bottom row) === 920 [1276.5, 1296.0, 1369.0, 1384.0, 1399.0, 1411.0, 1426.5, 1516.5, 1606.0, 
[   0s] . Bash
[   0s]   <- === PLAN top-edge band at mid-span x=680 (y 1330-1430) === 680 [1353.0, 1374.0, 1396.0, 1403.0, 1430.5] === PLAN left/right extremes rows 1458,1465,1500 === 145
[   0s] execute #1: from build123d import * import math  # ---- parameters (mm), origin = main boss center, z=
[   0s]   <- {"result":"Registered 'cover': volume=3.95e+05 mm³, faces=100\n--- current_shape (\"cover\") ---\nvolume: 3.95e+05 mm³  |  bbox: 200×150×45 mm  |  100f 250e 164
[   0s] chat: Base solid built: bbox 200×150×45 exactly as expected. Validate and checkpoint:
[   0s] >> validate()
[   0s]   <- {"result":"Validity gate: PASS\n{\n  \"passes_gate\": true,\n  \"n_solids\": 1,\n  \"volume\": 395010.1613,\n  \"watertight_manifold\": true,\n  \"open_edges\":
[   0s] >> export(/tmp/cgb_fixture.weEr9N/output.step)
[   0s] . save_snapshot
[   0s]   <- {"result":"Exported to /tmp/cgb_fixture.weEr9N/output.step\nvolume 3.95e+05 mm³, bbox 200×150×45 mm, 100 faces"}
[   0s]   <- {"result":"Snapshot 'v1_valid_base' saved. Geometry captured: current_shape, cover."}
[   0s] chat: Valid checkpoint exported. Now the dominant-form gate — render and compare against the drawing views:
[   0s] . render_view
[   0s] . render_view
[   0s]   <- [SEND: /tmp/cgb_fixture.weEr9N/r_iso.png] Rendered via 3d pipeline.
[   0s]   <- [SEND: /tmp/cgb_fixture.weEr9N/r_top.png] Rendered via 3d pipeline.
[   0s] execute #2: # --- classify vertical edges of the solid for plan-outline fillets --- part_now = part ve
[   0s]   <- {"result":"(0, -124.2, -54.0, 15.0, 30.0)\n(1, -110.7, -54.0, 15.0, 30.0)\n(2, -124.2, 54.0, 15.0, 30.0)\n(3, -107.3, -49.1, 27.0, 6.0)\n(4, -83.2, -54.1, 27.0,
[   0s] execute #3: def vsel(shape, pred):     return [e for e in shape.edges().filter_by(Axis.Z) if pred(e.ce
[   0s]   <- {"result":"Error: ValueError: Failed creating a fillet with radius of 2.5, try a smaller value or use max_fillet() to find the largest valid fillet radius\n\n{\
[   0s] execute #4: # retry: R2.5 individually with fallback radii g25 = vsel(p1, lambda c: abs(abs(c.Y)-54.0)
[   0s]   <- {"result":"candidates: 4\nR2.5-ish done on 2 corners; vol: 392832\nR12 ok: 8 393708\nRegistered 'cover': volume=3.937e+05 mm³, faces=114\n--- current_shape (\"c
[   0s] execute #5: from build123d import GeomType p = part # 4) R2 rounds on corner boss top edges (circular 
[   0s]   <- {"result":"boss top circles: 4\nR2 ok, vol: 393394\nceiling edges: 26\nR3 all failed, trying per-edge: ValueError\nR3 per-edge ok on 7\nRegistered 'cover': volu
[   0s] execute #6: p = part def circ_edges(shape, rad, z, tol=0.05):     return [e for e in shape.edges().fil
[   0s]   <- {"result":"corner hole tops : chamfered 4\ncorner hole bottoms : chamfered 11\nmain bore top : chamfered 1\nmain bore bottom : chamfered 1\nsmall bore bottom : 
[   0s] chat: "Corner hole bottoms: 11" chamfered is suspicious (expected 4) — let me validate and inspect the bottom face before proceeding:
[   0s] >> validate()
[   0s]   <- {"result":"Validity gate: PASS\n{\n  \"passes_gate\": true,\n  \"n_solids\": 1,\n  \"volume\": 393511.0634,\n  \"watertight_manifold\": true,\n  \"open_edges\":
[   0s] . render_view
[   0s]   <- [SEND: /tmp/cgb_fixture.weEr9N/r_bottom.png] Rendered via 3d pipeline.
[   0s] >> export(/tmp/cgb_fixture.weEr9N/output.step)
[   0s] . save_snapshot
[   0s]   <- {"result":"Exported to /tmp/cgb_fixture.weEr9N/output.step\nvolume 3.935e+05 mm³, bbox 200×150×45 mm, 179 faces"}
[   0s]   <- {"result":"Snapshot 'v2_filleted' saved. Geometry captured: current_shape, cover."}
[   0s] chat: Accuracy pass — verify the feature inventory and through-thickness profile:
[   0s] . inspect_part
[   0s]   <- Error executing tool inspect_part: ValueError: expected.holes[0] contains unsupported key(s): member_count
[   0s] . inspect_part
[   0s]   <- {"result":"{\n  \"object\": \"current_shape\",\n  \"bbox\": {\n    \"x\": 200.0,\n    \"y\": 150.0,\n    \"z\": 45.0\n  },\n  \"topology\": {\n    \"solids\": 1
[   0s] . render_view
[   0s] . render_view
[   0s]   <- [SEND: /tmp/cgb_fixture.weEr9N/r_section.png] Rendered via 3d pipeline.
[   0s]   <- [SEND: /tmp/cgb_fixture.weEr9N/r_front.png] Rendered via 3d pipeline.
[   0s] execute #7: p = part # wall-top rounds: edges at z=30 (wall top face boundaries), excluding boss-cylin
[   0s]   <- {"result":"wall-top edges: 54\nbulk failed: ValueError - trying per-edge\nper-edge ok: 12\nRegistered 'cover': volume=3.944e+05 mm³, faces=200\n--- current_shap
[   0s] >> validate()
[   0s]   <- {"result":"Validity gate: FAIL — 5 mesh non-manifold edge(s) — faces meet >2-ways (self-touch / coincident faces); a CAD scorer rejects this even though it look
[   0s] chat: The partial wall-top fillets created non-manifold self-touches. This is pure cosmetics — restoring the last valid checkpoint:
[   0s] . restore_snapshot
[   0s]   <- {"result":"Snapshot 'v2_filleted' restored. Active geometry: current_shape, cover."}
[   0s] >> validate()
[   0s]   <- {"result":"Validity gate: PASS\n{\n  \"passes_gate\": true,\n  \"n_solids\": 1,\n  \"volume\": 393511.0634,\n  \"watertight_manifold\": true,\n  \"open_edges\":
[   0s] chat: Restored to the valid state. Final export of the finished model:
[   0s] >> export(/tmp/cgb_fixture.weEr9N/output.step)
[   0s]   <- {"result":"Exported to /tmp/cgb_fixture.weEr9N/output.step\nvolume 3.935e+05 mm³, bbox 200×150×45 mm, 179 faces"}
[   0s] chat: Done. The part is reproduced and exported to `/tmp/cgb_fixture.weEr9N/output.step` (valid, watertight, single solid; export gate passed; 393.5 cm³·10³, bbox exactly **200 × 150 × 45 mm**).

**What the
[   0s] RESULT (2014s): Done. The part is reproduced and exported to `/tmp/cgb_fixture.weEr9N/output.step` (valid, watertight, single solid; export gate passed; 393.5 cm³·10³, bbox exa
