[   0s] chat: Not logged in · Please run /login
[   0s] RESULT (0s): Not logged in · Please run /login
[   0s] chat: I'll start by reading the drawing and the build123d quickref.
[   0s] . Read
[   0s] . ReadMcpResourceTool
[   0s]   <- {"contents":[{"uri":"build123d://quickref","mimeType":"text/plain","text":"Examples below were tested against build123d 0.11.1, the version installed in this en
[   0s]   <- 
[   0s] . Bash
[   0s]   <- Exit code 1 Traceback (most recent call last):   File "<string>", line 2, in <module> ModuleNotFoundError: No module named 'PIL'
[   0s] . Bash
[   0s]   <- (Bash completed with no output)
[   0s] . Bash
[   0s]   <- [notice] To update, run: pip install --upgrade pip ok
[   0s] . Bash
[   0s]   <- (3072, 2118)
[   0s] . Read
[   0s]   <- 
[   0s] . Read
[   0s]   <- 
[   0s] . Bash
[   0s]   <- (Bash completed with no output)
[   0s] . Read
[   0s]   <- 
[   0s] . Read
[   0s]   <- 
[   0s] chat: The profile strip is a bit higher. Let me recrop.
[   0s] . Bash
[   0s]   <- (Bash completed with no output)
[   0s] . Read
[   0s] . Read
[   0s]   <- 
[   0s]   <- 
[   0s] . Bash
[   0s]   <- (Bash completed with no output)
[   0s] . Read
[   0s]   <- 
[   0s] . Read
[   0s]   <- 
[   0s] . Read
[   0s]   <- 
[   0s] . Bash
[   0s]   <- (Bash completed with no output)
[   0s] . Read
[   0s]   <- 
[   0s] . Read
[   0s]   <- 
[   0s] . Read
[   0s]   <- 
[   0s] . Bash
[   0s]   <- 385 [(np.int64(1503), np.int64(1504)), (np.int64(1510), np.int64(1510)), (np.int64(1521), np.int64(1521)), (np.int64(1529), np.int64(1530))] 400 [(np.int64(1503
[   0s] . Bash
[   0s]   <- 250 [] 300 [] 350 [] 420 [(np.int64(1818), np.int64(1820)), (np.int64(1829), np.int64(1829)), (np.int64(1848), np.int64(1855))] 480 [(np.int64(1788), np.int64(1
[   0s] . Bash
[   0s]   <- 1789 [(np.int64(449), np.int64(1253))] 1813 [(np.int64(447), np.int64(854)), (np.int64(857), np.int64(862)), (np.int64(1075), np.int64(1079)), (np.int64(1153), 
[   0s] . Bash
[   0s]   <- (1506, 1509) [(375, 377), (389, 570), (590, 594), (614, 618), (621, 884), (904, 908), (929, 934), (938, 938), (1002, 1002), (1008, 1009), (1025, 1026)] (1511, 1
[   0s] . Bash
[   0s]   <- 1498 [(376, 376), (389, 390), (564, 564), (585, 919), (933, 934), (1008, 1009), (1025, 1026)] 1499 [(376, 376), (389, 390), (564, 564), (584, 920), (933, 934), 
[   0s] . Bash
[   0s]   <- (Bash completed with no output)
[   0s] . Read
[   0s]   <- 
[   0s] . Read
[   0s]   <- 
[   0s] . Bash
[   0s]   <- plan1 row642 dark: [517 538 539 543 544] [920 930 938 939 940] plan1 col705 dark: [451 472 476 477 478] [827 832 842 843 844]
[   0s] . Bash
[   0s]   <- p1 row 642: [(np.int64(411), np.int64(412)), (np.int64(482), np.int64(483)), (np.int64(491), np.int64(491)), (np.int64(517), np.int64(517)), (np.int64(538), np.
[   0s] . Bash
[   0s]   <- plan1 holes:   center 615.8,474.5 n=157  r=119.8 ang=120.1   center 790.6,462.2 n=111  r=118.6 ang=69.2   center 901.2,586.1 n=127  r=113.6 ang=19.7   center 89
[   0s] chat: The two plan views are rotated relative to each other and my center estimates are too rough. Let me fit the bore-circle centers precisely and re-measure hole angles with ring masking.
[   0s] . Bash
[   0s]   <- plan1 center 719.38 652.31 r=105.25 (=123.25mm dia) n=720 plan2 center 1712.78 987.14 r=106.60 (=124.84mm dia) n=488
[   0s] . Bash
[   0s]   <- plan1:   619.3,476.7 ringr=10.7px holeD=12.5mm  R=118.35 ang=119.68   797.4,466.1 ringr=10.7px holeD=12.6mm  R=118.20 ang=67.28   912.2,593.1 ringr=10.7px holeD
[   0s] . Bash
[   0s]   <- c1 719.06,651.87 BC_D=236.15mm c2 1705.70,986.96 BC_D=237.33mm plan1 hole angles: ['119.66', '67.15', '16.92', '-25.84', '-95.06', '-163.37'] plan1 radii: ['118
[   0s] . Bash
[   0s]   <- angle : extent(mm) 150 209.0   152 209.0   154 226.0   156 227.2   158 226.6   160 227.8   162 226.6   164 227.2   166 226.6   168 209.6   170 208.4   172 209.0
[   0s] . Bash
[   0s]   <- handle region plan2: 2.0:186  3.5:186  5.0:186  6.5:186  8.0:186  9.5:186  11.0:186  12.5:221  14.0:227  15.5:228  17.0:228  18.5:227  20.0:234  21.5:227  23.0:
[   0s] . Bash
[   0s]   <- 0:139  2:139  4:140  6:141  8:143  10:120  12:149  14:116  16:116  18:149  20:146  22:138  24:115  26:116  28:149  30:102  32:143  34:140  36:139  38:140  40:13
[   0s] . Bash
[   0s]   <- (Bash completed with no output)
[   0s] . Read
[   0s]   <- 
[   0s] . Read
[   0s]   <- 
[   0s] . Read
[   0s]   <- 
[   0s] execute #1: from build123d import * import math  # ---------------- parameters (mm), plan-1 frame, Z u
[   0s]   <- {"result":"Registered 'flange': volume=2.828e+05 mm³, faces=3\n--- current_shape (\"flange\") ---\nvolume: 2.828e+05 mm³  |  bbox: 260×266.2×6 mm  |  3f 3e 2v\n
[   0s] chat: Flange base is good (bbox ≈ Ø270 ✓). Now the hub, collar, and both arms.
[   0s] execute #2: import math from build123d import *  def polar_loc(r, ang_deg, rot=0.0):     return Locati
[   0s]   <- {"result":"Registered 'body': volume=1.278e+06 mm³, faces=25\n--- current_shape (\"body\") ---\nvolume: 1.278e+06 (+9.95e+05, +351.9%) mm³  |  bbox: 338.3×266.2
[   0s] execute #3: import math from build123d import *  with BuildPart() as p:     add(result)     # seat: co
[   0s]   <- {"result":"vol after cone attempt 1224129.0402443763\n\nSession objects: flange (Part, 3 faces), body (Part, 25 faces)"}
[   0s] execute #4: import math from build123d import *  body = session.objects['body'] if hasattr(globals().g
[   0s]   <- {"result":"need another way\n\nSession objects: flange (Part, 3 faces), body (Part, 25 faces)"}
[   0s] execute #5: import math from build123d import *  # 'result' currently holds the bad cone-cut version; 
[   0s]   <- {"result":"body vol 1277728.8542892644\nafter bore stack vol 840066.7842833835\nRegistered 'cored': volume=8.401e+05 mm³, faces=35\n--- current_shape (\"cored\"
[   0s] execute #6: import math from build123d import *  def polar_xy(r, ang_deg):     return (r*math.cos(math
[   0s]   <- {"result":"vol after plan cuts 811685.7242300963\nRegistered 'cut_done': volume=8.117e+05 mm³, faces=64\n--- current_shape (\"cut_done\") ---\nvolume: 8.117e+05
[   0s] >> validate()
[   0s]   <- {"result":"Validity gate: PASS\n{\n  \"passes_gate\": true,\n  \"n_solids\": 1,\n  \"volume\": 811685.7242,\n  \"watertight_manifold\": true,\n  \"open_edges\":
[   0s] chat: Valid. Checkpointing now — export plus snapshot.
[   0s] >> export(/tmp/cgb_fixture.P6SXcI/output.step)
[   0s] . save_snapshot
[   0s]   <- {"result":"Exported to /tmp/cgb_fixture.P6SXcI/output.step\nvolume 8.117e+05 mm³, bbox 338.3×266.2×32.5 mm, 64 faces"}
[   0s]   <- {"result":"Snapshot 'checkpoint1' saved. Geometry captured: current_shape, flange, body, cored, cut_done."}
[   0s] . render_view
[   0s]   <- [SEND: /tmp/cgb_fixture.P6SXcI/r_top.png] Rendered via 3d pipeline.
[   0s] chat: All session objects rendered on top of each other. Let me render just the final part.
[   0s] . render_view
[   0s]   <- [SEND: /tmp/cgb_fixture.P6SXcI/r_top.png] Rendered via 3d pipeline.
[   0s] . render_view
[   0s] . cross_sections
[   0s]   <- [SEND: /tmp/cgb_fixture.P6SXcI/r_clip.png] Rendered via 3d pipeline.
[   0s]   <- {"result":"[\n  {\n    \"position\": -29.175,\n    \"area\": 43218.4994\n  },\n  {\n    \"position\": -26.2795,\n    \"area\": 42732.7287\n  },\n  {\n    \"posi
[   0s] execute #7: from build123d import * for z in [2.0, -1.5, -3.2, -4.5, -8, -12, -16.5, -20, -26, -29.0]:
[   0s]   <- {"result":"2.0 12786.1\n-1.5 34316.9\n-3.2 34722.4\n-4.5 44429.1\n-8 28764.2\n-12 27214.2\n-16.5 17390.3\n-20 17983.8\n-26 20099.1\n-29.0 19680.6\n# vars: z=-29
[   0s] execute #8: from build123d import * import math # find vertical edges near arm/body junctions vedges =
[   0s]   <- {"result":"('T', 100.9, 236.1, 9.0, 19.5)\n('H', 108.5, 145.3, 9.0, 27.5)\n('T', 100.9, 213.9, 9.0, 19.5)\n('H', 108.5, 174.7, 9.0, 27.5)\n4\n# vars: along=53.2
[   0s] execute #9: from build123d import * # also catch the 0..-6 junction edges: rerun with length>2 and kee
[   0s]   <- {"result":"edges to blend: 6 [9.0, 9.0, 9.0, 9.0, 9.0, 9.0]\nR 30 failed: TopOpeBRepDS_DataStructure::Point\nR 25 failed: TopOpeBRepDS_DataStructure::Point\nR 2
[   0s] execute #10: from build123d import * import math  def polar_loc(r, ang_deg, rot=0.0):     return Locati
[   0s]   <- {"result":"Error: ValueError: Vertex must connect exactly two edges: Vertex(-231.6102488424789, 13.666252122857657, 0.0)\n\n{\"failure_class\": \"unknown\", \"s
[   0s] execute #11: from build123d import * import math  def arm_with_blend2(mid_r, theta, length, width, tip_
[   0s]   <- {"result":"theta 160.0 verts 2 filleted 2\ntheta 225.0 verts 2 filleted 2\nvol 811685.7242300963 -> 825588.9333680929\n\nSession objects: flange (Part, 3 faces)
[   0s] execute #12: result = result2 show(result, "blended")
[   0s]   <- {"result":"Registered 'blended': volume=8.256e+05 mm³, faces=48\n--- current_shape (\"blended\") ---\nvolume: 8.256e+05 (+1.39e+04, +1.7%) mm³  |  bbox: 338.3×2
[   0s] execute #13: from build123d import * import math # collar top outer edge: circle r=100 at z=+3 e_collar
[   0s]   <- {"result":"1 1 2 [-21.16, -11.84]\nafter chamfer vol 823852.6646634905\n\nSession objects: flange (Part, 3 faces), body (Part, 25 faces), cored (Part, 35 faces)
[   0s] execute #14: from build123d import * # hub bottom R3 fillet + groove opening R3 blends on r3 e_hub = [e
[   0s]   <- {"result":"hub fillet ok 822919.8530796865\ngroove blends ok 821838.8593334515\nRegistered 'finished': volume=8.218e+05 mm³, faces=52\n--- current_shape (\"fini
[   0s] >> validate(finished)
[   0s]   <- {"result":"Validity gate: PASS\n{\n  \"passes_gate\": true,\n  \"n_solids\": 1,\n  \"volume\": 821838.8593,\n  \"watertight_manifold\": true,\n  \"open_edges\":
[   0s] >> export(finished)
[   0s] . save_snapshot
[   0s]   <- {"result":"Exported to /tmp/cgb_fixture.P6SXcI/output.step\nvolume 8.218e+05 mm³, bbox 338.3×266.2×32.5 mm, 52 faces"}
[   0s]   <- {"result":"Snapshot 'checkpoint2' saved. Geometry captured: current_shape, flange, body, cored, cut_done, blended, finished."}
[   0s] chat: Final fidelity check: iso render and hole recognizer.
[   0s] . render_view
[   0s] . find_holes
[   0s]   <- [SEND: /tmp/cgb_fixture.P6SXcI/r_iso.png] Rendered via 3d pipeline.
[   0s]   <- {"result":"{\"count\": 9, \"holes\": [{\"axis\": [0.0, 0.0, -1.0], \"location\": [0.0, 0.0, -4.5], \"diameter\": 120.0, \"depth\": 23.4, \"bottom\": \"through\"
[   0s] chat: The model is complete and verified. Final state:

**Recognizer check** — all features confirmed: Ø120 through-bore, Ø155 seat opening, six Ø12 bolt holes (6 deep, through the flange) on the bolt circl
[   0s] RESULT (2467s): The model is complete and verified. Final state:

**Recognizer check** — all features confirmed: Ø120 through-bore, Ø155 seat opening, six Ø12 bolt holes (6 dee
