[   0s] chat: Not logged in · Please run /login
[   0s] RESULT (0s): Not logged in · Please run /login
[   0s] chat: I'll start by reading the drawing and the build123d quickref.
[   0s] . Read
[   0s] . ReadMcpResourceTool
[   0s]   <- {"contents":[{"uri":"build123d://quickref","mimeType":"text/plain","text":"Examples below were tested against build123d 0.11.1, the version installed in this en
[   0s]   <- 
[   0s] . Bash
[   0s]   <- (3072, 2118) done
[   0s] . Read
[   0s] . Read
[   0s]   <- 
[   0s]   <- 
[   0s] . Read
[   0s]   <- 
[   0s] . Read
[   0s]   <- 
[   0s] . Read
[   0s]   <- 
[   0s] . Bash
[   0s]   <- ok
[   0s] . Read
[   0s]   <- 
[   0s] . Read
[   0s]   <- 
[   0s] . Read
[   0s]   <- 
[   0s] . Read
[   0s]   <- 
[   0s] chat: Chains are cumulative from the arm tips. I still need the bottom tab, right arm, and floor-lattice dimensions. Reading the remaining crops.
[   0s] . Read
[   0s]   <- 
[   0s] . Read
[   0s]   <- 
[   0s] . Read
[   0s] . Read
[   0s]   <- 
[   0s]   <- 
[   0s] . Bash
[   0s]   <- y=1200: 422 426 690 694-698 705 709 816 820 943 1126 1130 y=1255: 592-593 600 604 899 1130 y=1341: 429 520 524 542 629 699-701 708-711 759-761 812-815 845 849 8
[   0s] . Bash
[   0s]   <- HORIZONTAL lines (y, xstart-xend) len>40, orig coords:   y=1112 x=690-830 len=140   y=1160 x=652-705 len=53   y=1161 x=775-816 len=41   y=1189 x=420-715 len=295
[   0s] . Bash
[   0s]   <- HORIZONTAL (continued, y>=1642):   y=1642 x=420-663 len=243   y=1670 x=420-668 len=248   y=1671 x=420-511 len=91   y=1682 x=452-709 len=257   y=1683 x=452-710 l
[   0s] . Bash
[   0s]   <- ok
[   0s] . Read
[   0s]   <- 
[   0s] . Read
[   0s]   <- 
[   0s] chat: The structure is nearly fully decoded. Now I need the sheet thickness (likely in the notes block), plus the right-arm root and gusset details.
[   0s] . Read
[   0s] . Read
[   0s]   <- 
[   0s]   <- 
[   0s] execute #1:  from build123d import * import math  # ================= PARAMETERS (mm, from printed dim
[   0s]   <- {"result":"Error: ValueError: Fillet algorithm failed for Vertex(-118.0, -8.035129684833237, 0.0) with radius 20\n\n{\"failure_class\": \"fillet_fail\", \"sugge
[   0s] execute #2:  import math def filleted_wire_pts(verts, fils):     """Return list of ('L',pt) / ('A',t1,
[   0s]   <- {"result":"Error: ValueError: No objects to create a hull\n\n{\"failure_class\": \"unknown\", \"suggested_fix\": \"Review the full error message and traceback f
[   0s] . last_error
[   0s]   <- {"result":"{\n  \"type\": \"ValueError\",\n  \"message\": \"No objects to create a hull\",\n  \"line\": 44,\n  \"excerpt\": \" 42      with BuildSketch() as sk:
[   0s] execute #3:  import math def outline_face(verts, fils):     segs = filleted_wire_pts(verts, fils)     
[   0s]   <- {"result":"Registered 'floor_plate': volume=1.327e+05 mm³, faces=62\n--- current_shape (\"floor_plate\") ---\nvolume: 1.327e+05 mm³  |  bbox: 309.9×415×2 mm  | 
[   0s] execute #4:  import math def amid(O, r, A, B):     mx, my = (A[0]+B[0])/2 - O[0], (A[1]+B[1])/2 - O[1]
[   0s]   <- {"result":"Registered 'arm1': volume=1.129e+04 mm³, faces=14\nRegistered 'arm2': volume=1.129e+04 mm³, faces=14\nRegistered 'wall': volume=3.472e+04 mm³, faces=
[   0s] execute #5:  part = floor_plate + arm1 + arm2 + wall + tab + rarm print("fused vol:", round(part.volum
[   0s]   <- {"result":"fused vol: 180709 solids: 1\nafter holes: 180073 solids: 1 faces: 107\nRegistered 'part': volume=1.801e+05 mm³, faces=107\n--- current_shape (\"part\
[   0s] execute #6:  import math def make_rib(start, d, w, L):     d = Vector(d).normalized(); w = Vector(w).n
[   0s]   <- {"result":"with ribs: 224827 solids: 3 faces: 233\nRegistered 'part': volume=2.248e+05 mm³, faces=233\n--- current_shape (\"part\") ---\nvolume: 2.248e+05 (+4.4
[   0s] chat: Three disjoint solids — some ribs didn't merge. Let me identify them:
[   0s] execute #7:  for i, s in enumerate(part.solids()):     bb = s.bounding_box()     print(i, round(s.volu
[   0s]   <- {"result":"0 221774.3 [80.45, 117.77, -0.0, 505.99, 539.93, 96.25]\n1 2813.8 [124.97, 152.8, 5.0, 128.97, 162.8, 81.95]\n2 238.8 [115.45, 152.8, 84.95, 121.98, 
[   0s] execute #8:  main, fl1, fl2 = part.solids() print("ov1:", (Part(children=[main]) & Part(children=[fl1]
[   0s]   <- {"result":"ov1: 0\n--- current_shape ---\nvolume: 2814 (-2.22e+05, -98.7%) mm³  |  bbox: 4×10×76.95 mm  |  6f (-227) 12e (-629) 8v (-414)\n\nSession objects: fl
[   0s] execute #9:  bb = arm1.bounding_box(); print("arm1 bb:", [round(v,3) for v in (bb.min.X,bb.min.Y,bb.mi
[   0s]   <- {"result":"arm1 bb: [80.449, 497.8, -0.0, 140.0, 537.8, 86.951]\nsec@Z40 X: 124.975 126.975 Y: 497.8 537.8\n--- current_shape ---\nvolume: 0 (-2.81e+03, -100.0%
[   0s] execute #10:  top_arm = arm2.moved(Location((0,-360,0))) print("top_arm bb Y:", round(top_arm.bounding_
[   0s]   <- {"result":"top_arm bb Y: 137.8 177.8\nvol: 233657 solids: 1 faces: 241\nRegistered 'part': volume=2.337e+05 mm³, faces=241\n--- current_shape (\"part\") ---\nvo
[   0s] chat: Single solid now. Validating and checkpointing before cosmetic passes:
[   0s] >> validate(part)
[   0s]   <- {"result":"Validity gate: FAIL — B-rep is not well-formed (BRepCheck failed); 7 mesh non-manifold edge(s) — faces meet >2-ways (self-touch / coincident faces); 
[   0s] execute #11:  import math def make_rib(start, d, w, n, L):     d = Vector(d).normalized(); w = Vector(w
[   0s]   <- {"result":"vol: 229989 solids: 1 faces: 235\nRegistered 'part': volume=2.3e+05 mm³, faces=235\n--- current_shape (\"part\") ---\nvolume: 2.3e+05 (-3.67e+03, -1.
[   0s] >> validate(part)
[   0s]   <- {"result":"Validity gate: FAIL — B-rep is not well-formed (BRepCheck failed); 13 mesh non-manifold edge(s) — faces meet >2-ways (self-touch / coincident faces);
[   0s] chat: Still failing — I need the exact defect locations:
[   0s] . locate_gate_defects
[   0s]   <- {"result":"1 defect(s) located (mesh_nonmanifold_edge):\n{\n  \"count\": 1,\n  \"defects\": [\n    {\n      \"kind\": \"mesh_nonmanifold_edge\",\n      \"where\
[   0s] chat: Found it — the SE floor corner R20 fillet overruns its 17.3 mm edge segment (V12→V13), self-intersecting the outline wire. Reducing that fillet to R10 and rebuilding:
[   0s] execute #12:  fils[12] = 10 f = outline_face(verts, fils) plate = extrude(f, amount=t) for cx in slot_c
[   0s]   <- {"result":"vol: 230118 solids: 1 faces: 235\nRegistered 'part': volume=2.301e+05 mm³, faces=235\n--- current_shape (\"part\") ---\nvolume: 2.301e+05 (+129, +0.1
[   0s] >> validate(part)
[   0s]   <- {"result":"Validity gate: PASS\n{\n  \"passes_gate\": true,\n  \"n_solids\": 1,\n  \"volume\": 230117.9677,\n  \"watertight_manifold\": true,\n  \"open_edges\":
[   0s] >> export(part)
[   0s] . save_snapshot
[   0s]   <- {"result":"Exported to /tmp/cgb_fixture.ivGUy9/output.step\nvolume 2.301e+05 mm³, bbox 425.5×422.2×96.25 mm, 235 faces"}
[   0s]   <- {"result":"Snapshot 'valid_v1' saved. Geometry captured: current_shape, floor_plate, arm1, arm2, wall, tab, rarm, part."}
[   0s] chat: Valid checkpoint exported. Now the form-correction gate — rendering to compare against the drawing's isometric:
[   0s] . render_view
[   0s]   <- [SEND: /tmp/cgb_fixture.ivGUy9/render_iso.png] Rendered via 3d pipeline.
[   0s] . render_view
[   0s]   <- [SEND: /tmp/cgb_fixture.ivGUy9/render_iso2.png] Rendered via 3d pipeline.
[   0s] chat: The model matches the drawing's isometric structure well. Running the accuracy checks, then adding the R5 tip fillets:
[   0s] execute #13:  holes = find_holes(part) for h in holes:     print(round(h.diameter,2), [round(v,1) for v
[   0s]   <- {"result":"find_holes: 6 hole(s)\n9.0 [98.4, 157.8, 87.0] through\n9.0 [205.0, 135.8, 96.3] through\n9.0 [320.0, 135.8, 96.3] through\n9.0 [491.0, 382.8, 82.4] 
[   0s] chat: All 6 holes verified. Adding R5 fillets on tab/foot/pad tip corners and the wall-notch corners:
[   0s] execute #14:  def edges_at(shape, axis_dir, pred):     out = []     for e in shape.edges():         if 
[   0s]   <- {"result":"tip edges: 12\nnotch edges: 2\nvol: 230011 solids: 1\nRegistered 'part': volume=2.3e+05 mm³, faces=249\n--- current_shape (\"part\") ---\nvolume: 2.3
[   0s] execute #15:  part_pre_g = part def gusset(xc):     p1 = (119.4745, 87.251); p2 = (119.4745, 94.551); p
[   0s]   <- {"result":"vol: 230364 solids: 1\nRegistered 'part': volume=2.304e+05 mm³, faces=243\n--- current_shape (\"part\") ---\nvolume: 2.304e+05 (+353, +0.2%) mm³  |  
[   0s] >> validate(part)
[   0s]   <- {"result":"Validity gate: PASS\n{\n  \"passes_gate\": true,\n  \"n_solids\": 1,\n  \"volume\": 230364.1169,\n  \"watertight_manifold\": true,\n  \"open_edges\":
[   0s] >> export(part)
[   0s] . save_snapshot
[   0s]   <- {"result":"Exported to /tmp/cgb_fixture.ivGUy9/output.step\nvolume 2.304e+05 mm³, bbox 425.5×422.2×96.25 mm, 243 faces"}
[   0s]   <- {"result":"Snapshot 'valid_v2_final' saved. Geometry captured: current_shape, floor_plate, arm1, arm2, wall, tab, rarm, part."}
[   0s] . render_view
[   0s]   <- [SEND: /tmp/cgb_fixture.ivGUy9/render_clip.png] Rendered via 3d pipeline.
[   0s] chat: The clipped section confirms the folded profile: back wall with notch, floor plane, and the 75° joggle all at the right heights. The final part is exported and passes the validity gate.

**Done.** `/t
[   0s] RESULT (3531s): The clipped section confirms the folded profile: back wall with notch, floor plane, and the 75° joggle all at the right heights. The final part is exported and 
