[   0s] chat: Not logged in · Please run /login
[   0s] RESULT (0s): Not logged in · Please run /login
[   0s] chat: I'll start by reading the drawing to build a dimension table.
[   0s] . Read
[   0s]   <- 
[   0s] chat: This is a complex cast bracket/housing part. Let me zoom into each view to read every dimension accurately before building anything.
[   0s] . Bash
[   0s]   <- (3072, 2118) v_front (1120, 1000) v_plan (1152, 816) v_secAA (1024, 1040) v_iso (1264, 1024) v_detailB (896, 1040) v_secCC (1040, 816) v_big (1472, 1792)
[   0s] . Read
[   0s]   <- 
[   0s] . Read
[   0s]   <- 
[   0s] . Read
[   0s]   <- 
[   0s] . Read
[   0s]   <- 
[   0s] . Bash
[   0s]   <- f_left (1232, 1188) f_right (1056, 1298) p_right (572, 1166) p_left (1012, 968) big_top (1207, 1037) big_bot (1564, 1207) detB (1122, 1342) secCC (1430, 1210)
[   0s] . Read
[   0s]   <- 
[   0s] . Read
[   0s]   <- 
[   0s] . Bash
[   0s]   <- grid_front.png (1155, 900) grid_top.png (1005, 780)
[   0s] . Read
[   0s]   <- 
[   0s] . Read
[   0s]   <- 
[   0s] chat: The views are non-standard, so let me grid the big fully-dimensioned view — it's the authoritative map of the plate profile.
[   0s] . Bash
[   0s]   <- grid_big.png (1134, 1485)
[   0s] . Read
[   0s]   <- 
[   0s] . Bash
[   0s]   <- g2_front.png (1232, 960) g2_top.png (1120, 832)
[   0s] . Read
[   0s]   <- 
[   0s] execute #1: from build123d import * import math  # ================= DIMENSION TABLE (all mm, from pri
[   0s]   <- {"result":"Registered 'plate': volume=9.988e+04 mm³, faces=24\nplate done\n--- current_shape (\"plate\") ---\nvolume: 9.988e+04 mm³  |  bbox: 13.2×116.1×127.2 m
[   0s] execute #2: # ================= BODY (wedge, section A-A profile extruded in Y, then side draft) =====
[   0s]   <- {"result":"Registered 'body': volume=2.672e+05 mm³, faces=9\nRegistered 'flange': volume=5.243e+04 mm³, faces=10\nfused: 391000.1747657155 43\nRegistered 'part'
[   0s] chat: Single fused solid. Now cutting the passage elbow, bolt holes, countersunk holes, and the kidney pocket.
[   0s] execute #3: # ================= CUTS ================= r = bore_dia/2 # 4x flange bolt holes for sx in
[   0s]   <- {"result":"after bores: 283076.8726628392 55\nafter csk: 281826.53319742554 65\nRegistered 'part': volume=2.818e+05 mm³, faces=65\n--- current_shape (\"part\") 
[   0s] execute #4: # kidney pocket: shallow blind slot on plate outer face, tilted, below-left of port (drawi
[   0s]   <- {"result":"after kidney: 281031.2647418598 69\nRegistered 'part': volume=2.81e+05 mm³, faces=69\n--- current_shape (\"part\") ---\nvolume: 2.81e+05 (-795, -0.3%
[   0s] >> validate()
[   0s]   <- {"result":"Validity gate: PASS\n{\n  \"passes_gate\": true,\n  \"n_solids\": 1,\n  \"volume\": 281031.2647,\n  \"watertight_manifold\": true,\n  \"open_edges\":
[   0s] chat: Valid. Checkpointing now, then comparing renders against the drawing.
[   0s] >> export(part)
[   0s] . save_snapshot
[   0s]   <- {"result":"Exported to /tmp/cgb_fixture.qIijDO/output.step\nvolume 2.81e+05 mm³, bbox 121.1×116.1×127.2 mm, 69 faces"}
[   0s]   <- {"result":"Snapshot 'v1_valid' saved. Geometry captured: current_shape, plate, body, flange, part."}
[   0s] . render_view
[   0s]   <- [SEND: /tmp/cgb_fixture.qIijDO/r_iso.png] Rendered via 3d pipeline.
[   0s] chat: Architecture matches the drawing's form. Let me view from the plate side (matching the drawing's isometric angle) and check the front-view silhouette.
[   0s] . render_view
[   0s]   <- [SEND: /tmp/cgb_fixture.qIijDO/r_iso2.png] Rendered via 3d pipeline.
[   0s] execute #5: # --- rebuild body with corrected back profile: 10.0 drop at X=14.7, then slope to foot co
[   0s]   <- {"result":"Registered 'body2': volume=2.764e+05 mm³, faces=10\nrebuilt: 287219.403819151 68 bbox: 0.0 <= x <= 121.1000001000002, -67.7 <= y <= 48.40000000000005
[   0s] >> validate()
[   0s]   <- {"result":"Validity gate: PASS\n{\n  \"passes_gate\": true,\n  \"n_solids\": 1,\n  \"volume\": 287219.4038,\n  \"watertight_manifold\": true,\n  \"open_edges\":
[   0s] . render_view
[   0s]   <- [SEND: /tmp/cgb_fixture.qIijDO/r_sec.png] Rendered via 3d pipeline.
[   0s] . render_view
[   0s]   <- [SEND: /tmp/cgb_fixture.qIijDO/r_sec2.png] Rendered via 3d pipeline.
[   0s] . render_view
[   0s]   <- [SEND: /tmp/cgb_fixture.qIijDO/r_face.png] Rendered via 3d pipeline.
[   0s] . Bash
[   0s]   <- z_fl.png (1020, 840) z_bl.png (1020, 960)
[   0s] . Read
[   0s]   <- 
[   0s] . Read
[   0s]   <- 
[   0s] execute #6: # ============ REBUILD v2: flange normal +Y, section A-A is a PLAN cut ============ # Fram
[   0s]   <- {"result":"plate2 bbox: bbox: 107.9 <= x <= 121.10000000000001, 2.0 <= y <= 111.90000003787715, -0.5 <= z <= 116.5\nRegistered 'plate2': volume=9.027e+04 mm³, f
[   0s] execute #7: # ---- body: plan profile (X-Y) INTERSECT elevation wedge (Y-Z) ---- with BuildSketch(Plan
[   0s]   <- {"result":"body3: 214570.94549625082 bbox: 14.7 <= x <= 108.90000000000003, 0.0 <= y <= 94.8, 47.5 <= z <= 89.50000000000001\nRegistered 'body3': volume=2.146e+
[   0s] chat: Flange sketch's local y mapped to -Z. Fixing placement and refusing:
[   0s] execute #8: with BuildSketch(fl_sk_plane) as sk_fl2:     with Locations((bore_x, -bore_z)):         Re
[   0s]   <- {"result":"flange2: bbox: 0.0 <= x <= 78.6, 84.8 <= y <= 94.8, 34.599999999999916 <= z <= 102.40000000000009\nRegistered 'flange2': volume=5.243e+04 mm³, faces=
[   0s] execute #9: import math as m # ---- cuts v2 ---- r = bore_dia/2 # 4x flange bolt holes: axis along Y, 
[   0s]   <- {"result":"after bore: 282147.5983346332\nafter port: 223118.9471601204\nafter csk: 221998.72869214122 66\nfinal v2: 221297.55604672918 70 bbox: 0.0 <= x <= 121
[   0s] execute #10: # rebuild with tubular boss around port passage boss = Cylinder(20.0, 68, rotation=(0,90,0
[   0s]   <- {"result":"v2b: 226913.9500441482 77 bbox: 0.0 <= x <= 121.1000001000002, 0.0 <= y <= 111.90000003787715, -0.5 <= z <= 116.5\nRegistered 'part': volume=2.269e+0
[   0s] >> validate()
[   0s]   <- {"result":"Validity gate: PASS\n{\n  \"passes_gate\": true,\n  \"n_solids\": 1,\n  \"volume\": 226913.95,\n  \"watertight_manifold\": true,\n  \"open_edges\": 0
[   0s] >> export(part)
[   0s] . save_snapshot
[   0s]   <- {"result":"Exported to /tmp/cgb_fixture.qIijDO/output.step\nvolume 2.269e+05 mm³, bbox 121.1×111.9×117 mm, 77 faces"}
[   0s]   <- {"result":"Snapshot 'v2_valid' saved. Geometry captured: current_shape, plate, body, flange, part, body2, plate2, body3, flange2."}
[   0s] chat: Checkpoint saved. Now the form-comparison renders against the drawing views:
[   0s] . render_view
[   0s] . render_view
[   0s]   <- [SEND: /tmp/cgb_fixture.qIijDO/r2_face.png] Rendered via 3d pipeline.
[   0s]   <- [SEND: /tmp/cgb_fixture.qIijDO/r2_iso.png] Rendered via 3d pipeline.
[   0s] . render_view
[   0s]   <- [SEND: /tmp/cgb_fixture.qIijDO/r2_plansec.png] Rendered via 3d pipeline.
[   0s] execute #11: mm = measure(part) bb = mm['bbox'] print("bbox:", bb) hs = find_holes(part) print("holes:"
[   0s]   <- {"result":"measure: volume=226913.95, area=55857.0577, faces=77\nbbox: {'xmin': 0.0, 'xmax': 121.1, 'ymin': 0.0, 'ymax': 111.9, 'zmin': -0.5, 'zmax': 116.5, 'xs
[   0s] execute #12: import build123d as bd # vertical edges of the wedge body (plan-profile corners): fillet f
[   0s]   <- {"result":"91.4 0.0 21.2\n42.0 36.0 23.5\n58.5 0.0 21.2\n37.9 39.9 30.0\n42.0 39.9 21.7\nfillet failed: Failed creating a fillet with radius of 6.0, try a small
[   0s] execute #13: foot_edges = [e for e in part.edges() if abs(e.tangent_at(0.5).Z) > 0.99               and
[   0s]   <- {"result":"foot fillet ok: 226864.48882436004\nRegistered 'part': volume=2.269e+05 mm³, faces=79\n--- current_shape (\"part\") ---\nvolume: 2.269e+05 (+2.27e+05
[   0s] >> validate()
[   0s]   <- {"result":"Validity gate: PASS\n{\n  \"passes_gate\": true,\n  \"n_solids\": 1,\n  \"volume\": 226864.4888,\n  \"watertight_manifold\": true,\n  \"open_edges\":
[   0s] >> export(part)
[   0s] . save_snapshot
[   0s]   <- {"result":"Exported to /tmp/cgb_fixture.qIijDO/output.step\nvolume 2.269e+05 mm³, bbox 121.1×111.9×117 mm, 79 faces"}
[   0s]   <- {"result":"Snapshot 'v3_final' saved. Geometry captured: current_shape, plate, body, flange, part, body2, plate2, body3, flange2."}
[   0s] chat: Final form check from the drawing's isometric angle:
[   0s] . render_view
[   0s]   <- [SEND: /tmp/cgb_fixture.qIijDO/r3_iso.png] Rendered via 3d pipeline.
[   0s] chat: Done. The final model is exported to `/tmp/cgb_fixture.qIijDO/output.step` (validity gate PASS, single watertight solid, 226,864 mm³, bbox 121.1 × 111.9 × 117.0 mm).

**What the part is:** an elbow-st
[   0s] RESULT (2412s): Done. The final model is exported to `/tmp/cgb_fixture.qIijDO/output.step` (validity gate PASS, single watertight solid, 226,864 mm³, bbox 121.1 × 111.9 × 117.0
