[   0s] chat: Not logged in · Please run /login
[   0s] RESULT (0s): Not logged in · Please run /login
[   0s] chat: I'll start by reading the drawing and the build123d quickref.
[   0s] . Read
[   0s] . ReadMcpResourceTool
[   0s]   <- {"contents":[{"uri":"build123d://quickref","mimeType":"text/plain","text":"Examples below were tested against build123d 0.11.1, the version installed in this en
[   0s]   <- 
[   0s] . Bash
[   0s]   <- (3072, 2118) crop_plan.png (1232, 1331) crop_right.png (1043, 1075) crop_section.png (936, 1428) crop_detail.png (640, 608) crop_iso.png (1971, 1528)
[   0s] . Read
[   0s]   <- 
[   0s] . Read
[   0s]   <- 
[   0s] . Read
[   0s]   <- 
[   0s] . Read
[   0s]   <- 
[   0s] . Bash
[   0s]   <- --- plan col x=698 (x=-25mm) top region (flat edge): (np.int64(479), np.int64(483)) y_mm= 43.24 (np.int64(487), np.int64(489)) y_mm= 41.89 (np.int64(510), np.in
[   0s] . Read
[   0s]   <- 
[   0s] . Read
[   0s]   <- 
[   0s] . Read
[   0s]   <- 
[   0s] . Read
[   0s]   <- 
[   0s] . Bash
[   0s]   <- === P2 trace: rows (upper right quadrant), x_mm of each line 20..48mm: y=+03.0: [np.float64(35.68), np.float64(36.74), np.float64(38.19), np.float64(39.16), np.
[   0s] . Bash
[   0s]   <- ok
[   0s] . Read
[   0s]   <- 
[   0s] . Read
[   0s]   <- 
[   0s] . Read
[   0s]   <- 
[   0s] . Bash
[   0s]   <- --- PLAN top corner rows y=+40..+43.4 (x 10..48mm): y=+40.0: [np.float64(26.11), np.float64(27.75), np.float64(29.78), np.float64(45.06)] y=+40.5: [np.float64(2
[   0s] execute #1: from build123d import * import math  # ---------------- parameters (mm) ---------------- o
[   0s]   <- {"result":"Error: ValueError: Fillet algorithm failed for Vertex(-5.464373088433451, 85.3750000402014, 0.0) with radius 3.0\n\n{\"failure_class\": \"fillet_fail
[   0s] chat: You've hit your session limit · resets 11pm (UTC)
[   0s] RESULT (2209s): You've hit your session limit · resets 11pm (UTC)
[   0s] chat: I'll start by reading the drawing and the build123d quickref.
[   0s] . Read
[   0s] . ReadMcpResourceTool
[   0s]   <- {"contents":[{"uri":"build123d://quickref","mimeType":"text/plain","text":"Examples below were tested against build123d 0.11.1, the version installed in this en
[   0s]   <- 
[   0s] chat: I can see this is a lobed (gerotor-style) pump housing. Let me zoom into each view to read the dimensions precisely.
[   0s] . Bash
[   0s]   <- (3072, 2118) plan_tl (1700, 1600) section (1180, 1720) plan_right (1420, 1540) detail_c (640, 600) iso1 (1200, 1200) iso2 (1490, 1200)
[   0s] . Read
[   0s]   <- 
[   0s] . Read
[   0s]   <- 
[   0s] . Read
[   0s]   <- 
[   0s] . Read
[   0s]   <- 
[   0s] . Bash
[   0s]   <- sec_top (1650, 1350) sec_bot (1650, 1380) sec_left (720, 2160)
[   0s] . Read
[   0s]   <- 
[   0s] . Read
[   0s]   <- 
[   0s] . Read
[   0s]   <- 
[   0s] . Bash
[   0s]   <- right view y= 990 [(1509, 1511), (1549, 1550), (1553, 1553), (1564, 1572), (1586, 1586), (1589, 1590), (1593, 1593), (1598, 1598), (1601, 1602), (1823, 1825), (
[   0s] . Bash
[   0s]   <- sec y= 1450 [(705, 706), (710, 711), (725, 725), (729, 731), (735, 735), (924, 924), (928, 930), (934, 934), (949, 949), (953, 955)] sec y= 1500 [(705, 706), (7
[   0s] . Bash
[   0s]   <- x= 708 [(1298, 1300), (1341, 1342), (1351, 1353), (1368, 1369), (1431, 1431), (1598, 1598), (1660, 1661), (1676, 1680), (1693, 1693), (1728, 1731), (1771, 1772)
[   0s] . Bash
[   0s]   <- plan y= 700 [(472, 472), (567, 569), (573, 573), (578, 583), (596, 597), (610, 615), (620, 620), (624, 626), (630, 631), (638, 639), (643, 645), (745, 746), (91
[   0s] . Bash
[   0s]   <- y= 430 [(596, 597), (694, 695), (962, 963), (1060, 1061)] y= 450 [(596, 597), (694, 695), (962, 963), (1060, 1061)] y= 465 [(596, 597), (694, 695), (962, 963), 
[   0s] . Bash
[   0s]   <- above y= 1210 [(755, 756), (780, 780), (879, 880), (904, 905)] above y= 1240 [(755, 756), (780, 780), (879, 880), (904, 905), (989, 990), (1039, 1040)] above y=
[   0s] . Bash
[   0s]   <- == long horizontal runs (row, x-range in orig, len) == 1297 (791, 864) 74 1298 (707, 959) 253 1299 (706, 959) 254 1300 (753, 907) 155 1301 (754, 906) 153 1302 (
[   0s] . Bash
[   0s]   <- == long vertical runs (col orig x, y-range orig, len) == 705 (1300, 1744) 445 706 (1299, 1744) 446 710 (1352, 1684) 333 711 (1366, 1677) 312 725 (1352, 1677) 32
[   0s] . Bash
[   0s]   <- (1560, 1350) (1410, 1410)
[   0s] . Read
[   0s]   <- 
[   0s] . Read
[   0s]   <- 
[   0s] . Bash
[   0s]   <- Y=  19.6 X: [-27.26, -25.44, -23.61, -21.69, -16.03, -10.37, 10.37, 15.93, 21.69, 23.61, 25.44, 27.26] Y=  19.0 X: [-28.41, -26.68, -24.76, -23.9, -20.54, -11.5
[   0s] . Bash
[   0s]   <- Y=  43.20 X: [-44.54, -13.15, 12.67, 25.72, 44.54] Y=  42.80 X: [-44.54, -25.44, -23.52, 0.0, 23.42, 25.44, 44.54] Y=  42.00 X: [-68.44, -44.54, -25.53, 24.96, 
[   0s] execute #1:  from build123d import *  # ============ PARAMETERS (mm) ============ thickness      = 50.
[   0s]   <- {"result":"outline area: 7378.306872831784 bbox: bbox: -50.0 <= x <= 50.0, -43.5 <= y <= 43.5, 0.0 <= z <= 0.0\n--- current_shape ---\nvolume: 0 mm³  |  bbox: 1
[   0s] chat: Outline ✓ (100×87). Now the pocket rim and chamber profiles:
[   0s] execute #2:  # ============ POCKET RIM 2D ============ with BuildSketch() as sk_pocket:     add(outlin
[   0s]   <- {"result":"pocket area: 3913.7519300665454 bbox: bbox: -39.00000000000001 <= x <= 39.00000000000001, -32.5 <= y <= 32.5, 0.0 <= z <= 0.0\n--- current_shape ---\
[   0s] chat: Pocket rim ✓ (78.0 × 65 = ±32.5). Now the chamber profile:
[   0s] execute #3:  # ============ CHAMBER 2D ============ env = (Circle(lobe_R).moved(Location((lobe_cx, 0))
[   0s]   <- {"result":"Error: ValueError: Fillet algorithm failed for Vertex(20.853789112821993, 38.119915706695494, 0.0) with radius 2.0\n\n{\"failure_class\": \"fillet_fa
[   0s] execute #4:  env = (Circle(lobe_R).moved(Location((lobe_cx, 0))) + Circle(lobe_R).moved(Location((-lob
[   0s]   <- {"result":"raw cav vertices:\n-8.768 19.976\n-10.843 18.806\n-10.843 -18.806\n-1.48 -21.945\n1.48 -21.945\n10.843 -18.806\n10.843 18.806\n8.768 19.976\n--- curr
[   0s] execute #5:  tent_vs = [v for v in cav.vertices() if v.Y < -21 and abs(v.X) < 4] cav2 = fillet(tent_vs
[   0s]   <- {"result":"chamber area: 2388.0 bbox: bbox: -35.49999999999999 <= x <= 35.5, -20.574193548387154 <= y <= 19.499999999999993, 0.0 <= z <= 0.0\nvertices now: [(-1
[   0s] chat: Chamber ✓ (71.0 wide, floor ≈ −20, ceiling +19.5/dip +14.78). Now assembling the full 3D part:
[   0s] execute #6:  # ============ 3D BUILD ============ body = extrude(outline_face, amount=thickness)   # Z
[   0s]   <- {"result":"Registered 'housing': volume=2.334e+05 mm³, faces=62\n--- current_shape (\"housing\") ---\nvolume: 2.334e+05 (+2.33e+05) mm³  |  bbox: 100×87×50 mm  
[   0s] execute #7:  # ============ HOLES along Z ============ for sx in (1, -1):     for sy in (1, -1):      
[   0s]   <- {"result":"Registered 'housing': volume=1.951e+05 mm³, faces=79\n--- current_shape (\"housing\") ---\nvolume: 1.951e+05 (-3.83e+04, -16.4%) mm³  |  bbox: 100×87
[   0s] chat: All primary features cut. Validating and checkpointing:
[   0s] >> validate()
[   0s]   <- {"result":"Validity gate: PASS\n{\n  \"passes_gate\": true,\n  \"n_solids\": 1,\n  \"volume\": 195092.6626,\n  \"watertight_manifold\": true,\n  \"open_edges\":
[   0s] >> export(/tmp/cgb_fixture.tz4yYl/output.step)
[   0s] . save_snapshot
[   0s]   <- {"result":"Exported to /tmp/cgb_fixture.tz4yYl/output.step\nvolume 1.951e+05 mm³, bbox 100×87×50 mm, 79 faces"}
[   0s]   <- {"result":"Snapshot 'checkpoint1_valid' saved. Geometry captured: current_shape, housing."}
[   0s] chat: Valid checkpoint exported. Now the fidelity pass — render and compare with the drawing:
[   0s] . render_view
[   0s]   <- [SEND: /tmp/cgb_fixture.tz4yYl/render_plan.png] Rendered via 3d pipeline.
[   0s] chat: That's the Y-facing view (spotface ✓). The lobed face is along Z — rendering top and iso:
[   0s] . render_view
[   0s]   <- [SEND: /tmp/cgb_fixture.tz4yYl/render_top.png] Rendered via 3d pipeline.
[   0s] execute #8:  from build123d import Plane b = body # --- 1) pocket floor fillet R1.00: edges at Z=5 & Z
[   0s]   <- {"result":"pocket floor edges: 28\nfloor fillet FAILED: Failed creating a fillet with radius of 1.0, try a smaller value or use max_fillet() to find the largest
[   0s] execute #9:  import math def near_hole(e, r=13.0):     bb = e.bounding_box()     cxm = (bb.min.X+bb.ma
[   0s]   <- {"result":"safe: 12 scallop-region: 16\nsafe fillet failed: Failed creating a fillet with radius of 1.0, try a smaller value or use max_fillet() to find the lar
[   0s] execute #10:  from build123d import GeomType clean = [] for e in safe:     gt = e.geom_type     r = Non
[   0s]   <- {"result":"GeomType.CIRCLE r=270.8 X[-13.0,13.0] Y[32.2,32.5] Z5 keep=True\nGeomType.CIRCLE r=39.00000000000001 X[33.2,39.0] Y[-20.5,20.5] Z5 keep=True\nGeomTyp
[   0s] chat: The rim fillet toe collides with the ring recess edge (1.0mm gap). Trying slightly smaller radius:
[   0s] execute #11:  b = body done = False for rad in (0.9, 0.75, 0.6):     try:         b2 = fillet(clean, ra
[   0s]   <- {"result":"rim floor fillet OK at R 0.9\nRegistered 'housing': volume=1.952e+05 mm³, faces=133\n--- current_shape (\"housing\") ---\nvolume: 1.952e+05 (+82.9, +
[   0s] chat: Pocket floor fillets ✓. Now the 1mm chamfers — face edges, pocket rim, and chamber rims:
[   0s] execute #12:  def circ_radius(e):     try: return e.radius     except Exception: return None  # --- fac
[   0s]   <- {"result":"face edges: 32\nface chamfer OK\nchamber rim edges: 22\nchamber chamfer OK\nRegistered 'housing': volume=1.946e+05 mm³, faces=187\n--- current_shape 
[   0s] chat: All finishing applied. Validating and verifying against the dimension table:
[   0s] >> validate()
[   0s]   <- {"result":"Validity gate: PASS\n{\n  \"passes_gate\": true,\n  \"n_solids\": 1,\n  \"volume\": 194605.7341,\n  \"watertight_manifold\": true,\n  \"open_edges\":
[   0s] >> export(/tmp/cgb_fixture.tz4yYl/output.step)
[   0s] . save_snapshot
[   0s]   <- {"result":"Exported to /tmp/cgb_fixture.tz4yYl/output.step\nvolume 1.946e+05 mm³, bbox 100×87×50 mm, 187 faces"}
[   0s]   <- {"result":"Snapshot 'checkpoint2_finished' saved. Geometry captured: current_shape, housing."}
[   0s] . render_view
[   0s]   <- [SEND: /tmp/cgb_fixture.tz4yYl/render_sec.png] Rendered via 3d pipeline.
[   0s] . render_view
[   0s]   <- [SEND: /tmp/cgb_fixture.tz4yYl/render_sec2.png] Rendered via 3d pipeline.
[   0s] execute #13:  m = measure(b) print("volume:", round(m['volume']), "bbox:", m['bounding_box']) cs = cros
[   0s]   <- {"result":"Error: KeyError: 'bounding_box'\n\n{\"failure_class\": \"unknown\", \"suggested_fix\": \"Review the full error message and traceback for clues; call 
[   0s] execute #14:  m = measure(b) print({k: (round(v,1) if isinstance(v,(int,float)) else v) for k,v in m.it
[   0s]   <- {"result":"measure: volume=194605.7341, area=45245.4453, faces=187\n{'volume': 194605.7}\nbbox: {'xmin': -50.0, 'xmax': 50.0, 'ymin': -43.5, 'ymax': 43.5, 'zmin
[   0s] execute #15:  from build123d import Plane, Face def sec_area(z):     s = section(b, section_by=Plane.XY
[   0s]   <- {"result":"Z=0.5 area=2679\nZ=2.5 area=2956\nZ=5.5 area=4041\nZ=10.0 area=4481\nZ=20.0 area=3788\nZ=25.0 area=3629\nZ=30.0 area=3788\nZ=40.0 area=4481\nZ=44.5 a
[   0s] chat: Section profile matches analytic predictions exactly and is symmetric. Final feature audit:
[   0s] execute #16:  hs = find_holes(b) for h in hs:     print("d=%.2f depth=%.1f loc=(%.2f,%.2f,%.2f) axis=(%
[   0s]   <- {"result":"find_holes: 10 hole(s)\nd=39.00 depth=38.0 loc=(-16.00,0.00,45.00) axis=(0.0,0.0,-1.0) bottom=through\nd=39.00 depth=38.0 loc=(16.00,0.00,45.00) axis
[   0s] chat: The reproduction is complete and verified. **`/tmp/cgb_fixture.tz4yYl/output.step` contains the final valid part** (validity gate PASS, 194,606 mm³, 100 × 87 × 50 mm bbox, 187 faces).

## What the par
[   0s] RESULT (2710s): The reproduction is complete and verified. **`/tmp/cgb_fixture.tz4yYl/output.step` contains the final valid part** (validity gate PASS, 194,606 mm³, 100 × 87 × 
