[   0s] chat: Not logged in · Please run /login
[   0s] RESULT (0s): Not logged in · Please run /login
[   0s] chat: I'll start by examining the drawing and reading the build123d quickref.
[   0s] . Read
[   0s] . ReadMcpResourceTool
[   0s]   <- {"contents":[{"uri":"build123d://quickref","mimeType":"text/plain","text":"Examples below were tested against build123d 0.11.1, the version installed in this en
[   0s]   <- 
[   0s] . Bash
[   0s]   <- (3072, 2118) notes (2340, 440) topview (1980, 1580) botview (2040, 1000) flat (2040, 2260) iso (1960, 1400)
[   0s] . Read
[   0s]   <- 
[   0s] . Read
[   0s]   <- 
[   0s] . Read
[   0s]   <- 
[   0s] . Read
[   0s]   <- 
[   0s] . Read
[   0s]   <- 
[   0s] . Bash
[   0s]   <- (1955, 2006)
[   0s] . Read
[   0s]   <- 
[   0s] . Bash
[   0s]   <- (1920, 1104)
[   0s] . Read
[   0s]   <- 
[   0s] . Bash
[   0s]   <- (1716, 1936)
[   0s] . Read
[   0s]   <- 
[   0s] . Bash
[   0s]   <- z_right165.png (503, 1847) z_12_2.png (630, 560)
[   0s] . Read
[   0s]   <- 
[   0s] . Bash
[   0s]   <- z_left.png (588, 1260) z_left2.png (1036, 1092)
[   0s] . Read
[   0s]   <- 
[   0s] . Read
[   0s]   <- 
[   0s] . Bash
[   0s]   <- z_iso_foot.png (1612, 1170) z_flat_foot.png (1560, 1230) z_iso_head.png (1560, 1170)
[   0s] . Read
[   0s]   <- 
[   0s] . Read
[   0s]   <- 
[   0s] . Bash
[   0s]   <- z_bandleft.png (1140, 720) z_53.png (520, 800)
[   0s] . Read
[   0s]   <- 
[   0s] . Read
[   0s]   <- 
[   0s] . Bash
[   0s]   <- z_flat_head.png (1898, 1040) z_flat_body.png (1898, 1300)
[   0s] . Read
[   0s]   <- 
[   0s] . Bash
[   0s]   <- z_tab.png (1050, 1200)
[   0s] . Read
[   0s]   <- 
[   0s] . Bash
[   0s]   <- z_hole13.png (720, 720) z_cloverlabels.png (1110, 510)
[   0s] . Read
[   0s]   <- 
[   0s] . Read
[   0s]   <- 
[   0s] . Bash
[   0s]   <- z_labels2.png (1540, 440)
[   0s] . Read
[   0s]   <- 
[   0s] . Bash
[   0s]   <- z_neck.png (1120, 480) z_headmid.png (1120, 800)
[   0s] . Read
[   0s]   <- 
[   0s] . Read
[   0s]   <- 
[   0s] . Bash
[   0s]   <- z_right_edge.png (640, 1504) z_left_edge.png (640, 1504)
[   0s] . Read
[   0s]   <- 
[   0s] . Read
[   0s]   <- 
[   0s] . Bash
[   0s]   <- HEAD vlines y578-690: [(np.float64(1352.0), 1), (np.float64(1469.5), 2), (np.float64(1477.0), 1), (np.float64(1537.0), 1), (np.float64(1560.0), 1), (np.float64(
[   0s] . Bash
[   0s]   <- HEAD v (y605-690): [(np.float64(1352.0), np.float64(1.0), 1), (np.float64(1440.5), np.float64(0.45), 2), (np.float64(1469.5), np.float64(1.0), 2), (np.float64(1
[   0s] chat: You've hit your session limit · resets 11pm (UTC)
[   0s] RESULT (1785s): You've hit your session limit · resets 11pm (UTC)
[   0s] chat: I'll start by reading the drawing and the build123d quickref.
[   0s] . Read
[   0s] . ReadMcpResourceTool
[   0s]   <- {"contents":[{"uri":"build123d://quickref","mimeType":"text/plain","text":"Examples below were tested against build123d 0.11.1, the version installed in this en
[   0s]   <- 
[   0s] chat: This is a folded sheet-metal bracket drawing with a flat pattern, folded orthographic views, and an isometric. I need to read the many small dimension callouts carefully, so I'll make zoom crops of ea
[   0s] . Bash
[   0s]   <- (3072, 2118) notes (2640, 440) iso (2266, 1540) mid_top (1914, 1232) mid_bot (2310, 1430) flat (2090, 2310)
[   0s] . Read
[   0s]   <- 
[   0s] . Read
[   0s]   <- 
[   0s] . Read
[   0s]   <- 
[   0s] . Read
[   0s]   <- 
[   0s] chat: The dimension structure is becoming clearer, but I need to map the view layout precisely. Let me zoom into more regions: the full middle view cluster and the flat pattern.
[   0s] . Bash
[   0s]   <- views_all (2120, 2360) flat_top (1900, 1100) flat_bot (1900, 1220)
[   0s] . Read
[   0s]   <- 
[   0s] . Read
[   0s]   <- 
[   0s] . Read
[   0s]   <- 
[   0s] . Bash
[   0s]   <- band_ears (2120, 760) top_chain (1720, 1120) bot_chain (1000, 480) right_ych (640, 1760) left_ydim (1200, 1040) mid_lower (2120, 1680)
[   0s] . Read
[   0s]   <- 
[   0s] . Read
[   0s]   <- 
[   0s] . Read
[   0s]   <- 
[   0s] . Read
[   0s]   <- 
[   0s] . Bash
[   0s]   <- (2981, 3400)
[   0s] . Read
[   0s]   <- 
[   0s] . Bash
[   0s]   <- mid_left_ear_hole (32, 32) mid_right_ear_hole (44, 44) mid_left_tab_hole (23, 9) mid_right_tab_hole (23, 9) flat_ear_left (43, 34) flat_tab_left (24, 24)
[   0s] . Bash
[   0s]   <- mid_right_ear ((1674, 613), 36, 36) mid_left_tab ((1446, 1066), 23, 22) mid_right_tab ((1673, 1063), 21, 22) mid_s3_topL ((1362, 733), 0, 0) mid_s3_botL ((1362,
[   0s] . Bash
[   0s]   <- iso_wall (1980, 990) iso_ears (2295, 1620) iso_tabs (1980, 1260)
[   0s] . Read
[   0s] . Read
[   0s]   <- 
[   0s]   <- 
[   0s] . Bash
[   0s]   <- L_ear ((2069, 377), np.float64(111.9), np.float64(0.889), 260) C_ear ((2242, 278), np.float64(97.6), np.float64(0.757), 237) clover ((2220, 350), np.float64(142
[   0s] . Bash
[   0s]   <- fb_earL (1705, 1540) fb_ctr (1045, 1210) fb_tabs (2365, 1650)
[   0s] . Read
[   0s]   <- 
[   0s] . Read
[   0s]   <- 
[   0s] . Bash
[   0s]   <- L_ear majorAxis_deg(imgYdown)= 220 r= 36.1  minorAxis_deg= 150 r= 10.3   profile5deg: [None, None, None, None, None, 28.2, 27.8, 25.8, 25.5, 26.2, 31.4, 30.2, 2
[   0s] . Bash
[   0s]   <- row y=590 (upper band, through ears): [np.float64(-84.72), np.float64(-68.0), np.float64(-60.67), np.float64(-48.64), np.float64(-36.82), np.float64(-33.76), np
[   0s] . Bash
[   0s]   <- X-scans (mm from CL): 1120 band top area [np.float64(-58.38), np.float64(-36.87), np.float64(14.98), np.float64(19.2), np.float64(39.56), np.float64(59.54), np.
[   0s] . Bash
[   0s]   <- --- mid FLAT front region rows (X mm): 117.8 [np.float64(-75.34), np.float64(-72.49), np.float64(0.08), np.float64(68.98), np.float64(72.24), np.float64(75.1)] 
[   0s] . Bash
[   0s]   <- 161.9 [np.float64(-80.64), np.float64(-75.34), np.float64(-72.49), np.float64(-21.12), np.float64(20.87), np.float64(68.98), np.float64(72.24), np.float64(75.1)
[   0s] execute #1: from build123d import * import math  # ================= PARAMETERS (mm, from drawing) ===
[   0s]   <- {"result":"BA = 6.267\nwall top z = 12.03252265608836\near top z  = 33.932522656088366\near hole z = 14.632522656088362\ntab top z  = 46.73252265608836\nclover 
[   0s] chat: Parameters check out. Now building the flat base region.
[   0s] execute #2: from build123d import *  # ---------- BASE (flat sheet, z 0..t) ---------- # A. back bridg
[   0s]   <- {"result":"Registered 'front_lobe': volume=6981 mm³, faces=8\nbbox: -25.0 <= x <= 25.0, 183.0 <= y <= 242.0, 0.0 <= z <= 3.0\n--- current_shape (\"front_lobe\")
[   0s] execute #3: from build123d import * with BuildPart() as fp:     with BuildSketch(Plane.XY) as sk:     
[   0s]   <- {"result":"Registered 'front_lobe': volume=8802 mm³, faces=8\nbbox: -25.0 <= x <= 25.0, 183.0 <= y <= 255.9, 0.0 <= z <= 3.0\n--- current_shape (\"front_lobe\")
[   0s] chat: Now assembling the full base with holes, and building a bend-flange helper.
[   0s] execute #4: from build123d import * import math  base = A + B + D + F # ---- base holes ---- def zcyl(
[   0s]   <- {"result":"Registered 'base': volume=6.777e+04 mm³, faces=31\nbbox: -72.0 <= x <= 72.0, 0.0 <= y <= 255.9, 0.0 <= z <= 3.0\nRegistered 'wallarc_L': volume=596.8
[   0s] chat: Base and wall arc work. Now building all flanges: walls, ears, clover tab, front tabs.
[   0s] execute #5: from build123d import *  # ---------- WALLS (left, then mirror) ---------- wall_top_z = fa
[   0s]   <- {"result":"Error: NameError: name 'wallarc_L' is not defined\n\n{\"failure_class\": \"unknown\", \"suggested_fix\": \"Review the full error message and tracebac
[   0s] execute #6: from build123d import *  # ---------- WALLS ---------- wall_top_z = face_z(half_w - body_h
[   0s]   <- {"result":"Registered 'wall_L': volume=2418 mm³, faces=10\nwall_L bbox: bbox: -78.0 <= x <= -72.0, 60.0 <= y <= 163.0, -3.1554436208840472e-30 <= z <= 12.032522
[   0s] execute #7: from build123d import *  # ---------- EARS (left) ---------- ear_arc_L = bend_arc_x(-ear_b
[   0s]   <- {"result":"ear face bbox: bbox: 0.0 <= x <= 3.0, 0.0 <= y <= 58.500000000000014, 5.999999999999993 <= z <= 33.932522656088366\n--- current_shape ---\nvolume: 34
[   0s] execute #8: from build123d import *  # position ear face: plate x from -(ear_bend_x+R_out) to -(ear_be
[   0s]   <- {"result":"Registered 'ear_L': volume=3331 mm³, faces=12\near_L bbox: bbox: -39.5 <= x <= -33.5, 0.0 <= y <= 60.0, 0.0 <= z <= 33.932522656088366\ntab arc bbox:
[   0s] execute #9: from build123d import *  tab_top_z = face_z(tab_bend_y - tab_top_y)      # 46.73 clover_z 
[   0s]   <- {"result":"Registered 'tab': volume=4160 mm³, faces=12\ntab bbox: bbox: -17.5 <= x <= 17.5, 55.0 <= y <= 61.0, 0.0 <= z <= 46.73252265608836\nRegistered 'ftab_L
[   0s] execute #10: from build123d import * part = base + wall_L + wall_R + ear_L + ear_R + tab + ftab_L + fta
[   0s]   <- {"result":"Error: KeyError: 'bounding_box'\n\n{\"failure_class\": \"unknown\", \"suggested_fix\": \"Review the full error message and traceback for clues; call 
[   0s] execute #11: m = measure(part) print({k: m[k] for k in m if k not in ('face_inventory',)}) print('n_sol
[   0s]   <- {"result":"measure: volume=86292.4342, area=66551.2789, faces=88\n{'volume': 86292.4342, 'area': 66551.2789, 'topology': {'faces': 88, 'edges': 247, 'vertices':
[   0s] chat: One watertight solid. Checkpoint: validate, export, snapshot.
[   0s] >> validate(part)
[   0s]   <- {"result":"Validity gate: FAIL — 1 open edge(s) — not watertight (open shell or unsewn faces) — the build123d://skill/repair resource has the defect-class repai
[   0s] . locate_gate_defects
[   0s]   <- {"result":"No validity defects located — the part passes the structural checks.\n{\"count\": 0, \"defects\": [], \"diagnosis\": {\"status\": \"no_located_defect
[   0s] execute #12: part2 = part.fix() show(part2, "part2") print(len(part2.solids()), part2.volume)
[   0s]   <- {"result":"Registered 'part2': volume=8.629e+04 mm³, faces=88\n1 86292.43420728912\n\nSession objects: front_lobe (Part, 8 faces), base (Part, 31 faces), wallar
[   0s] >> validate(part2)
[   0s]   <- {"result":"Validity gate: FAIL — 1 open edge(s) — not watertight (open shell or unsewn faces) — the build123d://skill/repair resource has the defect-class repai
[   0s] chat: First repair attempt didn't clear it — reading the repair skill as instructed.
[   0s] . ReadMcpResourceTool
[   0s]   <- {"contents":[{"uri":"build123d://skill/repair","mimeType":"text/plain","text":"# Repair Invalid Geometry with build123d (b123d-repair)\n\nUse this skill when `v
[   0s] execute #13: from build123d import * OV = 2.0  # overlap into base  def bend_arc_x2(s0_x, sign, y0, y1)
[   0s]   <- {"result":"Registered 'partB': volume=8.629e+04 mm³, faces=88\nsolids: 1 vol: 86292.43420728913\n--- current_shape (\"partB\") ---\nvolume: 8.629e+04 mm³  |  bb
[   0s] >> validate(partB)
[   0s]   <- {"result":"Validity gate: PASS\n{\n  \"passes_gate\": true,\n  \"n_solids\": 1,\n  \"volume\": 86292.4342,\n  \"watertight_manifold\": true,\n  \"open_edges\": 
[   0s] chat: PASS. Exporting checkpoint and snapshotting.
[   0s] >> export(partB)
[   0s] . save_snapshot
[   0s]   <- {"result":"Exported to /tmp/cgb_fixture.cXA5dM/output.step\nvolume 8.629e+04 mm³, bbox 156×255.9×46.73 mm, 88 faces"}
[   0s]   <- {"result":"Snapshot 'v1_valid' saved. Geometry captured: current_shape, front_lobe, base, wallarc_L, wall_L, ear_L, tab, ftab_L, part, part2, partB."}
[   0s] chat: Valid checkpoint on disk. Now the dominant-form check: render an iso view matching the drawing's viewpoint.
[   0s] . render_view
[   0s]   <- [SEND: /tmp/cgb_fixture.cXA5dM/render_iso.png] Rendered via 3d pipeline.
[   0s] chat: Structurally sound. Let me render from the drawing's exact viewpoint for comparison.
[   0s] . render_view
[   0s]   <- [SEND: /tmp/cgb_fixture.cXA5dM/render_iso2.png] Rendered via 3d pipeline.
[   0s] . find_holes
[   0s]   <- {"result":"{\"count\": 12, \"holes\": [{\"axis\": [0.0, 0.0, -1.0], \"location\": [0.0, 242.0, 3.0], \"diameter\": 12.0, \"depth\": 3.0, \"bottom\": \"through\"
[   0s] chat: All 12+ features verified present at correct positions. One suspect remains: the teardrop's bottom extent. Let me scan its tail rows.
[   0s] . Bash
[   0s]   <- 252.4 [np.float64(-34.17), np.float64(-25.2), np.float64(-21.12), np.float64(-14.19), np.float64(-3.59), np.float64(0.08), np.float64(3.34)] 256.4 [np.float64(-
[   0s] execute #14: from build123d import * # fillet: front tab plate top corners (R6) and clover tab top corn
[   0s]   <- {"result":"front tab corner edges: 4\nclover tab corner edges: 2\nRegistered 'partC': volume=8.619e+04 mm³, faces=94\nvol: 86188.13771470034 solids: 1\n--- curr
[   0s] execute #15: from build123d import * # body back outer corners R8.4, front outer corners R2 (vertical z
[   0s]   <- {"result":"Error: IndexError: list index out of range\n\n{\"failure_class\": \"unknown\", \"suggested_fix\": \"Review the full error message and traceback for c
[   0s] execute #16: tol=0.6 ez = partC.edges().filter_by(Axis.Z) e1 = [e for e in ez if abs(abs(e.center().X) 
[   0s]   <- {"result":"0 2\n[(-17.5, 60.0, 1.5), (20.5, 60.0, 1.5), (17.5, 60.0, 1.5), (-20.5, 60.0, 1.5), (78.0, 60.0, 9.0), (75.0, 60.0, 9.0), (-75.0, 60.0, 9.0), (-78.0,
[   0s] execute #17: partD = fillet(e2, radius=2.0) show(partD, "partD") print('vol:', partD.volume, 'solids:',
[   0s]   <- {"result":"Registered 'partD': volume=8.618e+04 mm³, faces=96\nvol: 86182.98727062184 solids: 1\n--- current_shape (\"partD\") ---\nvolume: 8.618e+04 (-5.15, -0
[   0s] >> validate(partD)
[   0s]   <- {"result":"Validity gate: PASS\n{\n  \"passes_gate\": true,\n  \"n_solids\": 1,\n  \"volume\": 86182.9873,\n  \"watertight_manifold\": true,\n  \"open_edges\": 
[   0s] >> export(partD)
[   0s] . save_snapshot
[   0s]   <- {"result":"Exported to /tmp/cgb_fixture.cXA5dM/output.step\nvolume 8.618e+04 mm³, bbox 156×255.9×46.73 mm, 96 faces"}
[   0s]   <- {"result":"Snapshot 'v2_filleted' saved. Geometry captured: current_shape, front_lobe, base, wallarc_L, wall_L, ear_L, tab, ftab_L, part, part2, partB, partC, p
[   0s] chat: v2 exported. Final fidelity comparison from the drawing's viewpoint.
[   0s] . render_view
[   0s]   <- [SEND: /tmp/cgb_fixture.cXA5dM/render_iso3.png] Rendered via 3d pipeline.
[   0s] . cross_sections
[   0s]   <- {"result":"[\n  {\n    \"position\": 0.4673,\n    \"area\": 27962.125\n  },\n  {\n    \"position\": 7.0099,\n    \"area\": 1248.8848\n  },\n  {\n    \"position\
[   0s] chat: The build is complete. The exported STEP passes the validity gate and every printed dimension is reproduced.

## Summary

**The part**: a folded 3-mm sheet-metal bracket (folded envelope 156 × 255.9 ×
[   0s] RESULT (3020s): The build is complete. The exported STEP passes the validity gate and every printed dimension is reproduced.

## Summary

**The part**: a folded 3-mm sheet-meta
