[   0s] chat: Not logged in · Please run /login
[   0s] RESULT (0s): Not logged in · Please run /login
[   0s] chat: I'll start by reading the drawing and the build123d quickref.
[   0s] . Read
[   0s] . ReadMcpResourceTool
[   0s]   <- {"contents":[{"uri":"build123d://quickref","mimeType":"text/plain","text":"Examples below were tested against build123d 0.11.1, the version installed in this en
[   0s]   <- 
[   0s] chat: This is a complex sheet-metal bracket. I need to read the dimensions carefully, so I'll crop several regions of the drawing at high resolution.
[   0s] . Bash
[   0s]   <- (3072, 2118) done
[   0s] . Read
[   0s]   <- 
[   0s] . Read
[   0s]   <- 
[   0s] chat: Now let me examine the flat pattern and the big ordinate-dimension view.
[   0s] . Read
[   0s]   <- 
[   0s] . Read
[   0s]   <- 
[   0s] chat: The dimension structure is complex. Let me zoom further into the flat-pattern views to locate every hole and bend line precisely.
[   0s] . Bash
[   0s]   <- ok
[   0s] . Read
[   0s]   <- 
[   0s] . Read
[   0s]   <- 
[   0s] . Bash
[   0s]   <- ok
[   0s] . Read
[   0s]   <- 
[   0s] . Read
[   0s]   <- 
[   0s] . Read
[   0s]   <- 
[   0s] . Bash
[   0s]   <- ok
[   0s] . Read
[   0s]   <- 
[   0s] . Read
[   0s]   <- 
[   0s] . Bash
[   0s]   <- ok
[   0s] . Read
[   0s]   <- 
[   0s] . Bash
[   0s]   <- ok
[   0s] . Read
[   0s]   <- 
[   0s] execute #1: from build123d import *  # ---------------- dimension table (mm) ---------------- t = 2.0 
[   0s]   <- {"result":"Registered 'dummy': volume=1 mm³, faces=6\nparams ok\n--- current_shape (\"dummy\") ---\nvolume: 1 mm³  |  bbox: 1×1×1 mm  |  6f 12e 8v\n# vars: CM=1
[   0s] execute #2: from build123d import *  # ---- wall with holes ---- wall = Box(wall_w, t, wall_h, align=(
[   0s]   <- {"result":"Registered 'part': volume=1.969e+04 mm³, faces=26\n19688.858439902306\n--- current_shape (\"part\") ---\nvolume: 1.969e+04 (+1.97e+04, +1968785.8%) m
[   0s] execute #3: from build123d import *  # ---- square cutouts (R3 rounded) through front base ---- def rs
[   0s]   <- {"result":"Registered 'part': volume=2.217e+04 mm³, faces=74\n22172.096080714018 2\n--- current_shape (\"part\") ---\nvolume: 2.217e+04 (+2.48e+03, +12.6%) mm³ 
[   0s] chat: Two disjoint solids — one flange didn't fuse. Let me inspect.
[   0s] execute #4: for i, s in enumerate(part.solids()):     bb = s.bounding_box()     print(i, round(s.volum
[   0s]   <- {"result":"0 19289.8 [-18.0, 90.0, 2.0, 115.3, -5.25, 2.95]\n1 2882.3 [0.0, 72.0, -0.0, 2.0, 0.0, 22.7]\n--- current_shape ---\nvolume: 2882 (-1.93e+04, -87.0%)
[   0s] chat: The wall only touches the base along an edge. I'll add a corner strip to properly fuse them (it also approximates the bend).
[   0s] execute #5: corner = Box(wall_w, 3.0, t+1.0, align=(Align.MIN, Align.MIN, Align.MIN)).move(Location((0
[   0s]   <- {"result":"Registered 'part': volume=2.253e+04 mm³, faces=72\n22532.09608044331 1\n--- current_shape (\"part\") ---\nvolume: 2.253e+04 (+1.96e+04, +681.8%) mm³ 
[   0s] chat: Adding down-tabs and the two hood straps with their base openings.
[   0s] execute #6: from build123d import * # ---- 3 down-bent tabs at front edge ---- for (x0, x1) in dtabs: 
[   0s]   <- {"result":"Registered 'part': volume=2.333e+04 mm³, faces=103\n23327.833247931514 1\n--- current_shape (\"part\") ---\nvolume: 2.333e+04 (+796, +3.5%) mm³  |  b
[   0s] >> validate(part)
[   0s]   <- {"result":"Validity gate: FAIL — 2 open edge(s) — not watertight (open shell or unsewn faces) — the build123d://skill/repair resource has the defect-class repai
[   0s] . locate_gate_defects
[   0s]   <- {"result":"No validity defects located — the part passes the structural checks.\n{\"count\": 0, \"defects\": [], \"diagnosis\": {\"status\": \"no_located_defect
[   0s] execute #7: p2 = part.clean() show(p2, "part") print(len(p2.solids()), p2.volume)
[   0s]   <- {"result":"Registered 'part': volume=2.333e+04 mm³, faces=103\n1 23327.833247931514\n\nSession objects: dummy (Box, 6 faces), part (Part, 103 faces)"}
[   0s] >> validate(part)
[   0s]   <- {"result":"Validity gate: FAIL — 2 open edge(s) — not watertight (open shell or unsewn faces) — the build123d://skill/repair resource has the defect-class repai
[   0s] . ReadMcpResourceTool
[   0s]   <- {"contents":[{"uri":"build123d://skill/repair","mimeType":"text/plain","text":"# Repair Invalid Geometry with build123d (b123d-repair)\n\nUse this skill when `v
[   0s] execute #8: from build123d import * # ---- full rebuild with overlap fixes ---- wall = Box(wall_w, t, 
[   0s]   <- {"result":"Registered 'part': volume=2.342e+04 mm³, faces=103\n23421.43324793096 1\n--- current_shape (\"part\") ---\nvolume: 2.342e+04 (+93.6, +0.4%) mm³  |  b
[   0s] >> validate(part)
[   0s]   <- {"result":"Validity gate: FAIL — 2 open edge(s) — not watertight (open shell or unsewn faces) — the build123d://skill/repair resource has the defect-class repai
[   0s] chat: Let me find exactly where the two open edges are.
[   0s] execute #9: from OCP.TopExp import TopExp from OCP.TopAbs import TopAbs_EDGE, TopAbs_FACE from OCP.Top
[   0s]   <- {"result":"[(0.5, 63.35, -5.25, 53.9), (71.5, 63.35, -5.25, 53.9)]\n--- current_shape ---\nvolume: 0 (-2.34e+04, -100.0%) mm³  |  bbox: 0.08071×53.98×0.08071 mm
[   0s] execute #10: from build123d import *  def flange_assembly(mirror_right=False):     with BuildPart() as 
[   0s]   <- {"result":"Registered 'part': volume=2.349e+04 mm³, faces=105\n23491.584914601815 1\n--- current_shape (\"part\") ---\nvolume: 2.349e+04 (+2.35e+04) mm³  |  bbo
[   0s] >> validate(part)
[   0s]   <- {"result":"Validity gate: PASS\n{\n  \"passes_gate\": true,\n  \"n_solids\": 1,\n  \"volume\": 23491.5849,\n  \"watertight_manifold\": true,\n  \"open_edges\": 
[   0s] chat: PASS. Checkpointing immediately — export and snapshot.
[   0s] >> export(part)
[   0s] . save_snapshot
[   0s]   <- {"result":"Exported to /tmp/cgb_fixture.RMWb1Y/output.step\nvolume 2.349e+04 mm³, bbox 108×115.3×33.1 mm, 105 faces"}
[   0s]   <- {"result":"Snapshot 'valid_v1' saved. Geometry captured: current_shape, dummy, part."}
[   0s] chat: Valid checkpoint on disk. Now the form-correction gate — rendering to compare against the drawing.
[   0s] . render_view
[   0s]   <- [SEND: /tmp/cgb_fixture.RMWb1Y/r_iso.png] Rendered via 3d pipeline.
[   0s] execute #11: hs = find_holes(part) print(len(hs)) for h in hs:     print(round(h.diameter,2), [round(v,
[   0s]   <- {"result":"find_holes: 12 hole(s)\n12\n5.5 [-11.5, 84.9, 3.0] through\n5.5 [83.5, 84.9, 3.0] through\n2.4 [64.5, 2.0, 18.7] through\n10.0 [57.5, 2.0, 11.7] thro
[   0s] execute #12: from build123d import * try:     p = part     # round wall top corners (R3): vertical edge
[   0s]   <- {"result":"wall corner edges: 2\ncap edges: 4\nRegistered 'part_f': volume=2.345e+04 mm³, faces=111\nok 23447.7031310377 1\n--- current_shape (\"part_f\") ---\n
[   0s] >> validate(part_f)
[   0s]   <- {"result":"Validity gate: PASS\n{\n  \"passes_gate\": true,\n  \"n_solids\": 1,\n  \"volume\": 23447.7031,\n  \"watertight_manifold\": true,\n  \"open_edges\": 
[   0s] chat: Filleted version passes. Final accuracy audit, then export.
[   0s] execute #13: m = measure(part_f) bb = m['bbox'] print('bbox', bb) cs = cross_sections(part_f, axis='Z',
[   0s]   <- {"result":"Error: NameError: name 'part_f' is not defined\n\n{\"failure_class\": \"unknown\", \"suggested_fix\": \"Review the full error message and traceback f
[   0s] execute #14: pf = session.objects['part_f'] if hasattr(globals().get('session',None),'objects') else p 
[   0s]   <- {"result":"measure: volume=23447.7031, area=25933.7931, faces=111\nbbox {'xmin': -18.0, 'xmax': 90.0, 'ymin': -0.0, 'ymax': 115.3, 'zmin': -10.4, 'zmax': 22.7, 
[   0s] chat: Through-thickness profile matches the stepped sheet construction. Exporting the final filleted part.
[   0s] >> export(part_f)
[   0s] . save_snapshot
[   0s]   <- {"result":"Exported to /tmp/cgb_fixture.RMWb1Y/output.step\nvolume 2.345e+04 mm³, bbox 108×115.3×33.1 mm, 111 faces"}
[   0s]   <- {"result":"Snapshot 'final_v2' saved. Geometry captured: current_shape, dummy, part, part_f."}
[   0s] chat: Done. The part is exported to `/tmp/cgb_fixture.RMWb1Y/output.step` — a single watertight solid (validity gate PASS at export, volume 23,448 mm³, bbox 108 × 115.3 × 33.1 mm).

**What the drawing shows
[   0s] RESULT (1505s): Done. The part is exported to `/tmp/cgb_fixture.RMWb1Y/output.step` — a single watertight solid (validity gate PASS at export, volume 23,448 mm³, bbox 108 × 115
