[   0s] chat: Not logged in · Please run /login
[   0s] RESULT (0s): Not logged in · Please run /login
[   0s] chat: I'll start by reading the drawing and the build123d quickref.
[   0s] . Read
[   0s] . ReadMcpResourceTool
[   0s]   <- {"contents":[{"uri":"build123d://quickref","mimeType":"text/plain","text":"Examples below were tested against build123d 0.11.1, the version installed in this en
[   0s]   <- 
[   0s] . Bash
[   0s]   <- (3072, 2118) crop_flat (2600, 2414) crop_iso (1944, 1400) crop_top (1500, 660) crop_left (1800, 1400) crop_right (1600, 1500) crop_bottom (1600, 1200)
[   0s] . Read
[   0s] . Read
[   0s]   <- 
[   0s]   <- 
[   0s] . Read
[   0s]   <- 
[   0s] . Read
[   0s]   <- 
[   0s] . Bash
[   0s]   <- (2000, 1354)
[   0s] . Read
[   0s]   <- 
[   0s] chat: This is a complex 16-bend sheet-metal clip. I need to decode the flat pattern precisely. Let me zoom into specific regions to read bend-line positions and edge dimensions.
[   0s] . Bash
[   0s]   <- z_topdims (2400, 1023) z_leftstrips (2400, 1333) z_center (2400, 2618) z_right (2400, 2880)
[   0s] . Read
[   0s]   <- 
[   0s] . Read
[   0s]   <- 
[   0s] . Bash
[   0s]   <- z_farleft (2200, 2655) z_slotends (2200, 2369)
[   0s] . Read
[   0s]   <- 
[   0s] . Bash
[   0s]   <- (1400, 2333)
[   0s] . Read
[   0s]   <- 
[   0s] . Bash
[   0s]   <- (999, 2413)
[   0s] . Read
[   0s]   <- 
[   0s] execute #1: from build123d import * import math  # ---- parameters (mm) ---- t = 2.0                 #
[   0s]   <- {"result":"Registered 'test_prong': volume=2165 mm³, faces=18\nbbox: -0.5424836381603022 <= x <= 13.18761101961531, -12.0 <= y <= 12.0, -10.55853476311032 <= z 
[   0s] execute #2: from build123d import * import math  # ---- appendage bend tables (s from root, R, signed 
[   0s]   <- {"result":"Registered 'clip': volume=2.808e+04 mm³, faces=71\nbbox: -25.565772580693302 <= x <= 91.95840734641021, 31.126990816987238 <= y <= 155.8, -2.0 <= z <
[   0s] chat: One fused solid (71 faces, 28,080 mm³). Now the cuts: wall obround slot + hole, Z-tab hole, NE corner chamfer.
[   0s] execute #3: from build123d import *  # wall features (wall at x ~ 87.6..89.6, drill along X) slot_yc, 
[   0s]   <- {"result":"Registered 'clip2': volume=2.79e+04 mm³, faces=77\nbbox: -25.565772580693302 <= x <= 91.95840744641019, 31.126990816987238 <= y <= 155.8, -2.0 <= z <
[   0s] >> validate(clip2)
[   0s]   <- {"result":"Validity gate: PASS\n{\n  \"passes_gate\": true,\n  \"n_solids\": 1,\n  \"volume\": 27902.3214,\n  \"watertight_manifold\": true,\n  \"open_edges\": 
[   0s] >> export(clip2)
[   0s] . save_snapshot
[   0s]   <- {"result":"Exported to /tmp/cgb_fixture.TiEBW5/output.step\nvolume 2.79e+04 mm³, bbox 117.5×124.7×21.26 mm, 77 faces"}
[   0s]   <- {"result":"Snapshot 'checkpoint1' saved. Geometry captured: current_shape, test_prong, clip, clip2."}
[   0s] chat: Valid checkpoint exported. Now the form-correction gate — render and compare against the drawing's isometric.
[   0s] . render_view
[   0s]   <- [SEND: /tmp/build123d_nawhbqpv.png] Rendered via 3d pipeline.
[   0s] execute #4: from build123d import * # U-notch between prongs: x 49.6..62.6 (13 wide), from south edge 
[   0s]   <- {"result":"Registered 'clip3': volume=2.73e+04 mm³, faces=83\nbbox: -25.565772580693302 <= x <= 91.95840744641019, 31.126990816987238 <= y <= 155.8, -2.0 <= z <
[   0s] >> validate(clip3)
[   0s]   <- {"result":"Validity gate: PASS\n{\n  \"passes_gate\": true,\n  \"n_solids\": 1,\n  \"volume\": 27299.8559,\n  \"watertight_manifold\": true,\n  \"open_edges\": 
[   0s] >> export(clip3)
[   0s] . save_snapshot
[   0s]   <- {"result":"Exported to /tmp/cgb_fixture.TiEBW5/output.step\nvolume 2.73e+04 mm³, bbox 117.5×124.7×21.26 mm, 83 faces"}
[   0s]   <- {"result":"Snapshot 'checkpoint2' saved. Geometry captured: current_shape, test_prong, clip, clip2, clip3."}
[   0s] chat: Final verification — render the formed part and confirm the hole inventory.
[   0s] . render_view
[   0s] . find_holes
[   0s]   <- [SEND: /tmp/build123d_rgyws9ps.png] Rendered via 3d pipeline.
[   0s]   <- {"result":"{\"count\": 2, \"holes\": [{\"axis\": [0.0, 0.0, -1.0], \"location\": [11.1, 40.0, 0.0], \"diameter\": 4.8, \"depth\": 2.0, \"bottom\": \"through\", 
[   0s] chat: The reproduction is complete and exported. Final state verified: a single valid, watertight solid at `/tmp/cgb_fixture.TiEBW5/output.step` (27,300 mm³, 83 faces, envelope 117.5 × 124.7 × 21.3 mm).

**
[   0s] RESULT (914s): The reproduction is complete and exported. Final state verified: a single valid, watertight solid at `/tmp/cgb_fixture.TiEBW5/output.step` (27,300 mm³, 83 faces
