[   0s] chat: Not logged in · Please run /login
[   0s] RESULT (0s): Not logged in · Please run /login
[   0s] chat: You've hit your session limit · resets 11pm (UTC)
[   0s] RESULT (0s): You've hit your session limit · resets 11pm (UTC)
[   0s] chat: I'll start by reading the drawing and the build123d quickref.
[   0s] . Read
[   0s] . ReadMcpResourceTool
[   0s]   <- {"contents":[{"uri":"build123d://quickref","mimeType":"text/plain","text":"Examples below were tested against build123d 0.11.1, the version installed in this en
[   0s]   <- 
[   0s] . Bash
[   0s]   <- (3072, 2118) done
[   0s] . Read
[   0s]   <- 
[   0s] . Read
[   0s]   <- 
[   0s] . Read
[   0s]   <- 
[   0s] . Read
[   0s]   <- 
[   0s] . Bash
[   0s]   <- done
[   0s] . Read
[   0s]   <- 
[   0s] . Read
[   0s]   <- 
[   0s] chat: Good progress. Now let me read the remaining detail crops.
[   0s] . Read
[   0s]   <- 
[   0s] . Read
[   0s]   <- 
[   0s] . Bash
[   0s]   <- done
[   0s] . Read
[   0s]   <- 
[   0s] . Read
[   0s]   <- 
[   0s] chat: The arm's 3D orientation is the remaining puzzle. Let me inspect the eye region in both views at high zoom to determine the hole axis direction.
[   0s] . Bash
[   0s]   <- done
[   0s] . Read
[   0s]   <- 
[   0s] . Read
[   0s]   <- 
[   0s] . Read
[   0s] . Read
[   0s]   <- 
[   0s]   <- 
[   0s] . Read
[   0s]   <- 
[   0s] . Read
[   0s]   <- 
[   0s] . Bash
[   0s]   <- H y=1575 x[380:1500]: [(19, 2), (52, 1), (122, 1), (158, 3), (163, 1), (267, 2), (283, 7), (335, 7), (350, 4), (354, 2), (377, 1), (405, 2), (413, 3), (468, 3),
[   0s] . Bash
[   0s]   <- 1790 [(400, 2), (786, 2), (910, 4), (1115, 3), (1224, 2)] 1800 [(400, 2), (786, 2), (936, 5), (1088, 4), (1224, 2)] 1810 [(400, 2), (786, 2), (985, 13), (1040, 
[   0s] . Bash
[   0s]   <- Lhole-col x=400: [(1520, 300), (1738, 124)] Thole-col x=786: [(1308, 2), (1342, 34), (1370, 10), (1590, 420)] Rhole-col x=1224: [(1412, 2), (1595, 7), (1603, 5)
[   0s] . Bash
[   0s]   <- L+25 x=425: [(1480, 2), (1602, 8), (1608, 3), (1612, 1), (1656, 10), (1664, 2), (1674, 8), (1718, 1), (1722, 2)] L+45 x=445: [(1480, 2), (1547, 3), (1610, 2), (
[   0s] chat: Y=0 at y=1665, T=(110,84) confirmed. Now the pocket walls and rib edges.
[   0s] . Bash
[   0s]   <- row-Y70 y=1420 Y=69.9: [(665, 75.6, 3), (714, 89.6, 1), (724, 92.3, 2), (786, 110.0, 2), (796, 112.8, 2), (806, 115.8, 1), (848, 127.8, 3), (857, 130.3, 1), (92
[   0s] chat: The plan structure is now locked (pockets A/B/C, ribs, edges, bosses). One final verification: precise scans of the left side-view to anchor the arm's Y-position and the leg drop height.
[   0s] . Bash
[   0s]   <- plate-mid y=770: [(450, 3), (565, 1), (572, 2), (773, 1), (801, 1), (842, 2)] foot-mid y=1090: [(450, 3), (455, 3), (488, 1), (524, 1), (558, 2), (561, 1), (566
[   0s] execute #1: from build123d import * import math  # ================= DIMENSION TABLE (mm, from drawing
[   0s]   <- {"result":"Registered 'plate': volume=2.187e+05 mm³, faces=25\n218728.9519954269 25\n--- current_shape (\"plate\") ---\nvolume: 2.187e+05 mm³  |  bbox: 270×119×
[   0s] execute #2: from build123d import *  def pocket_sketch_face(pts, rads, trim_center=None, trim_r=None):
[   0s]   <- {"result":"Registered 'plate2': volume=1.861e+05 mm³, faces=62\n186110.4662218433 62 bbox: -17.5 <= x <= 252.5, -17.5 <= y <= 101.5, 0.0 <= z <= 12.0\n--- curre
[   0s] chat: Pockets and holes cut. Now the leg, foot (dropped lobe), and the R15 junction fillet.
[   0s] execute #3: from build123d import *  with BuildPart() as p3:     add(part)     # leg: strap 31 x 8, fr
[   0s]   <- {"result":"Registered 'with_leg': volume=2.3e+05 mm³, faces=73\n229954.32753166143 1 bbox: -17.5 <= x <= 252.75, -17.75 <= y <= 101.5, -97.3 <= z <= 12.0\n--- c
[   0s] execute #4: from build123d import * import math  with BuildPart() as p4:     add(part3)     # R15 fill
[   0s]   <- {"result":"Error: ValueError: Failed creating a fillet with radius of 15.0, try a smaller value or use max_fillet() to find the largest valid fillet radius\n\n{
[   0s] chat: The R15 fillet fails because the bottom pocket floor interrupts the plate underside there. I'll build the fillet as an explicit wedge solid instead, then add the arm.
[   0s] execute #5: from build123d import *  # manual R15 fillet wedge at leg/plate junction (concave, on leg'
[   0s]   <- {"result":"Registered 'with_arm': volume=2.552e+05 mm³, faces=86\n255167.4124545008 1 bbox: -17.5 <= x <= 252.75, -20.136410704624087 <= y <= 101.5, -97.3 <= z 
[   0s] execute #6: from build123d import *  # eye hole O11 along blade normal E3 = Vector(arm_foot[0] + u[0]*
[   0s]   <- {"result":"Registered 'bracket': volume=2.544e+05 mm³, faces=87\n254411.50470060765 1 87\n--- current_shape (\"bracket\") ---\nvolume: 2.544e+05 (-756, -0.3%) m
[   0s] >> validate()
[   0s]   <- {"result":"Validity gate: FAIL — 2 mesh non-manifold edge(s) — faces meet >2-ways (self-touch / coincident faces); a CAD scorer rejects this even though it look
[   0s] execute #7: from build123d import *  # rebuild from plate2 (pockets+holes), cleaner leg/foot/arm with 
[   0s]   <- {"result":"plate2 vol 0\n\nSession objects: plate (Part, 25 faces), plate2 (Part, 62 faces), with_leg (Part, 73 faces), with_arm (Part, 86 faces), bracket (Part
[   0s] execute #8: from build123d import * plate2 = session_obj = None # fetch the registered 'plate2' object
[   0s]   <- {"result":"OK\n\nSession objects: plate (Part, 25 faces), plate2 (Part, 62 faces), with_leg (Part, 73 faces), with_arm (Part, 86 faces), bracket (Part, 87 faces
[   0s] execute #9: from build123d import *  base = p2.part  # plate with pockets + holes (validated construct
[   0s]   <- {"result":"base vol 186110.4662218433\nfoot solids 1\narm solids 1 25224.91261031832\nRegistered 'bracket2': volume=2.55e+05 mm³, faces=92\n254976.6104366552 1\
[   0s] >> validate(bracket2)
[   0s]   <- {"result":"Validity gate: FAIL — 2 mesh non-manifold edge(s) — faces meet >2-ways (self-touch / coincident faces); a CAD scorer rejects this even though it look
[   0s] chat: Same defect signature — so it's in the base plate itself. Let me locate the exact defects.
[   0s] . locate_gate_defects
[   0s]   <- {"result":"No validity defects located — the part passes the structural checks.\n{\"count\": 0, \"defects\": [], \"diagnosis\": {\"status\": \"no_located_defect
[   0s] . locate_gate_defects
[   0s]   <- {"result":"No validity defects located — the part passes the structural checks.\n{\"count\": 0, \"defects\": [], \"diagnosis\": {\"status\": \"no_located_defect
[   0s] chat: The locator finds nothing while validate() fails on mesh checks — inconsistent signals. Reading the repair skill before proceeding.
[   0s] . ReadMcpResourceTool
[   0s]   <- {"contents":[{"uri":"build123d://skill/repair","mimeType":"text/plain","text":"# Repair Invalid Geometry with build123d (b123d-repair)\n\nUse this skill when `v
[   0s] execute #10: from build123d import *  # --- fixed top-left edge: secant 0.3mm inboard of tangent --- tl
[   0s]   <- {"result":"base2 185667.01651572064 1\nfoot2 21499.103933892566 1\nRegistered 'bracket3': volume=2.541e+05 mm³, faces=92\n254069.42625108952 1\n--- current_shap
[   0s] >> validate(bracket3)
[   0s]   <- {"result":"Validity gate: FAIL — 2 mesh non-manifold edge(s) — faces meet >2-ways (self-touch / coincident faces); a CAD scorer rejects this even though it look
[   0s] chat: Persistent identical counts — let me bisect by validating each component separately.
[   0s] execute #11: show(base2, "base2_solo") print(validate())
[   0s]   <- {"result":"Error: NameError: name 'validate' is not defined\n\n{\"failure_class\": \"unknown\", \"suggested_fix\": \"Review the full error message and traceback
[   0s] >> validate(base2_solo)
[   0s]   <- {"result":"Validity gate: FAIL — B-rep is not well-formed (BRepCheck failed); 2 mesh non-manifold edge(s) — faces meet >2-ways (self-touch / coincident faces); 
[   0s] execute #12: from build123d import *  # polygon with all junction vertices strictly INSIDE boss circles
[   0s]   <- {"result":"Registered 'base3': volume=1.848e+05 mm³, faces=51\nbase3 184792.83039465852 1\n--- current_shape (\"base3\") ---\nvolume: 1.848e+05 (-874, -0.5%) mm
[   0s] >> validate(base3)
[   0s]   <- {"result":"Validity gate: FAIL — 2 mesh non-manifold edge(s) — faces meet >2-ways (self-touch / coincident faces); a CAD scorer rejects this even though it look
[   0s] execute #13: from build123d import * # stage 1: web + bosses only with BuildPart() as s1:     with Buil
[   0s]   <- {"result":"Registered 'stage1': volume=2.177e+05 mm³, faces=14\ns1 217681.3257746753\n--- current_shape (\"stage1\") ---\nvolume: 2.177e+05 (+3.29e+04, +17.8%) 
[   0s] >> validate(stage1)
[   0s]   <- {"result":"Validity gate: FAIL — 2 mesh non-manifold edge(s) — faces meet >2-ways (self-touch / coincident faces); a CAD scorer rejects this even though it look
[   0s] chat: Stage 1 already fails — it's the web/boss same-surface band. Fix: web discs slightly smaller (r17.2) fully swallowed by full-height r17.5 bosses.
[   0s] execute #14: from build123d import * with BuildPart() as s2:     with BuildSketch():         with Build
[   0s]   <- {"result":"Registered 'stage2': volume=2.17e+05 mm³, faces=11\ns2 216996.67432278732 11\n--- current_shape (\"stage2\") ---\nvolume: 2.17e+05 (-685, -0.3%) mm³ 
[   0s] >> validate(stage2)
[   0s]   <- {"result":"Validity gate: PASS\n{\n  \"passes_gate\": true,\n  \"n_solids\": 1,\n  \"volume\": 216996.6743,\n  \"watertight_manifold\": true,\n  \"open_edges\":
[   0s] execute #15: from build123d import *  with BuildPart() as pfin:     # web + undersized discs, full-heig
[   0s]   <- {"result":"baseF 184560.554711045 1\nRegistered 'final': volume=2.526e+05 mm³, faces=73\nfinal 252571.95906154552 1 bbox: -17.5 <= x <= 252.75, -20.136410704624
[   0s] >> validate(final)
[   0s]   <- {"result":"Validity gate: PASS\n{\n  \"passes_gate\": true,\n  \"n_solids\": 1,\n  \"volume\": 252571.9591,\n  \"watertight_manifold\": true,\n  \"open_edges\":
[   0s] chat: Full part PASSES. Checkpoint immediately: export + snapshot.
[   0s] >> export(final)
[   0s] . save_snapshot
[   0s]   <- {"result":"Exported to /tmp/cgb_fixture.Alm3tP/output.step\nvolume 2.526e+05 mm³, bbox 270.2×121.6×220.4 mm, 73 faces"}
[   0s]   <- {"result":"Snapshot 'valid_v1' saved. Geometry captured: current_shape, plate, plate2, with_leg, with_arm, bracket, bracket2, bracket3, base2_solo, base3, stage
[   0s] chat: Valid checkpoint on disk. Now the dominant-form check — render the primary views against the drawing.
[   0s] . render_view
[   0s]   <- [SEND: /tmp/cgb_fixture.Alm3tP/r_iso.png] Rendered via 3d pipeline.
[   0s] chat: Overall form matches the drawing's iso. Verify pocket layout and arm placement in top and front views.
[   0s] . render_view
[   0s] . render_view
[   0s]   <- [SEND: /tmp/cgb_fixture.Alm3tP/r_top.png] Rendered via 3d pipeline.
[   0s]   <- [SEND: /tmp/cgb_fixture.Alm3tP/r_front.png] Rendered via 3d pipeline.
[   0s] . Bash
[   0s]   <- 620 [(618, 4), (650, 4), (684, 1), (700, 2), (807, 3)] 640 [(590, 4), (622, 4), (684, 1), (700, 2), (807, 1)] 660 [(562, 4), (594, 4), (700, 2), (807, 1)] 680 [
[   0s] execute #16: from build123d import *  # --- revised arm: narrow incline strut (11 wide), 20-wide column
[   0s]   <- {"result":"arm2 17263.014628952515 1\nRegistered 'final2': volume=2.45e+05 mm³, faces=73\nfinal2 245029.15542544393 1\n--- current_shape (\"final2\") ---\nvolum
[   0s] >> validate(final2)
[   0s]   <- {"result":"Validity gate: PASS\n{\n  \"passes_gate\": true,\n  \"n_solids\": 1,\n  \"volume\": 245029.1554,\n  \"watertight_manifold\": true,\n  \"open_edges\":
[   0s] >> export(final2)
[   0s] . save_snapshot
[   0s]   <- {"result":"Exported to /tmp/cgb_fixture.Alm3tP/output.step\nvolume 2.45e+05 mm³, bbox 270.2×120.2×220.4 mm, 73 faces"}
[   0s]   <- {"result":"Snapshot 'valid_v2' saved. Geometry captured: current_shape, plate, plate2, with_leg, with_arm, bracket, bracket2, bracket3, base2_solo, base3, stage
[   0s] chat: v2 exported. Accuracy pass: verify the feature set and profiles.
[   0s] . find_holes
[   0s]   <- {"result":"{\"count\": 4, \"holes\": [{\"axis\": [0.0, 0.0, -1.0], \"location\": [0.0, 0.0, 12.0], \"diameter\": 15.5, \"depth\": 12.0, \"bottom\": \"through\",
[   0s] . render_view
[   0s]   <- [SEND: /tmp/cgb_fixture.Alm3tP/r_side.png] Rendered via 3d pipeline.
[   0s] execute #17: from build123d import *  pockB2 = [(73.9, 59.3), (92.25, 73.3), (92.25, 37.5)]   # 15.2 ed
[   0s]   <- {"result":"junction edges: 8 [(252.5, -0.0), (227.9, -16.0), (233.8, 17.5), (7.1, -16.0), (127.5, 83.0), (-6.0, 16.4), (95.7, 94.1), (127.5, 84.0)]\nR15 blend f
[   0s] chat: Fillet failed on the batch (it caught spurious edges). Fillet only the three true junction edges individually.
[   0s] execute #18: from build123d import * targets = [(7.1, -16.0), (227.9, -16.0), (233.8, 17.5)] g = baseG 
[   0s]   <- {"result":"baseG2 185252.53471456413 1\nRegistered 'final3': volume=2.457e+05 mm³, faces=74\nfinal3 245721.13542897764 1\n--- current_shape (\"final3\") ---\nvo
[   0s] >> validate(final3)
[   0s]   <- {"result":"Validity gate: PASS\n{\n  \"passes_gate\": true,\n  \"n_solids\": 1,\n  \"volume\": 245721.1354,\n  \"watertight_manifold\": true,\n  \"open_edges\":
[   0s] >> export(final3)
[   0s] . save_snapshot
[   0s]   <- {"result":"Exported to /tmp/cgb_fixture.Alm3tP/output.step\nvolume 2.457e+05 mm³, bbox 270.2×120.2×220.4 mm, 74 faces"}
[   0s]   <- {"result":"Snapshot 'valid_v3' saved. Geometry captured: current_shape, plate, plate2, with_leg, with_arm, bracket, bracket2, bracket3, base2_solo, base3, stage
[   0s] chat: v3 on disk. Final verification: through-thickness profile and updated top view.
[   0s] . cross_sections
[   0s]   <- {"result":"[\n  {\n    \"position\": -95.096,\n    \"area\": 2367.073\n  },\n  {\n    \"position\": -75.4604,\n    \"area\": 248.0\n  },\n  {\n    \"position\":
[   0s] . render_view
[   0s]   <- [SEND: /tmp/cgb_fixture.Alm3tP/r_top3.png] Rendered via 3d pipeline.
[   0s] execute #19: from build123d import * g = final3 # concave junction edges where the arm strut crosses th
[   0s]   <- {"result":"arm-base candidate edges: 10 [(178.9, 51.3, 120.9), (173.6, -16.0, 103.3), (125.6, -12.0, 10.9), (126.3, -5.2, 8.0), (118.8, -7.6, 13.6), (116.1, -14
[   0s] chat: The fillet attempt caught outline edges and failed — cosmetic only, so I'm stopping here. The exported v3 stands as the final model.

**Done.** `/tmp/cgb_fixture.Alm3tP/output.step` contains the finis
[   0s] RESULT (3113s): The fillet attempt caught outline edges and failed — cosmetic only, so I'm stopping here. The exported v3 stands as the final model.

**Done.** `/tmp/cgb_fixtur
