[   0s] chat: Not logged in · Please run /login
[   0s] RESULT (0s): Not logged in · Please run /login
[   0s] chat: You've hit your session limit · resets 11pm (UTC)
[   0s] RESULT (0s): You've hit your session limit · resets 11pm (UTC)
[   0s] chat: I'll start by reading the drawing and the build123d quickref.
[   0s] . Read
[   0s] . ReadMcpResourceTool
[   0s]   <- {"contents":[{"uri":"build123d://quickref","mimeType":"text/plain","text":"Examples below were tested against build123d 0.11.1, the version installed in this en
[   0s]   <- 
[   0s] . Bash
[   0s]   <- (3072, 2118) done
[   0s] . Read
[   0s]   <- 
[   0s] . Read
[   0s]   <- 
[   0s] . Read
[   0s] . Read
[   0s]   <- 
[   0s]   <- 
[   0s] . Bash
[   0s]   <- ok
[   0s] . Read
[   0s]   <- 
[   0s] . Read
[   0s]   <- 
[   0s] . Bash
[   0s]   <- ok
[   0s] . Read
[   0s]   <- 
[   0s] . Read
[   0s]   <- 
[   0s] . Bash
[   0s]   <- ok
[   0s] . Read
[   0s]   <- 
[   0s] . Read
[   0s]   <- 
[   0s] . Bash
[   0s]   <- ok
[   0s] . Read
[   0s]   <- 
[   0s] chat: The grid helps but my eyeball reads are inconsistent. Let me measure the actual bore extents with a quick pixel scan along the bore centerlines.
[   0s] . Bash
[   0s]   <- col x=602: [(375, 375), (391, 391), (403, 403), (448, 448), (524, 525), (605, 605), (731, 731), (753, 753), (806, 806), (851, 851), (862, 862), (880, 880), (889
[   0s] . Read
[   0s]   <- 
[   0s] . Bash
[   0s]   <- col x=600: [1308, 1339, 1373, (1448, 1451), (1469, 1470), (1482, 1483), (1502, 1505), (1510, 1512), (1518, 1520), 1523, (1529, 1544), (1548, 1557), (1561, 1574)
[   0s] execute #1:  from build123d import * import math  # ================= dimension table (mm) ===========
[   0s]   <- {"result":"outer extremes X -126.00292843995021 126.00292843995021\nouter extremes Y -159.7 159.7\nbore extremes X -96.00352805800864 96.00352805800864\nbore ex
[   0s] execute #2:  from build123d import * import math  # ---- core body: offset oval + left thick wall + bo
[   0s]   <- {"result":"Registered 'housing': volume=6.851e+06 mm³, faces=234\n--- current_shape (\"housing\") ---\nvolume: 6.851e+06 mm³  |  bbox: 311×339.1×80 mm  |  234f 
[   0s] execute #3:  from build123d import * import math  # ---- trim bottom, cut bore, eye hole, right hole, 
[   0s]   <- {"result":"Registered 'housing': volume=3.273e+06 mm³, faces=564\n--- current_shape (\"housing\") ---\nvolume: 3.273e+06 (-3.58e+06, -52.2%) mm³  |  bbox: 311×3
[   0s] execute #4:  from build123d import * import math  # fix: trim anything left of flank_x except the plug
[   0s]   <- {"result":"path total length 865.7465384803384\nbolt centers sample [(0.0, 149.29999999999998), (55.61795302029759, 135.518147745416), (97.85813855621906, 97.16
[   0s] execute #5:  from build123d import * import math  def subpath(f0, f1, n=15):     return [pt_at_frac(f0
[   0s]   <- {"result":"Error: Standard_ConstructionError: \n\n{\"failure_class\": \"unknown\", \"suggested_fix\": \"Review the full error message and traceback for clues; c
[   0s] execute #6:  from build123d import * import math  def band_face_pts(f0, f1, n=17):     inner = [troch_
[   0s]   <- {"result":"Error: StdFail_NotDone: BRep_API: command not done\n\n{\"failure_class\": \"unknown\", \"suggested_fix\": \"Review the full error message and traceba
[   0s] . last_error
[   0s]   <- {"result":"{\n  \"type\": \"StdFail_NotDone\",\n  \"message\": \"BRep_API: command not done\",\n  \"line\": 33,\n  \"excerpt\": \" 31              f0, f1 = (k +
[   0s] execute #7:  from build123d import * pts = band_face_pts(0.22/15, 0.78/15) print(len(pts)) # check dup
[   0s]   <- {"result":"35\ndups []\n[(17.985838047220735, 142.87808204244223), (20.352830968689208, 142.47578721533102), (23.88117034122986, 141.78031800470754)] [(22.13193
[   0s] execute #8:  from build123d import * bad = [] for k in range(15):     f0, f1 = (k + 0.22) / 15, (k + 0
[   0s]   <- {"result":"bad ks: [(11, 'BRep_API: command not done'), (12, 'BRep_API: command not done'), (13, 'BRep_API: command not done'), (14, 'BRep_API: command not done
[   0s] execute #9:  from build123d import * # try trace() for slot faces ok = True try:     with BuildSketch(
[   0s]   <- {"result":"trace failed: \n# vars: f0=0.748, f1=0.7853333333333333, k=11, ok=False\n\nSession objects: housing (Part, 564 faces)"}
[   0s] execute #10:  pts11 = [troch_off_frac(0.748 + (0.7853333-0.748) * j / 12, pcd_off) for j in range(13)] 
[   0s]   <- {"result":"-1.26, 149.29\n-1.26, 149.29\n-1.26, 149.29\n-1.26, 149.29\n-1.26, 149.29\n-1.26, 149.29\n-1.26, 149.29\n-1.26, 149.29\n-1.26, 149.29\n-1.26, 149.29\
[   0s] execute #11:  print(len(cum), cum[720], cum[1077], total) print('alpha(0.5)', alpha_at_frac(0.5), 'pt',
[   0s]   <- {"result":"1440 432.87326924016907 648.8763880761235 865.7465384803384\nalpha(0.5) 4.5301766064764815 pt (-0.873711817160207, -149.29680600564998)\nalpha(0.748)
[   0s] execute #12:  mono = all(cum[i+1] >= cum[i] for i in range(len(cum)-1)) print('monotonic:', mono) impor
[   0s]   <- {"result":"monotonic: True\nbisect for 0.748: 1069\nbisect for 0.5: 721\ncum[998], cum[999], cum[1000]: 629.6061093773484 629.98496938386 630.3602611582824\n# v
[   0s] chat: The hand-rolled binary search was buggy — `bisect` gives correct indices. Recomputing bolt centers and cutting the full ring with it.
[   0s] execute #13:  from build123d import * import bisect, math  def frac_idx(f):     return min(bisect.bisec
[   0s]   <- {"result":"Error: Standard_ConstructionError: \n\n{\"failure_class\": \"unknown\", \"suggested_fix\": \"Review the full error message and traceback for clues; c
[   0s] . last_error
[   0s]   <- {"result":"{\n  \"type\": \"Standard_ConstructionError\",\n  \"message\": \"\",\n  \"line\": 22,\n  \"excerpt\": \" 20              f0, f1 = (k + 0.22) / n_bolt
[   0s] execute #14:  from build123d import * bad=[] for k in range(15):     f0, f1 = (k + 0.22) / 15, (k + 0.7
[   0s]   <- {"result":"bad: [(11, 1, 'build123d.geometry.Vector() argument after * must '), (12, 1, 'build123d.geometry.Vector() argument after * must '), (13, 1, 'build123
[   0s] execute #15:  for f in [0.05, 0.3, 0.5, 0.7, 0.76, 0.8, 0.9, 0.95]:     i = frac_idx(f)     print(f, i,
[   0s]   <- {"result":"0.05 50 -> 59.30 133.48\n0.3 493 -> 8.80 -148.98\n0.5 721 -> -112.29 -7.32\n0.7 948 -> -61.38 132.25\n0.76 999 -> -1.26 149.29\n0.8 999 -> -1.26 149.
[   0s] execute #16:  from build123d import * import bisect, math  NPATH = 1440 path = [troch_off(2*math.pi*i/N
[   0s]   <- {"result":"bolts: ['0,149', '56,136', '98,97', '115,43', '113,-15', '110,-72', '79,-120', '28,-146', '-29,-146', '-79,-119', '-110,-71', '-113,-14', '-115,43', 
[   0s] execute #17:  from build123d import * import math  zmid = th / 2  # 40  with BuildPart() as p5:     add
[   0s]   <- {"result":"Registered 'housing': volume=2.736e+06 mm³, faces=610\n--- current_shape (\"housing\") ---\nvolume: 2.736e+06 (-3.1e+04, -1.1%) mm³  |  bbox: 326×325
[   0s] execute #18:  from build123d import *  # cooling fin grooves: 5 wide x 3 deep, pitch 10, along bottom f
[   0s]   <- {"result":"Registered 'housing': volume=2.726e+06 mm³, faces=654\n--- current_shape (\"housing\") ---\nvolume: 2.726e+06 (-9.95e+03, -0.4%) mm³  |  bbox: 326×32
[   0s] >> validate()
[   0s]   <- {"result":"Validity gate: FAIL — 1 non-manifold edge(s) — edges shared by 3+ faces; 1 mesh non-manifold edge(s) — faces meet >2-ways (self-touch / coincident fa
[   0s] . locate_gate_defects
[   0s]   <- {"result":"2 defect(s) located (mesh_nonmanifold_edge, nonmanifold_edge):\n{\n  \"count\": 2,\n  \"defects\": [\n    {\n      \"kind\": \"nonmanifold_edge\",\n 
[   0s] chat: The Ø36 hole is exactly tangent to the flange pad face at x=124. I'll thicken the pad slightly so the hole has a closed wall.
[   0s] execute #19:  from build123d import * with BuildPart() as p7:     add(part)     with BuildSketch(Plane.
[   0s]   <- {"result":"Registered 'housing': volume=2.739e+06 mm³, faces=645\n--- current_shape (\"housing\") ---\nvolume: 2.739e+06 (+1.33e+04, +0.5%) mm³  |  bbox: 326.9×
[   0s] >> validate()
[   0s]   <- {"result":"Validity gate: PASS\n{\n  \"passes_gate\": true,\n  \"n_solids\": 1,\n  \"volume\": 2739367.1102,\n  \"watertight_manifold\": true,\n  \"open_edges\"
[   0s] chat: Gate passes. Checkpointing now (export + snapshot), then comparing renders against the drawing.
[   0s] >> export(/tmp/cgb_fixture.SKwe1z/output.step)
[   0s] . save_snapshot
[   0s]   <- {"result":"Exported to /tmp/cgb_fixture.SKwe1z/output.step\nvolume 2.739e+06 mm³, bbox 326.9×325.4×80 mm, 645 faces"}
[   0s]   <- {"result":"Snapshot 'valid_v1' saved. Geometry captured: current_shape, housing."}
[   0s] . render_view
[   0s] . render_view
[   0s]   <- [SEND: /tmp/cgb_fixture.SKwe1z/r_front.png] Rendered via 3d pipeline.
[   0s]   <- [SEND: /tmp/cgb_fixture.SKwe1z/r_iso.png] Rendered via 3d pipeline.
[   0s] . render_view
[   0s]   <- [SEND: /tmp/cgb_fixture.SKwe1z/r_top.png] Rendered via 3d pipeline.
[   0s] execute #20:  from build123d import * import bisect, math  # ---------- corrected full rebuild --------
[   0s]   <- {"result":"bolt radial pos: ['0,141', '54,126', '94,88', '107,34', '111,-14', '104,-62', '76,-110', '27,-137', '-28,-137', '-77,-110', '-104,-62', '-111,-14', '
[   0s] execute #21:  from build123d import * import math  fin_x0n, fin_x1n = -155.0, -30.0    # corrected fin 
[   0s]   <- {"result":"Error: Standard_TypeMismatch: TopoDS::Face\n\n{\"failure_class\": \"unknown\", \"suggested_fix\": \"Review the full error message and traceback for c
[   0s] . last_error
[   0s]   <- {"result":"{\n  \"type\": \"Standard_TypeMismatch\",\n  \"message\": \"TopoDS::Face\",\n  \"line\": 47,\n  \"excerpt\": \" 45                       (right_flat,
[   0s] execute #22:  from build123d import * import math zmid = th / 2 with BuildPart() as pb:     with BuildS
[   0s]   <- {"result":"Registered 'h2': volume=6.61e+06 mm³, faces=122\n--- current_shape (\"h2\") ---\nvolume: 6.61e+06 (+3.87e+06, +141.3%) mm³  |  bbox: 301.5×325.4×80 m
[   0s] execute #23:  from build123d import * import math zmid = th / 2 # ---- features on h2: bore, ring, eye 
[   0s]   <- {"result":"Error: Standard_ConstructionError: \n\n{\"failure_class\": \"unknown\", \"suggested_fix\": \"Review the full error message and traceback for clues; c
[   0s] . last_error
[   0s]   <- {"result":"{\n  \"type\": \"Standard_ConstructionError\",\n  \"message\": \"\",\n  \"line\": 24,\n  \"excerpt\": \" 22              f0, f1 = (k + 0.22) / n_bolt
[   0s] execute #24:  from build123d import * import math def slot_pts(k):     f0, f1 = (k + 0.22) / n_bolt, (k
[   0s]   <- {"result":"0 25\n1 25\n2 25\n3 25\n4 23\n5 25\n6 25\n7 25\n8 25\n9 25\n10 23\n11 25\n12 25\n13 25\n14 25\n# vars: k=14\n\nSession objects: housing (Part, 645 fa
[   0s] execute #25:  from build123d import * import math zmid = th / 2 with BuildPart() as pf:     add(part_ne
[   0s]   <- {"result":"Error: StdFail_NotDone: BRep_API: command not done\n\n{\"failure_class\": \"unknown\", \"suggested_fix\": \"Review the full error message and traceba
[   0s] . last_error
[   0s]   <- {"result":"{\n  \"type\": \"StdFail_NotDone\",\n  \"message\": \"BRep_API: command not done\",\n  \"line\": 22,\n  \"excerpt\": \" 20              with BuildLin
[   0s] execute #26:  from build123d import * import math # slots as disc-chains (robust against path kinks) de
[   0s]   <- {"result":"Registered 'h2': volume=2.531e+06 mm³, faces=880\n--- current_shape (\"h2\") ---\nvolume: 2.531e+06 (-4.08e+06, -61.7%) mm³  |  bbox: 301.5×325.4×80 
[   0s] execute #27:  from build123d import * import math zmid = th / 2 with BuildPart() as pg:     add(part_ne
[   0s]   <- {"result":"Registered 'h2': volume=2.555e+06 mm³, faces=941\n--- current_shape (\"h2\") ---\nvolume: 2.555e+06 (+2.45e+04, +1.0%) mm³  |  bbox: 326.9×325.4×80 m
[   0s] >> validate(h2)
[   0s]   <- {"result":"Validity gate: FAIL — 1 non-manifold edge(s) — edges shared by 3+ faces; 1 mesh non-manifold edge(s) — faces meet >2-ways (self-touch / coincident fa
[   0s] . locate_gate_defects
[   0s]   <- {"result":"2 defect(s) located (mesh_nonmanifold_edge, nonmanifold_edge):\n{\n  \"count\": 2,\n  \"defects\": [\n    {\n      \"kind\": \"nonmanifold_edge\",\n 
[   0s] chat: A tangential vertex-touch at (−120, 95): the neck edge passes exactly through the left-wall corner. Patching with a small overlapping wedge.
[   0s] execute #28:  from build123d import * with BuildPart() as ph:     add(part_new)     with BuildSketch(Pl
[   0s]   <- {"result":"Registered 'h2': volume=2.557e+06 mm³, faces=938\n--- current_shape (\"h2\") ---\nvolume: 2.557e+06 (+1.43e+03, +0.1%) mm³  |  bbox: 326.9×325.4×80 m
[   0s] >> validate(h2)
[   0s]   <- {"result":"Validity gate: PASS\n{\n  \"passes_gate\": true,\n  \"n_solids\": 1,\n  \"volume\": 2556594.8065,\n  \"watertight_manifold\": true,\n  \"open_edges\"
[   0s] chat: V2 passes. Exporting the improved checkpoint and rendering for the next comparison pass.
[   0s] >> export(h2)
[   0s] . save_snapshot
[   0s]   <- {"result":"Exported to /tmp/cgb_fixture.SKwe1z/output.step\nvolume 2.557e+06 mm³, bbox 326.9×325.4×80 mm, 938 faces"}
[   0s]   <- {"result":"Snapshot 'valid_v2' saved. Geometry captured: current_shape, housing, h2."}
[   0s] . render_view
[   0s]   <- [SEND: /tmp/cgb_fixture.SKwe1z/r2_top.png] Rendered via 3d pipeline.
[   0s] chat: V2 face view matches the drawing well. Running the verification battery: hole recognizers and cross-sections.
[   0s] execute #29:  m = measure(part_new) print('bbox', m['bbox']) print('volume %.3e' % m['volume']) holes =
[   0s]   <- {"result":"measure: volume=2556594.8333, area=405310.7463, faces=938\nbbox {'xmin': -200.4, 'xmax': 126.5, 'ymin': -146.0, 'ymax': 179.4, 'zmin': -0.0, 'zmax': 
[   0s] execute #30:  from build123d import * b1_old, b2_old = bolt_centers[1], bolt_centers[2] print('old', b1
[   0s]   <- {"result":"old (54.32654045521452, 126.41858421434269) (93.52431572288518, 87.81395002019563)\nRegistered 'h2': volume=2.562e+06 mm³, faces=933\n--- current_sha
[   0s] execute #31:  holes = find_holes(part_new) from collections import Counter c = Counter() for h in holes
[   0s]   <- {"result":"find_holes: 43 hole(s)\nhole dia counts: {36.0: 1, 13.0: 15, 10.0: 23, 22.0: 1, 19.0: 1, 11.0: 2}\ncross_sections: 5 slice(s) along Z\nz=0.8 area=133
[   0s] >> validate(h2)
[   0s]   <- {"result":"Validity gate: PASS\n{\n  \"passes_gate\": true,\n  \"n_solids\": 1,\n  \"volume\": 2562075.1273,\n  \"watertight_manifold\": true,\n  \"open_edges\"
[   0s] >> export(h2)
[   0s] . save_snapshot
[   0s]   <- {"result":"Exported to /tmp/cgb_fixture.SKwe1z/output.step\nvolume 2.562e+06 mm³, bbox 326.9×325.4×80 mm, 933 faces"}
[   0s]   <- {"result":"Snapshot 'valid_v3' saved. Geometry captured: current_shape, housing, h2."}
[   0s] . render_view
[   0s]   <- [SEND: /tmp/cgb_fixture.SKwe1z/r3_iso.png] Rendered via 3d pipeline.
[   0s] chat: The model is complete, valid, and exported. Let me do one final visual check of the face view against the drawing to confirm no dominant mismatch remains.
[   0s] . render_view
[   0s]   <- [SEND: /tmp/cgb_fixture.SKwe1z/r3_top.png] Rendered via 3d pipeline.
[   0s] chat: The reproduction is complete. The final render matches the drawing's plan view across all major features, and a valid STEP is on disk.

**What was built** — a Wankel-style rotor housing reconstructed 
[   0s] RESULT (2798s): The reproduction is complete. The final render matches the drawing's plan view across all major features, and a valid STEP is on disk.

**What was built** — a W
