[   0s] chat: Not logged in · Please run /login
[   0s] RESULT (0s): Not logged in · Please run /login
[   0s] chat: You've hit your session limit · resets 11pm (UTC)
[   0s] RESULT (0s): You've hit your session limit · resets 11pm (UTC)
[   0s] chat: I'll start by reading the drawing to build a dimension table.
[   0s] . Read
[   0s] . ReadMcpResourceTool
[   0s]   <- {"contents":[{"uri":"build123d://quickref","mimeType":"text/plain","text":"Examples below were tested against build123d 0.11.1, the version installed in this en
[   0s]   <- 
[   0s] . Bash
[   0s]   <- (3072, 2118) c1_topleft (1865, 1672) c2_topmid (1888, 1900) c3_sideview (1900, 373) c4_planview (1899, 1661) c5_bottomview (1900, 898) c6_section (1204, 1899) c
[   0s] . Read
[   0s]   <- 
[   0s] . Read
[   0s]   <- 
[   0s] chat: The plan view and section are clear. Now let me read the remaining views: the fillet plan view, the taper-dimensioned view, the two edge-on views with M2 holes, and the isometrics.
[   0s] . Read
[   0s]   <- 
[   0s] . Read
[   0s]   <- 
[   0s] . Bash
[   0s]   <- z_right (837, 1989) z_left (1747, 1600) z_c2right (1990, 933) z_c3 (1990, 457) z_boss_sec (1504, 1440)
[   0s] . Read
[   0s]   <- 
[   0s] . Read
[   0s]   <- 
[   0s] . Bash
[   0s]   <- z_sec_top (1160, 1920) z_iso1 (1980, 1716) z_iso2 (1942, 1980)
[   0s] . Read
[   0s]   <- 
[   0s] . Read
[   0s]   <- 
[   0s] . Bash
[   0s]   <- section strong cols: [np.int64(1293), np.int64(1311), np.int64(1326), np.int64(1337), np.int64(1338), np.int64(1349), np.int64(1364), np.int64(1382)] [np.int64(
[   0s] . Bash
[   0s]   <- section strong rows: [np.int64(1161), np.int64(1162), np.int64(1163), np.int64(1172), np.int64(1190), np.int64(1214), np.int64(1232), np.int64(1299), np.int64(1
[   0s] . Bash
[   0s]   <- 1150 [(np.int64(1337), np.int64(1338))] 1170 [(np.int64(1293), np.int64(1293)), (np.int64(1311), np.int64(1311)), (np.int64(1337), np.int64(1338)), (np.int64(13
[   0s] . Bash
[   0s]   <- col 1288 [] col 1300 [(np.int64(1162), np.int64(1162)), (np.int64(1232), np.int64(1232)), (np.int64(1384), np.int64(1384)), (np.int64(1426), np.int64(1426)), (n
[   0s] . Bash
[   0s]   <- 89900011222334445566677888 1150 ............#............. 1154 ............#............. 1158 .../////////#/////////.... 1162 .///.//.//#####/..//.///.. 1166 
[   0s] . Bash
[   0s]   <- row 300 [(np.int64(160), np.int64(163)), (np.int64(531), np.int64(532))] row 340 [(np.int64(160), np.int64(163)), (np.int64(531), np.int64(532)), (np.int64(710)
[   0s] . Bash
[   0s]   <- row 1200 [(np.int64(354), np.int64(354)), (np.int64(452), np.int64(452)), (np.int64(461), np.int64(461)), (np.int64(675), np.int64(676)), (np.int64(747), np.int
[   0s] . Bash
[   0s]   <- row 1170 [(np.int64(354), np.int64(354)), (np.int64(461), np.int64(461)), (np.int64(525), np.int64(526)), (np.int64(561), np.int64(562)), (np.int64(599), np.int
[   0s] . Bash
[   0s]   <- front view strong rows: [np.int64(1823), np.int64(1829), np.int64(1830), np.int64(1831), np.int64(1832), np.int64(1836)] row 1870 [(np.int64(398), np.int64(399)
[   0s] . Bash
[   0s]   <- row 1745 [(np.int64(398), np.int64(399)), (np.int64(439), np.int64(439)), (np.int64(675), np.int64(676)), (np.int64(801), np.int64(801)), (np.int64(864), np.int
[   0s] . Bash
[   0s]   <- (Bash completed with no output)
[   0s] . Read
[   0s]   <- 
[   0s] . Read
[   0s]   <- 
[   0s] chat: The remaining ambiguity is the exact cross-section of the frame bars (flush skins with internal void vs. recessed panels). Let me scan the section at single-pixel precision across the bar zone.
[   0s] . Bash
[   0s]   <- 1195 [np.int64(1311), np.int64(1326), np.int64(1337), np.int64(1338), np.int64(1349), np.int64(1364), np.int64(1382)] 1205 [np.int64(1311), np.int64(1326), np.i
[   0s] . Bash
[   0s]   <- rim_top (y1174-1188, z full): 28 dark / 672 left_strip (z0-1.7): 17 dark / 855 mid_floor (z1.7-4.3): 191 dark / 1615 right_strip (z4.3-6): 17 dark / 855 left_st
[   0s] execute #1: from build123d import * from math import tan, radians  # ---------------- dimension table 
[   0s]   <- {"result":"Registered 'arm': volume=6003 mm³, faces=73\n--- current_shape (\"arm\") ---\nvolume: 6003 mm³  |  bbox: 55×39.2×10 mm  |  73f 201e 134v\n# vars: CM=
[   0s] chat: You've hit your session limit · resets 4am (UTC)
[   0s] RESULT (1730s): You've hit your session limit · resets 4am (UTC)
[   0s] chat: I'll start by reading the engineering drawing to build a dimension table.
[   0s] . Read
[   0s]   <- 
[   0s] . Bash
[   0s]   <- (3072, 2118) c1_topmid (2490, 1560) c2_mainfront (1660, 1540) c3_section (900, 1600) c4_bottomview (2260, 720) c5_topview (2000, 440) c6_iso1 (1440, 1300) c7_is
[   0s] . Read
[   0s] . Read
[   0s]   <- 
[   0s]   <- 
[   0s] . Read
[   0s] . Read
[   0s]   <- 
[   0s]   <- 
[   0s] . Bash
[   0s]   <- shape (2118, 3072) --- SECTION A-A: horizontal scans (rows) --- 1150 [(1337, 1338)] 1160 [(1337, 1338)] 1170 [(1293, 1293), (1311, 1311), (1337, 1338), (1364, 1
[   0s] . Bash
[   0s]   <- --- SECTION cols (edges in Y), x=1300,1318,1332,1356,1375 --- x= 1300 [(1161, 1162), (1232, 1232), (1384, 1384), (1426, 1426), (1449, 1449), (1478, 1478), (1489
[   0s] . Bash
[   0s]   <- --- MAIN VIEW row scans (find outline x-extents) --- 1400 [(354, 354), (472, 473), (479, 479), (599, 600), (675, 676), (720, 720), (726, 728), (765, 765), (845,
[   0s] . Bash
[   0s]   <- --- MAIN VIEW columns, y 1120-1620 --- x= 360 [(1160, 1161), (1166, 1166), (1227, 1228), (1232, 1232), (1307, 1309), (1384, 1384), (1388, 1389), (1451, 1451), (
[   0s] . Bash
[   0s]   <- z_lowwin (1480, 760) z_upwin (1480, 640) z_leftend (640, 1360)
[   0s] . Read
[   0s]   <- 
[   0s] . Read
[   0s]   <- 
[   0s] . Bash
[   0s]   <- --- BOTTOM VIEW rows --- 1840 [(386, 393), (404, 411), (445, 445), (454, 454), (458, 459), (465, 466), (622, 622), (633, 633), (639, 640), (675, 676), (710, 710
[   0s] chat: You've hit your weekly limit · resets 7pm (UTC)
[   0s] RESULT (2214s): You've hit your weekly limit · resets 7pm (UTC)
