[   0s] chat: You've hit your session limit · resets 11pm (UTC)
[   0s] RESULT (0s): You've hit your session limit · resets 11pm (UTC)
[   0s] chat: I'll start by reading the drawing to build a dimension table.
[   0s] . Read
[   0s]   <- 
[   0s] . Bash
[   0s]   <- Exit code 127 /bin/bash: line 1: magick: command not found
[   0s] . Bash
[   0s]   <- /usr/local/bin/python3 12.3.0
[   0s] . Bash
[   0s]   <- (3072, 2118) crop_formed.png crop_iso.png crop_notes.png
[   0s] . Read
[   0s]   <- 
[   0s] . Read
[   0s]   <- 
[   0s] chat: Now the isometric:
[   0s] . Read
[   0s]   <- 
[   0s] . Bash
[   0s]   <- done
[   0s] . Read
[   0s]   <- 
[   0s] . Read
[   0s]   <- 
[   0s] execute #1: from build123d import * import math  # ---------------- dimension table (all mm, from prin
[   0s]   <- {"result":"Registered 'main': volume=3.863e+04 mm³, faces=18\nmeasure: volume=38634.5615, area=40343.7933, faces=18\n38634.5615\n--- current_shape (\"main\") --
[   0s] chat: Main panel is good. Now the wall, hem, flanges, and gussets:
[   0s] execute #2: from build123d import *  # ---- front wall (90 up along Y=48.6), buried 1mm into main ----
[   0s]   <- {"result":"Registered 'part': volume=8.011e+04 mm³, faces=51\nmeasure: volume=80108.8861, area=72065.3412, faces=51\n80108.8861 {'faces': 51, 'edges': 141, 'ver
[   0s] chat: All features fused. Validate and checkpoint:
[   0s] >> validate()
[   0s]   <- {"result":"Validity gate: FAIL — 1 non-manifold edge(s) — edges shared by 3+ faces; 1 mesh non-manifold edge(s) — faces meet >2-ways (self-touch / coincident fa
[   0s] . locate_gate_defects
[   0s]   <- {"result":"2 defect(s) located (mesh_nonmanifold_edge, nonmanifold_edge):\n{\n  \"count\": 2,\n  \"defects\": [\n    {\n      \"kind\": \"nonmanifold_edge\",\n 
[   0s] execute #3: from build123d import * # rebuild 45-flange extended 1mm past the bend axis so the seam is
[   0s]   <- {"result":"Registered 'part': volume=8.032e+04 mm³, faces=52\nmeasure: volume=80318.8861, area=71867.3807, faces=52\n{'faces': 52, 'edges': 146, 'vertices': 96}
[   0s] >> validate()
[   0s]   <- {"result":"Validity gate: PASS\n{\n  \"passes_gate\": true,\n  \"n_solids\": 1,\n  \"volume\": 80318.8861,\n  \"watertight_manifold\": true,\n  \"open_edges\": 
[   0s] chat: Gate passes. Checkpoint now, then compare form against the drawing:
[   0s] >> export(/tmp/cgb_fixture.MjEmOZ/output.step)
[   0s] . save_snapshot
[   0s]   <- {"result":"Exported to /tmp/cgb_fixture.MjEmOZ/output.step\nvolume 8.032e+04 mm³, bbox 207.8×225.8×48.02 mm, 52 faces"}
[   0s]   <- {"result":"Snapshot 'v1_valid' saved. Geometry captured: current_shape, main, part."}
[   0s] . render_view
[   0s]   <- [SEND: /tmp/build123d_ekc5dl0s.png] Rendered via 3d pipeline.
[   0s] chat: Valid checkpoint exported. Now compare form against the drawing's isometric:
[   0s] . render_view
[   0s]   <- [SEND: /tmp/build123d__t428woj.png] Rendered via 3d pipeline.
[   0s] execute #4: from build123d import * pf = part2 # outer bend corner of front wall: edge along X at (Y=4
[   0s]   <- {"result":"Error: ValueError: Failed creating a fillet with radius of 2.74, try a smaller value or use max_fillet() to find the largest valid fillet radius\n\n{
[   0s] execute #5: try:     pf2 = fillet(e_fl6, radius=2.74)     try:         pf3 = fillet(pf2.edges().filter
[   0s]   <- {"result":"Registered 'part': volume=7.994e+04 mm³, faces=54\nmeasure: volume=79935.0785, area=71540.9853, faces=54\n{'faces': 54, 'edges': 153, 'vertices': 101
[   0s] chat: One Ø1.5 hole at (100,104) fell outside the stepped boundary (staircase edge is at X=102 there), so it never cut. Moving it inside the material:
[   0s] execute #6: from build123d import * pf4 = pf3 - Pos(105, 105, 1) * Cylinder(D15/2, 5, align=(Align.CEN
[   0s]   <- {"result":"Registered 'part': volume=7.993e+04 mm³, faces=55\nfind_holes: 7 hole(s)\n7 holes\ncross_sections: 6 slice(s) along Z\n-1.6 19817.6\n7.8 1133.5\n17.2
[   0s] >> validate()
[   0s]   <- {"result":"Validity gate: PASS\n{\n  \"passes_gate\": true,\n  \"n_solids\": 1,\n  \"volume\": 79931.5442,\n  \"watertight_manifold\": true,\n  \"open_edges\": 
[   0s] >> export(/tmp/cgb_fixture.MjEmOZ/output.step)
[   0s] . save_snapshot
[   0s]   <- {"result":"Exported to /tmp/cgb_fixture.MjEmOZ/output.step\nvolume 7.993e+04 mm³, bbox 207.8×225.8×48.02 mm, 55 faces"}
[   0s]   <- {"result":"Snapshot 'v2_final' saved. Geometry captured: current_shape, main, part."}
[   0s] chat: You've hit your session limit · resets 4am (UTC)
[   0s] RESULT (1166s): You've hit your session limit · resets 4am (UTC)
