[   0s] chat: You've hit your session limit · resets 11pm (UTC)
[   0s] RESULT (0s): You've hit your session limit · resets 11pm (UTC)
[   0s] chat: I'll start by reading the drawing to build a dimension table.
[   0s] . Read
[   0s]   <- 
[   0s] . Bash
[   0s]   <- (3072, 2118)
[   0s] . Read
[   0s]   <- 
[   0s] . Read
[   0s]   <- 
[   0s] chat: Now the isometric views to understand the 3D form.
[   0s] . Read
[   0s]   <- 
[   0s] . Read
[   0s]   <- 
[   0s] . Bash
[   0s]   <- (Bash completed with no output)
[   0s] . Read
[   0s]   <- 
[   0s] . Read
[   0s]   <- 
[   0s] chat: You've hit your session limit · resets 4am (UTC)
[   0s] RESULT (162s): You've hit your session limit · resets 4am (UTC)
[   0s] chat: I'll start by reading the drawing and the build123d quickref.
[   0s] . Read
[   0s] . ReadMcpResourceTool
[   0s]   <- {"contents":[{"uri":"build123d://quickref","mimeType":"text/plain","text":"Examples below were tested against build123d 0.11.1, the version installed in this en
[   0s]   <- 
[   0s] . Bash
[   0s]   <- (3072, 2118)
[   0s] . Read
[   0s]   <- 
[   0s] . Bash
[   0s]   <- (Bash completed with no output)
[   0s] . Read
[   0s] . Read
[   0s]   <- 
[   0s]   <- 
[   0s] chat: Now let me look at the callout view with bend lines and radii.
[   0s] . Read
[   0s]   <- 
[   0s] . Bash
[   0s]   <- === HORIZONTAL lines (y_px -> mm_y, x-extent in mm) === y_px= 1043.0 mm_y= 98.51  x from -11.99 to  67.80 y_px= 1070.0 mm_y= 91.91  x from -11.99 to  34.27 y_px
[   0s] . Bash
[   0s]   <- === HORIZONTAL (px) === y=  518.0 x 553 -> 726 y=  525.5 x 430 -> 570 y=  531.5 x 720 -> 829 y=  544.5 x 430 -> 589 y=  563.5 x 430 -> 1029 y=  571.5 x 554 -> 1
[   0s] . Bash
[   0s]   <- (Bash completed with no output)
[   0s] . Read
[   0s]   <- 
[   0s] . Bash
[   0s]   <- cols = orig x 500..580 (1px per char), rows orig y 730..930 step 2  730 .................................................................................  732 .
[   0s] . Bash
[   0s]   <- === SOLID HORIZONTAL segments (mm) === y= 98.00  x  25.56 ->  67.52   (len  42.0) y= 96.18  x  -1.84 ->  28.23   (len  30.1) y= 94.73  x  66.06 ->  92.49   (len
[   0s] . Bash
[   0s]   <- filled px: 255605  mm_y | left_x  right_x  (per ~0.5mm) 103.58 |  68.00 145.85 103.09 |  67.27 145.85 102.61 |  66.79 145.85 102.12 |  66.06 145.85 101.64 |  65
[   0s] . Bash
[   0s]   <- (Bash completed with no output)
[   0s] . Read
[   0s]   <- 
[   0s] . Bash
[   0s]   <- upper-left curve fit: center=(49.78,76.18) R=5.10 maxres=0.58 n=51 right upper (R25#1): center=(67.04,73.43) R=3.54 maxres=0.49 n=50 right lower (R25#2): center
[   0s] . Bash
[   0s]   <- A1: R10 center(53,75) tangent y=85 @(53,85), 90-180     coverage  28.1% A1b: same, 90-160 only                                  coverage  35.5% A2: R25 center(7
[   0s] chat: R22, R15 and all corners confirmed. The upper-left curve needs a fixed-radius (R10) grid search on clean pixels.
[   0s] . Bash
[   0s]   <- n pts: 86 R10 grid best: center=(42.5,81.1) inliers=51 angle range: -48.9399570494448 18.819882384754635 inlier extremes: x 49.327028010185515 52.47968958409118
[   0s] . ReadMcpResourceTool
[   0s]   <- {"contents":[{"uri":"build123d://skill/modeling","mimeType":"text/plain","text":"# Build 3D Geometry with build123d\n\nUse this skill when asked to model, build
[   0s] execute #1: from build123d import * from math import pi, atan2, degrees, sqrt  # ================= pri
[   0s]   <- {"result":"BA3 6.267477343911637 BA1 3.1258846903218442\nY_LOBE_TAN 54.067477343911634 Y_WEB_BOT_TAN 22.867477343911638 X_TABA_TAN 48.27411530967815\nC10 (42.0,
[   0s] chat: Parameters locked. Now the four flat regions as solids.
[   0s] execute #2: # ---- LOBE (base plate, stays in XY at Z 0..3) ---- with BuildPart() as lobe_bp:     with
[   0s]   <- {"result":"lobe vol 2197.131094552411 faces 15\n--- current_shape ---\nvolume: 2197 mm³  |  bbox: 23×43.93×3 mm  |  15f 39e 26v\n\nSession objects: (none)"}
[   0s] execute #3: # ---- WEB (flat sketch in XY, then rotated to vertical) ---- with BuildPart() as web_bp: 
[   0s]   <- {"result":"web vol 3427.898116975144 bbox bbox: 0.0 <= x <= 65.0, 48.067477343911634 <= y <= 51.06747734391164, 6.0 <= z <= 30.93252265608836\ntabd vol 960.6763
[   0s] execute #4: # ---- MAIN BEND cylinder (lobe<->web), axis along X at (Y_LOBE_TAN, 6) ---- AXM = (Y_LOBE
[   0s]   <- {"result":"cyl_main vol 381.70350741116 bbox bbox: 47.0 <= x <= 65.0, 48.067477343911634 <= y <= 54.067477343911634, 0.0 <= z <= 6.000000000000001\ncyl_down vol
[   0s] chat: All bend cylinders exact. Now fuse everything and verify.
[   0s] execute #5: part = lobe.fuse(cyl_main).fuse(web).fuse(cyl_down).fuse(tabd).fuse(cyl_r1).fuse(taba) par
[   0s]   <- {"result":"Error: KeyError: 'bounding_box'\n\n{\"failure_class\": \"unknown\", \"suggested_fix\": \"Review the full error message and traceback for clues; call 
[   0s] execute #6: m = measure(part) print("solids:", len(part.solids())) print("volume:", m["volume"], " pie
[   0s]   <- {"result":"measure: volume=8399.9923, area=6957.6935, faces=40\nsolids: 1\nvolume: 8399.9923  piece sum: 8399.992314568188\nbbox: {'xmin': 0.0, 'xmax': 70.0, 'y
[   0s] >> validate(bracket)
[   0s]   <- {"result":"Validity gate: PASS\n{\n  \"passes_gate\": true,\n  \"n_solids\": 1,\n  \"volume\": 8399.9923,\n  \"watertight_manifold\": true,\n  \"open_edges\": 0
[   0s] >> export(bracket)
[   0s] . save_snapshot
[   0s]   <- {"result":"Exported to /tmp/cgb_fixture.ZDQ30v/output.step\nvolume 8400 mm³, bbox 70×73.03×36.93 mm, 40 faces"}
[   0s]   <- {"result":"Snapshot 'valid_v1' saved. Geometry captured: current_shape, bracket."}
[   0s] . render_view
[   0s]   <- [SEND: /tmp/cgb_fixture.ZDQ30v/render_iso1.png] Rendered via 3d pipeline.
[   0s] . find_holes
[   0s]   <- {"result":"{\"count\": 4, \"holes\": [{\"axis\": [0.0, 0.0, -1.0], \"location\": [54.5, 66.0, 3.0], \"diameter\": 7.0, \"depth\": 3.0, \"bottom\": \"through\", 
[   0s] . cross_sections
[   0s]   <- {"result":"[\n  {\n    \"position\": 0.3693,\n    \"area\": 945.4449\n  },\n  {\n    \"position\": 3.6597,\n    \"area\": 105.2481\n  },\n  {\n    \"position\":
[   0s] . render_view
[   0s]   <- [SEND: /tmp/cgb_fixture.ZDQ30v/render_clip.png] Rendered via 3d pipeline.
[   0s] chat: The section profile is a clean Z-fold with correct radii, matching the drawing. The model is complete and the validated export is on disk.

## Summary

**Part:** a 3 mm sheet-metal Z-bracket (all bend
[   0s] RESULT (2058s): The section profile is a clean Z-fold with correct radii, matching the drawing. The model is complete and the validated export is on disk.

## Summary

**Part:*
