[   0s] chat: You've hit your session limit · resets 11pm (UTC)
[   0s] RESULT (0s): You've hit your session limit · resets 11pm (UTC)
[   0s] chat: I'll start by reading the drawing to build a dimension table.
[   0s] . Read
[   0s]   <- 
[   0s] . Bash
[   0s]   <- (3072, 2118) flat_top (2260, 1980) lower_view (2320, 1800) section (1360, 660) iso_top (2080, 1180) iso_bot (2080, 1140) right_calls (860, 1280) notes (1200, 62
[   0s] . Read
[   0s]   <- 
[   0s] chat: I can now see the flat pattern view. Let me examine the remaining crops: the left dimension chains, lower view, section, and isometrics.
[   0s] . Bash
[   0s]   <- flat_left (1248, 2088)
[   0s] . Read
[   0s]   <- 
[   0s] chat: You've hit your session limit · resets 4am (UTC)
[   0s] RESULT (112s): You've hit your session limit · resets 4am (UTC)
[   0s] chat: I'll start by reading the drawing and the build123d quickref.
[   0s] . Read
[   0s] . ReadMcpResourceTool
[   0s]   <- {"contents":[{"uri":"build123d://quickref","mimeType":"text/plain","text":"Examples below were tested against build123d 0.11.1, the version installed in this en
[   0s]   <- 
[   0s] chat: This is a complex sheet-metal part. I'll zoom into each region of the drawing to build an accurate dimension table before modeling.
[   0s] . Bash
[   0s]   <- (3072, 2118) crop_formed.png (2494, 1940) crop_formed_right.png (920, 1676) crop_flat.png (2310, 1748) crop_section.png (1240, 560) crop_iso.png (2048, 2196)
[   0s] . Read
[   0s]   <- 
[   0s] chat: Now the flat pattern view:
[   0s] . Read
[   0s]   <- 
[   0s] chat: Now the section view and isometric views:
[   0s] . Read
[   0s]   <- 
[   0s] . Read
[   0s]   <- 
[   0s] . Bash
[   0s]   <- TOP VIEW: horiz scan y=447 (hole row): [np.int64(206), np.int64(343), np.int64(392), np.int64(435), np.int64(479), np.int64(527)] TOP VIEW: horiz scan y=430 (fl
[   0s] . Bash
[   0s]   <- TOPVIEW horizontal lines (x 600-1050): [376, 495, 1049, 1199] TOPVIEW vertical lines (y 450-1150): [1159] BOTVIEW horizontal lines (x 560-960): [1508, 1596, 175
[   0s] . Bash
[   0s]   <- TV row y=771: [601, 606, 612, 615, 666, 750, 934, 1095, 1118, 1147, 1159] TV row y=766: [728, 772, 1140, 1159] BV row y=1614: [643, 658, 673, 842, 884, 931, 935
[   0s] . Bash
[   0s]   <- z_tv_topstrip.png (1794, 598) z_tv_topright.png (1040, 1144) z_tv_botstrip.png (1794, 806) z_bv_top.png (1820, 780)
[   0s] . Read
[   0s]   <- 
[   0s] . Read
[   0s]   <- 
[   0s] . Bash
[   0s]   <- z_tv_leftchain.png (1628, 2002) z_tv_center.png (1440, 1020)
[   0s] . Read
[   0s]   <- 
[   0s] . Bash
[   0s]   <- x=316 (85): [] x=346 (80): [(np.int64(658), np.int64(1049))] x=375 (77): [(np.int64(658), np.int64(1049))] x=405 (72+41.4): [(np.int64(468), np.int64(1049))] x=
[   0s] . Bash
[   0s]   <- == TOP VIEW (flat pattern) == TV col x=798 (slot1): [(np.int64(1119), np.int64(1122)), np.int64(1188), np.int64(1195)] TV col x=935 (center): [(np.int64(467), n
[   0s] . Bash
[   0s]   <- TV x=700: [np.int64(523), np.int64(535), np.int64(547), (np.int64(600), np.int64(601)), np.int64(627), np.int64(681), np.int64(695), (np.int64(745), np.int64(74
[   0s] execute #1:  from build123d import * import math  # ================= PARAMETERS (mm, from drawing) ==
[   0s]   <- {"result":"Registered 'plate': volume=1.139e+04 mm³, faces=49\nbbox: -50.0 <= x <= 50.0, -78.9 <= y <= 51.70000000000001, 0.0 <= z <= 1.0\n--- current_shape (\"
[   0s] execute #2:  from build123d import * import math  c45 = math.cos(math.radians(45))  def ring_sector_pt
[   0s]   <- {"result":"check\n--- current_shape ---\nvolume: 1539 (-9.85e+03, -86.5%) mm³  |  bbox: 100×83.4×9.39 mm  |  14f (-35) 30e (-111) 20v (-74)\n# vars: c45=0.70710
[   0s] execute #3:  from build123d import * import math  plate = plate_bp.part c45 = math.cos(math.radians(45
[   0s]   <- {"result":"Registered 'part': volume=1.775e+04 mm³, faces=114\nsolids: 1\n--- current_shape (\"part\") ---\nvolume: 1.775e+04 (+1.62e+04, +1053.6%) mm³  |  bbox
[   0s] execute #4:  from build123d import * import math  adds2 = [] for tan_y, sgn in [(Y_BACK_TAN, +1), (Y_F
[   0s]   <- {"result":"Registered 'part': volume=1.761e+04 mm³, faces=132\nsolids: 2\n--- current_shape (\"part\") ---\nvolume: 1.761e+04 (-143, -0.8%) mm³  |  bbox: 130.1×
[   0s] execute #5:  from build123d import *  part = plate for a in adds2[:6]:   # walls, bends, roots     par
[   0s]   <- {"result":"Registered 'part': volume=1.766e+04 mm³, faces=136\nsolids: 1\n--- current_shape (\"part\") ---\nvolume: 1.766e+04 (+53, +0.3%) mm³  |  bbox: 129.9×1
[   0s] chat: Single solid now. Validating and checkpointing:
[   0s] >> validate()
[   0s]   <- {"result":"Validity gate: PASS\n{\n  \"passes_gate\": true,\n  \"n_solids\": 1,\n  \"volume\": 17661.2146,\n  \"watertight_manifold\": true,\n  \"open_edges\": 
[   0s] >> export(part)
[   0s] . save_snapshot
[   0s]   <- {"result":"Exported to /tmp/cgb_fixture.VnAFK2/output.step\nvolume 1.766e+04 mm³, bbox 129.9×138.6×23.92 mm, 136 faces"}
[   0s]   <- {"result":"Snapshot 'v1_valid' saved. Geometry captured: current_shape, plate, part."}
[   0s] . render_view
[   0s]   <- [SEND: /tmp/build123d_ufj5pgz9.png] Rendered via 3d pipeline.
[   0s] execute #6:  from build123d import * import math  CH = 4.5  # tip corner chamfer leg (plan, mm) cutter
[   0s]   <- {"result":"Registered 'part': volume=1.721e+04 mm³, faces=149\nsolids: 1\n--- current_shape (\"part\") ---\nvolume: 1.721e+04 (-455, -2.6%) mm³  |  bbox: 129.9×
[   0s] . render_view
[   0s]   <- [SEND: /tmp/build123d_od3rsirw.png] Rendered via 3d pipeline.
[   0s] execute #7:  m = measure(part) bb = m['bbox'] print("bbox:", bb) holes = find_holes(part) print("holes
[   0s]   <- {"result":"measure: volume=17206.2677, area=35584.8302, faces=149\nbbox: {'xmin': -61.0309, 'xmax': 68.9, 'ymin': -82.9, 'ymax': 55.7, 'zmin': -10.5309, 'zmax':
[   0s] >> validate(part)
[   0s]   <- {"result":"Validity gate: PASS\n{\n  \"passes_gate\": true,\n  \"n_solids\": 1,\n  \"volume\": 17206.2677,\n  \"watertight_manifold\": true,\n  \"open_edges\": 
[   0s] >> export(part)
[   0s] . save_snapshot
[   0s]   <- {"result":"Exported to /tmp/cgb_fixture.VnAFK2/output.step\nvolume 1.721e+04 mm³, bbox 129.9×138.6×23.92 mm, 149 faces"}
[   0s]   <- {"result":"Snapshot 'v2_final' saved. Geometry captured: current_shape, plate, part."}
[   0s] chat: Done. The part is exported as a valid, watertight solid to `/tmp/cgb_fixture.VnAFK2/output.step` (17,206 mm³, 149 faces, validity gate PASS).

**What the drawing shows and what I built:** a 1 mm sheet
[   0s] RESULT (1973s): Done. The part is exported as a valid, watertight solid to `/tmp/cgb_fixture.VnAFK2/output.step` (17,206 mm³, 149 faces, validity gate PASS).

**What the drawin
