[   0s] chat: You've hit your session limit · resets 11pm (UTC)
[   0s] RESULT (0s): You've hit your session limit · resets 11pm (UTC)
[   0s] chat: You've hit your session limit · resets 4am (UTC)
[   0s] RESULT (0s): You've hit your session limit · resets 4am (UTC)
[   0s] chat: I'll start by reading the drawing and the build123d quickref.
[   0s] . Read
[   0s] . ReadMcpResourceTool
[   0s]   <- {"contents":[{"uri":"build123d://quickref","mimeType":"text/plain","text":"Examples below were tested against build123d 0.11.1, the version installed in this en
[   0s]   <- 
[   0s] chat: This is a complex bracket drawing. Let me zoom into each view to read the dimension callouts precisely.
[   0s] . Bash
[   0s]   <- (3072, 2118)
[   0s] . Read
[   0s]   <- 
[   0s] . Read
[   0s]   <- 
[   0s] . Read
[   0s]   <- 
[   0s] . Bash
[   0s]   <- (Bash completed with no output)
[   0s] . Read
[   0s]   <- 
[   0s] . Read
[   0s]   <- 
[   0s] . Bash
[   0s]   <- (Bash completed with no output)
[   0s] . Read
[   0s] . Read
[   0s]   <- 
[   0s]   <- 
[   0s] . Bash
[   0s]   <- (2118, 3072) section x-extent(+250): 344 1186 section y-extent(+1290): 1290 1570 front x-extent(+300): 431 1699 front y-extent(+1650): 1650 2019 plan x-extent(+
[   0s] . Bash
[   0s]   <- (Bash completed with no output)
[   0s] . Read
[   0s]   <- 
[   0s] . Bash
[   0s]   <- (Bash completed with no output)
[   0s] . Read
[   0s] . Read
[   0s]   <- 
[   0s]   <- 
[   0s] . Bash
[   0s]   <- (Bash completed with no output)
[   0s] . Read
[   0s]   <- 
[   0s] . Bash
[   0s]   <- (Bash completed with no output)
[   0s] . Read
[   0s]   <- 
[   0s] . Bash
[   0s]   <- (Bash completed with no output)
[   0s] . Read
[   0s]   <- 
[   0s] chat: Let me precisely locate the key reference lines in the plan view with code.
[   0s] . Bash
[   0s]   <- long horiz line at y= 261 span 768 2483
[   0s] . Bash
[   0s]   <- dense cols (arrowheads/vlines): [ 768 1131 1132 1494 1495 2398 2415 2416 2421 2422 2483] long vlines near top: []
[   0s] . Bash
[   0s]   <- long vline x= 1769 ink rows 474
[   0s] . Bash
[   0s]   <- dense rows (arrowheads) on 153 dim: [ 542  779 1015] ext line near arrow at y= 542 span 1280 1775 ext line near arrow at y= 1015 span 1200 1775
[   0s] . Bash
[   0s]   <- vline x= 425 arrow clusters at y≈ [548, 778, 1015] vline x= 487 arrow clusters at y≈ [548, 564, 778, 1015] vline x= 549 arrow clusters at y≈ [548, 564, 585, 778
[   0s] . Bash
[   0s]   <- === TOP dim stack (above plan part, y 300..545) === hline y=323 clusters=[768, 816, 830, 1116, 1131, 1146, 1433, 1448, 1494] hline y=388 clusters=[768, 816, 879
[   0s] . Bash
[   0s]   <- === 26/34 pocket dims (y 600..660, inside plan) === y=600: [919, 1000, 1037, 1073, 1083, 1131, 1145, 1154, 1161, 1173, 1179, 1188, 1275, 1284, 1308] y=601: [919
[   0s] . Bash
[   0s]   <- left lug: (np.float64(812.9483985765124), np.float64(744.7482206405693), 1124) right lug: (np.float64(1451.4178617992177), np.float64(745.0039113428944), 1534) 
[   0s] . Bash
[   0s]   <- y=1052: [1052, 1062, 1083, 1093, 1131, 1154, 1173, 1247, 1256, 1266, 1273, 1494] y=1059: [1052, 1062, 1083, 1096, 1116, 1131, 1154, 1247, 1256, 1494] y=1100: [1
[   0s] execute #1:  from build123d import *  # ================= DIMENSION TABLE (mm) — from drawing ========
[   0s]   <- {"result":"Registered 'bracket': volume=6.081e+05 mm³, faces=52\n--- current_shape (\"bracket\") ---\nvolume: 6.081e+05 mm³  |  bbox: 235×153×75 mm  |  52f 135e
[   0s] chat: Base massing is fused with exact 235×153×75 envelope. Now cutting all features:
[   0s] execute #2:  from build123d import * import math  p = part  # ---- bore Ø40 through boss+column along 
[   0s]   <- {"result":"measure: volume=505286.0851, area=92555.8226, faces=94\nwall pocket cut faces: 94 vol 505286.0851\nRegistered 'bracket': volume=5.053e+05 mm³, faces=
[   0s] execute #3:  from build123d import *  p = part  # ---- foot notch between tabs + Ø5 hole in left tab -
[   0s]   <- {"result":"measure: volume=463720.5994, area=94921.6169, faces=114\nfaces 114 vol 463720.5994 solids?\nRegistered 'bracket': volume=4.637e+05 mm³, faces=114\n--
[   0s] chat: All features cut. Validating and checkpointing:
[   0s] >> validate()
[   0s]   <- {"result":"Validity gate: PASS (warning: 3 disjoint solid bodies — a single-part task expects one fused solid; fuse them (Part() + ... or a.fuse(b)) or the topo
[   0s] execute #4:  from build123d import *  p = part  # ---- R35 concave blend: left arm top edge (y=25.79) 
[   0s]   <- {"result":"Error: Standard_TypeMismatch: TopoDS::Face\n\n{\"failure_class\": \"unknown\", \"suggested_fix\": \"Review the full error message and traceback for c
[   0s] . last_error
[   0s]   <- {"result":"{\n  \"type\": \"Standard_TypeMismatch\",\n  \"message\": \"TopoDS::Face\",\n  \"line\": 33,\n  \"excerpt\": \" 31              Line((59.0, c2[1]), (
[   0s] execute #5:  from build123d import *  # p already has R35 blend + widened right arm root (lines before
[   0s]   <- {"result":"Error: Standard_TypeMismatch: TopoDS::Face\n\n{\"failure_class\": \"unknown\", \"suggested_fix\": \"Review the full error message and traceback for c
[   0s] execute #6:  from build123d import *  ARM_R_YTOP = LUG_Y + LUG_R_R   # 25.34 ARM_R_YBOT = LUG_Y - LUG_
[   0s]   <- {"result":"measure: volume=477530.8774, area=96244.236, faces=118\nfaces 118 vol 477530.8774\nRegistered 'bracket': volume=4.775e+05 mm³, faces=118\n--- current
[   0s] >> validate()
[   0s]   <- {"result":"Validity gate: PASS\n{\n  \"passes_gate\": true,\n  \"n_solids\": 1,\n  \"volume\": 477530.8774,\n  \"watertight_manifold\": true,\n  \"open_edges\":
[   0s] chat: Single valid solid. Checkpointing now:
[   0s] >> export(/tmp/cgb_fixture.A3YxJt/output.step)
[   0s] . save_snapshot
[   0s]   <- {"result":"Exported to /tmp/cgb_fixture.A3YxJt/output.step\nvolume 4.775e+05 mm³, bbox 235×153×75 mm, 118 faces"}
[   0s]   <- {"result":"Snapshot 'v1_valid' saved. Geometry captured: current_shape, bracket."}
[   0s] . render_view
[   0s]   <- [SEND: /tmp/cgb_fixture.A3YxJt/r_iso.png] Rendered via 3d pipeline.
[   0s] . render_view
[   0s] . render_view
[   0s]   <- [SEND: /tmp/cgb_fixture.A3YxJt/r_front.png] Rendered via 3d pipeline.
[   0s]   <- [SEND: /tmp/cgb_fixture.A3YxJt/r_top.png] Rendered via 3d pipeline.
[   0s] execute #7:  from build123d import *  p = part  # ---- gusset under left arm root (fills the R25-cove 
[   0s]   <- {"result":"boss corner edges: 2\nmeasure: volume=485252.3985, area=98793.824, faces=125\nfaces 125 vol 485252.3985\nRegistered 'bracket': volume=4.853e+05 mm³, 
[   0s] chat: You've hit your weekly limit · resets 7pm (UTC)
[   0s] RESULT (2176s): You've hit your weekly limit · resets 7pm (UTC)
