[   0s] chat: You've hit your session limit · resets 11pm (UTC)
[   0s] RESULT (0s): You've hit your session limit · resets 11pm (UTC)
[   0s] chat: You've hit your session limit · resets 4am (UTC)
[   0s] RESULT (0s): You've hit your session limit · resets 4am (UTC)
[   0s] chat: I'll start by reading the drawing and the build123d quickref.
[   0s] . Read
[   0s] . ReadMcpResourceTool
[   0s]   <- {"contents":[{"uri":"build123d://quickref","mimeType":"text/plain","text":"Examples below were tested against build123d 0.11.1, the version installed in this en
[   0s]   <- 
[   0s] . Bash
[   0s]   <- (3072, 2118) done
[   0s] . Read
[   0s] . Read
[   0s]   <- 
[   0s]   <- 
[   0s] . Read
[   0s]   <- 
[   0s] . Read
[   0s]   <- 
[   0s] . Bash
[   0s]   <- ok
[   0s] . Read
[   0s] . Read
[   0s]   <- 
[   0s]   <- 
[   0s] chat: You've hit your weekly limit · resets 7pm (UTC)
[   0s] RESULT (177s): You've hit your weekly limit · resets 7pm (UTC)
