[   0s] chat: I'll start by reading the drawing to build the dimension table.
[   0s] . Read
[   0s]   <- 
[   0s] chat: Let me zoom into the three dimensioned views to read callouts precisely.
[   0s] . Bash
[   0s]   <- Exit code 1 Traceback (most recent call last):   File "<string>", line 2, in <module>     from PIL import Image ModuleNotFoundError: No module named 'PIL'
[   0s] . Bash
[   0s]   <- crop_right.png crop_sec.png input.png mcp_config.json prompt.txt stream.jsonl
[   0s] . Read
[   0s]   <- 
[   0s] . Read
[   0s]   <- 
[   0s] . Bash
[   0s]   <- (Bash completed with no output)
[   0s] . Read
[   0s]   <- 
[   0s] chat: Reading the geometry detail now, then checking the isometric for the end-face relief.
[   0s] . Read
[   0s]   <- 
[   0s] chat: Zooming on the section corner and the outer-flat step to settle the Z-profile.
[   0s] . Bash
[   0s]   <- (Bash completed with no output)
[   0s] . Read
[   0s]   <- 
[   0s] . Read
[   0s]   <- 
[   0s] chat: Dimension table is settled (Z=50 thick, Ø100 with flats at ±43.30, 5 mm deep end pockets, gerotor cavity, two ports). Building now.
[   0s] execute #1: from build123d import * import math  # ---- dimension table (mm) ---- thk = 50.0          
[   0s]   <- {"result":"8 [(-24.0, 43.3), (24.0, 43.3), (30.86, 39.34), (30.86, -39.34), (24.0, -43.3), (-24.0, -43.3), (-30.86, -39.34), (-30.86, 39.34)]\nRegistered 'outer
[   0s] execute #2: from build123d import fillet as bd_fillet sk = outer_sk.sketch vf = [v for v in sk.vertice
[   0s]   <- {"result":"outer edges 16 area 7390.5\ntop verts [(-0.0, 11.15)]\nbot verts [(7.0, -17.3), (-7.0, -17.3)]\ncavity bbox Vector: (X=-35.5, Y=-27.5, Z=0) Vector: (
[   0s] >> validate()
[   0s]   <- {"result":"Validity gate: PASS\n{\n  \"passes_gate\": true,\n  \"n_solids\": 1,\n  \"volume\": 197214.3872,\n  \"overlap_check\": \"exact\",\n  \"overlapping_pa
[   0s] chat: Valid on the first pass. Checkpointing (export + snapshot) and rendering the plan and isometric to compare against the drawing.
[   0s] >> export(part)
[   0s] . save_snapshot
[   0s] . render_view
[   0s] . render_view
[   0s]   <- {"result":"Exported to /private/var/folders/nc/sgtnd9hs0yjfrp26bcq3rwnr0000gn/T/cgb_fixture.0WMuZF/output.step\nvolume 1.972e+05 mm³, bbox 100×86.6×50 mm, 60 fa
[   0s]   <- {"result":"Snapshot 'v1' saved. Geometry captured: current_shape, outer_sk, part."}
[   0s]   <- [SEND: /var/folders/nc/sgtnd9hs0yjfrp26bcq3rwnr0000gn/T/build123d_g6y6u8fv.png] Rendered via 3d pipeline.
[   0s]   <- [SEND: /var/folders/nc/sgtnd9hs0yjfrp26bcq3rwnr0000gn/T/build123d_a3besmvl.png] Rendered via 3d pipeline.
[   0s] chat: Form matches the drawing across views. Next: add the R1 edge fillets (end-face rim and pocket floor corners) and the 0.5 mm cavity lip, then re-validate.
[   0s] execute #3: import copy p = copy.copy(part) def sel_outer_rim(shape, z):     # edges at height z on th
[   0s]   <- {"result":"Error: TypeError: 'bool' object is not callable\n\n{\"failure_class\": \"unknown\", \"suggested_fix\": \"Review the full error message and traceback 
[   0s] execute #4: rim = sel_outer_rim(p,0)+sel_outer_rim(p,thk) print("rim edges", len(rim)) p1 = p.fillet(e
[   0s]   <- {"result":"rim edges 24\nafter rim fillet valid True 92\npocket floor edges 16\nafter pocket fillet valid True 108\nRegistered 'part2': volume=1.972e+05 mm³, fa
[   0s] >> validate(part2)
[   0s]   <- {"result":"Validity gate: PASS\n{\n  \"passes_gate\": true,\n  \"n_solids\": 1,\n  \"volume\": 197174.8943,\n  \"overlap_check\": \"exact\",\n  \"overlapping_pa
[   0s] . render_view
[   0s] . render_view
[   0s] . find_holes
[   0s]   <- [SEND: /var/folders/nc/sgtnd9hs0yjfrp26bcq3rwnr0000gn/T/build123d_1h_0fl07.png] Rendered via 3d pipeline.
[   0s]   <- [SEND: /var/folders/nc/sgtnd9hs0yjfrp26bcq3rwnr0000gn/T/build123d_jtec5ula.png] Rendered via 3d pipeline.
[   0s]   <- {"result":"{\"count\": 9, \"holes\": [{\"axis\": [0.0, 0.0, -1.0], \"location\": [-25.74, -30.94, 50.0], \"diameter\": 12.0, \"depth\": 50.0, \"bottom\": \"thro
[   0s] chat: Feature set verified numerically (4×Ø12, 2×Ø6, Ø39 lobes at ±16, ports Ø15/Ø20×12/Ø30×2). Adding the small 0.5 mm cavity lip shown by the R19.5/R20 double line, then finalizing.
[   0s] execute #5: def sel_cavity_edges(shape, z):     out=[]     for e in shape.edges():         bb=e.boundi
[   0s]   <- {"result":"cavity edges 0\nchamfer failed Failed creating a chamfer, try a smaller length value(s)\n\nSession objects: outer_sk (Sketch, 1 faces), part (Part, 6
[   0s] execute #6: def sel_cavity_edges(shape, z):     out=[]     for e in shape.edges():         bb=e.boundi
[   0s]   <- {"result":"cavity edges 12 [<GeomType.CIRCLE>, <GeomType.CIRCLE>, <GeomType.CIRCLE>, <GeomType.CIRCLE>, <GeomType.CIRCLE>, <GeomType.CIRCLE>, <GeomType.CIRCLE>,
[   0s] >> validate(part3)
[   0s]   <- {"result":"Validity gate: PASS\n{\n  \"passes_gate\": true,\n  \"n_solids\": 1,\n  \"volume\": 197125.0219,\n  \"overlap_check\": \"exact\",\n  \"overlapping_pa
[   0s] >> export(part3)
[   0s] . save_snapshot
[   0s] . cross_sections
[   0s]   <- {"result":"Exported to /private/var/folders/nc/sgtnd9hs0yjfrp26bcq3rwnr0000gn/T/cgb_fixture.0WMuZF/output.step\nvolume 1.971e+05 mm³, bbox 100×86.6×50 mm, 120 f
[   0s]   <- {"result":"Snapshot 'v2_final' saved. Geometry captured: current_shape, outer_sk, part, part2, part3."}
[   0s]   <- {"result":"[\n  {\n    \"position\": 0.5,\n    \"area\": 3289.1704\n  },\n  {\n    \"position\": 5.4,\n    \"area\": 4397.1314\n  },\n  {\n    \"position\": 10.
[   0s] . render_view
[   0s]   <- [SEND: /var/folders/nc/sgtnd9hs0yjfrp26bcq3rwnr0000gn/T/build123d_8_qsxh8o.png] Rendered via 3d pipeline.
[   0s] chat: The final export is written and validated. Summary:

**Result:** `output.step` contains a valid, watertight single solid (validate PASS, export gate PASS) of the gear-pump housing.

**Dimension table 
[   0s] RESULT (637s): The final export is written and validated. Summary:

**Result:** `output.step` contains a valid, watertight single solid (validate PASS, export gate PASS) of th
