[   0s] chat: I'll start by reading the drawing to build the dimension table.
[   0s] . Read
[   0s]   <- 
[   0s] chat: This is a folded sheet-metal part with a flat pattern, folded plan, and folded front view. Let me zoom in on the callouts.
[   0s] . Bash
[   0s]   <- Exit code 1 Traceback (most recent call last):   File "<string>", line 2, in <module>     from PIL import Image ModuleNotFoundError: No module named 'PIL'
[   0s] . Bash
[   0s]   <- crop_flat.png crop_fold.png crop_front.png input.png mcp_config.json prompt.txt stream.jsonl
[   0s] . Read
[   0s]   <- 
[   0s] . Read
[   0s]   <- 
[   0s] . Read
[   0s]   <- 
[   0s] execute #1:  from build123d import * import math  # ---------------- dimension table (mm) ------------
[   0s]   <- {"result":"Error: ValueError: Failed creating a fillet with radius of 4.0, try a smaller value or use max_fillet() to find the largest valid fillet radius\n\n{\
[   0s] execute #2:  # Build channel section in YZ plane as 2D, extrude along X H = 40.0 with BuildSketch(Plan
[   0s]   <- {"result":"Error: NameError: name 'zcyl' is not defined\n\n{\"failure_class\": \"unknown\", \"suggested_fix\": \"Review the full error message and traceback for
[   0s] execute #3:  def zcyl(d, x, y, h=10):     return Cylinder(d/2, h).moved(Location((x, y, t/2))) def zsl
[   0s]   <- {"result":"Registered 'body': volume=1.095e+04 mm³, faces=59\nmeasure: volume=10950.7872, area=23010.2196, faces=59\n{'xmin': 0.0, 'xmax': 100.0, 'ymin': -1.0, 
[   0s] chat: Base channel with all holes and slots is done. Now adding the formed features: square pocket, bead, left side tabs, and right hem tabs.
[   0s] execute #4:  # ---- square drawn pocket (open top, closed bottom) ---- def sq_loft(w_top, r_top, w_bot
[   0s]   <- {"result":"Registered 'body': volume=1.145e+04 mm³, faces=82\nmeasure: volume=11454.8889, area=23385.8836, faces=82\n{'xmin': -0.0, 'xmax': 100.0, 'ymin': -1.0,
[   0s] execute #5:  def sheet_yz(pts, x0, x1):     """pts as (Y,Z) polyline; thickness t sheet extruded from 
[   0s]   <- {"result":"measure: volume=0, area=0.0, faces=0\n{'xmin': 0.0, 'xmax': 0.0, 'ymin': 0.0, 'ymax': 0.0, 'zmin': 0.0, 'zmax': 0.0, 'xsize': 0.0, 'ysize': 0.0, 'zsi
[   0s] execute #6:  line = Polyline((0,0),(10,0),(10,10)) f = offset(line, 0.5, side=Side.BOTH, kind=Kind.ARC
[   0s]   <- {"result":"<class 'build123d.topology.composite.Curve'> 0.0\n0 None\n<class 'build123d.topology.composite.Curve'> 0\n--- current_shape ---\nvolume: 0 (-1.15e+04
[   0s] execute #7:  def thick_face(pts):     line = Polyline(*pts)     c = offset(line, t/2, side=Side.BOTH, 
[   0s]   <- {"result":"measure: volume=660.2147, area=1428.7808, faces=12\n{'xmin': -15.0, 'xmax': 0.5, 'ymin': 1.5, 'ymax': 30.5, 'zmin': -0.0, 'zmax': 11.5, 'xsize': 15.5
[   0s] >> validate(body2)
[   0s]   <- {"result":"Validity gate: FAIL — 5 open edge(s) — not watertight (open shell or unsewn faces) — the build123d://skill/repair resource has the defect-class repai
[   0s] . render_view
[   0s]   <- [SEND: /var/folders/nc/sgtnd9hs0yjfrp26bcq3rwnr0000gn/T/build123d_drf6psfe.png] Rendered via 3d pipeline.
[   0s] . locate_gate_defects
[   0s]   <- {"result":"No validity defects located — the part passes the structural checks.\n{\"count\": 0, \"defects\": [], \"diagnosis\": {\"status\": \"no_located_defect
[   0s] chat: The fused part reports 5 open edges that the locator can't pinpoint. I'll check which sub-solid introduces them and clean the boolean result.
[   0s] execute #8:  from OCP.BRepCheck import BRepCheck_Analyzer def open_edge_count(s):     from OCP.TopExp 
[   0s]   <- {"result":"body 0 1\nlower 0 1\nupper 0 1\nmid 0 1\nr0 0 1\nr1 0 1\nbody2 5 1\nclean 5\nfix 5 14298.731268259151\n--- current_shape ---\nvolume: 1.43e+04 mm³  |
[   0s] execute #9:  # find which fusion step introduces open edges, and where they are acc = body for name, s
[   0s]   <- {"result":"lower 1\nupper 3\nmid 5\nr0 5\nr1 5\nGeomType.LINE Vector: (X=0.25, Y=30, Z=0) 0.5\nGeomType.LINE Vector: (X=0.25, Y=89, Z=0) 0.5\nGeomType.LINE Vect
[   0s] execute #10:  def thick_face(pts):     line = Polyline(*pts)     c = offset(line, t/2, side=Side.BOTH, 
[   0s]   <- {"result":"5 1\nRegistered 'body2': volume=1.431e+04 mm³, faces=141\nmeasure: volume=14305.4112, area=29462.7393, faces=141\n{'xmin': -15.0, 'xmax': 106.9, 'ymi
[   0s] execute #11:  pts = [(33, zm), (33, -6.5), (36, -10), (56, -10), (59, -6.5), (59, zm)] line = Polyline(
[   0s]   <- {"result":"12 [(<GeomType.CIRCLE>, 1.571), (<GeomType.LINE>, 7.185), (<GeomType.LINE>, 5.025), (<GeomType.LINE>, 20.46), (<GeomType.LINE>, 5.025), (<GeomType.LI
[   0s] execute #12:  BIG = 500 def clip(solid, xmin=-BIG, xmax=BIG, zmin=-BIG, zmax=BIG):     return solid & B
[   0s]   <- {"result":"measure: volume=665.4969, area=1450.5915, faces=10\n{'xmin': -15.0, 'xmax': 0.5, 'ymin': 1.2417, 'ymax': 30.7583, 'zmin': -0.0, 'zmax': 11.5, 'xsize'
[   0s] >> validate(body2)
[   0s]   <- {"result":"Validity gate: PASS\n{\n  \"passes_gate\": true,\n  \"n_solids\": 1,\n  \"volume\": 14317.6288,\n  \"overlap_check\": \"exact\",\n  \"overlapping_pai
[   0s] chat: Valid. Exporting the checkpoint and snapshotting, then checking the form against the drawing.
[   0s] >> export(body2)
[   0s] . save_snapshot
[   0s] . render_view
[   0s] . render_view
[   0s]   <- {"result":"Exported to /private/var/folders/nc/sgtnd9hs0yjfrp26bcq3rwnr0000gn/T/cgb_fixture.KxV0zL/output.step\nvolume 1.432e+04 mm³, bbox 121.9×98.4×25.5 mm, 1
[   0s]   <- {"result":"Snapshot 'v1' saved. Geometry captured: current_shape, body, body2."}
[   0s]   <- [SEND: /var/folders/nc/sgtnd9hs0yjfrp26bcq3rwnr0000gn/T/build123d_8bpfpmyb.png] Rendered via 3d pipeline.
[   0s]   <- [SEND: /var/folders/nc/sgtnd9hs0yjfrp26bcq3rwnr0000gn/T/build123d_gtfbyrxc.png] Rendered via 3d pipeline.
[   0s] execute #13:  print("pocket bottom solid:", body2.is_inside((sq_cx, sq_cy, -4.5)), " pocket cavity empt
[   0s]   <- {"result":"pocket bottom solid: True  pocket cavity empty: False\nbead top solid: True True\nmeasure: volume=311.3039, area=426.3729, faces=6\n{'xmin': 43.4, 'x
[   0s] execute #14:  rtab_flat_end = 122.0        # X where the curl starts (plan shows ~25 beyond plate edge)
[   0s]   <- {"result":"measure: volume=783.5363, area=1675.2168, faces=8\n{'xmin': 99.5, 'xmax': 125.0, 'ymin': 1.0, 'ymax': 25.0, 'zmin': -5.0, 'zmax': 1.0, 'xsize': 25.5,
[   0s] >> validate(body3)
[   0s]   <- {"result":"Validity gate: PASS\n{\n  \"passes_gate\": true,\n  \"n_solids\": 1,\n  \"volume\": 14973.7279,\n  \"overlap_check\": \"exact\",\n  \"overlapping_pai
[   0s] . render_view
[   0s] . render_view
[   0s] . find_holes
[   0s]   <- [SEND: /var/folders/nc/sgtnd9hs0yjfrp26bcq3rwnr0000gn/T/build123d_6yog0bbe.png] Rendered via 3d pipeline.
[   0s]   <- [SEND: /var/folders/nc/sgtnd9hs0yjfrp26bcq3rwnr0000gn/T/build123d_i_mpzvbi.png] Rendered via 3d pipeline.
[   0s]   <- {"result":"{\"count\": 9, \"holes\": [{\"axis\": [0.0, 0.0, -1.0], \"location\": [10.0, 45.5, 1.0], \"diameter\": 10.0, \"depth\": 1.0, \"bottom\": \"through\",
[   0s] chat: The model matches the drawing's front view (two chamfered hoods, hanging channel, hem curls) and the plan. Exporting the final version.
[   0s] >> export(body3)
[   0s] . save_snapshot
[   0s]   <- {"result":"Exported to /private/var/folders/nc/sgtnd9hs0yjfrp26bcq3rwnr0000gn/T/cgb_fixture.KxV0zL/output.step\nvolume 1.497e+04 mm³, bbox 140×98.4×25.5 mm, 140
[   0s]   <- {"result":"Snapshot 'v2' saved. Geometry captured: current_shape, body, body2, body3."}
[   0s] chat: The part is complete, validated, and exported to `output.step`.

**What was built**, a 1 mm folded sheet-metal tray:

- **Main plate** 100 × 96.4 mm with two 90° flanges 15 mm tall (R3 bends), each ca
[   0s] RESULT (686s): The part is complete, validated, and exported to `output.step`.

**What was built**, a 1 mm folded sheet-metal tray:

- **Main plate** 100 × 96.4 mm with two 90
