[   0s] chat: I'll start by reading the drawing to build the dimension table.
[   0s] . Read
[   0s]   <- 
[   0s] chat: Complex thin-walled housing. Let me zoom on the section and plan views to read the callouts precisely.
[   0s] . Bash
[   0s]   <- Exit code 1 Traceback (most recent call last):   File "<string>", line 2, in <module>     from PIL import Image ModuleNotFoundError: No module named 'PIL'
[   0s] . Bash
[   0s]   <- crop_ang.png crop_bot.png crop_plan.png crop_sec.png crop_side.png input.png mcp_config.json prompt.txt stream.jsonl
[   0s] . Read
[   0s]   <- 
[   0s] . Read
[   0s]   <- 
[   0s] . Read
[   0s]   <- 
[   0s] . Read
[   0s]   <- 
[   0s] . Read
[   0s]   <- 
[   0s] execute #1: from build123d import * import math  # ---------------- dimension table (mm) -------------
[   0s]   <- {"result":"Error: ValueError: Could not find fillet vertex on wire: Vertex(-67.50000000000168, 59.529404498952346, 0.0)\n\n{\"failure_class\": \"fillet_fail\", 
[   0s] execute #2: outline0 = Circle(main_r) + Pos(lobe_cx,0)*Circle(lobe_r) # morphological closing: concave
[   0s]   <- {"result":"outline bbox bbox: -135.0 <= x <= 90.00000000000001, -90.0 <= y <= 90.00000000000001, 0.0 <= z <= 0.0 area 30230.342879946966 edges 5\ninner bbox bbo
[   0s] execute #3: tan1 = math.tan(math.radians(cone1_ang)); tan2 = math.tan(math.radians(cone2_ang)) tube_ro
[   0s]   <- {"result":"r_knee 36.472517267263285 r_base 62.98251726726329 zk_in 105.81063650794846 r_in(zk) 33.92924007219555 zt_in 133.40326289786103\nRegistered 'part': v
[   0s] chat: Solid built with the right envelope (255×210×146). Validating, checkpointing, and rendering to compare against the drawing.
[   0s] >> validate(part)
[   0s]   <- {"result":"Validity gate: PASS\n{\n  \"passes_gate\": true,\n  \"n_solids\": 1,\n  \"volume\": 292075.3268,\n  \"overlap_check\": \"exact\",\n  \"overlapping_pa
[   0s] . render_view
[   0s] . render_view
[   0s]   <- [SEND: /var/folders/nc/sgtnd9hs0yjfrp26bcq3rwnr0000gn/T/build123d_7mc904op.png] Rendered via 3d pipeline.
[   0s]   <- [SEND: /var/folders/nc/sgtnd9hs0yjfrp26bcq3rwnr0000gn/T/build123d_jgoniy13.png] Rendered via 3d pipeline.
[   0s] >> export(part)
[   0s] . save_snapshot
[   0s] . find_holes
[   0s] . cross_sections
[   0s]   <- {"result":"Exported to /private/var/folders/nc/sgtnd9hs0yjfrp26bcq3rwnr0000gn/T/cgb_fixture.BhXg4T/output.step\nvolume 2.921e+05 mm³, bbox 254.8×209.8×146 mm, 5
[   0s]   <- {"result":"Snapshot 'v1' saved. Geometry captured: current_shape, outline, part."}
[   0s]   <- {"result":"{\"count\": 7, \"holes\": [{\"axis\": [0.0, 0.0, -1.0], \"location\": [70.0, 80.0, 3.0], \"diameter\": 12.0, \"depth\": 3.0, \"bottom\": \"through\",
[   0s]   <- {"result":"[\n  {\n    \"position\": 1.46,\n    \"area\": 14405.733\n  },\n  {\n    \"position\": 14.4673,\n    \"area\": 1877.3905\n  },\n  {\n    \"position\"
[   0s] execute #4: p2 = part try:     # concave R2 where wall meets flange top (edges at z=flange_t lying on 
[   0s]   <- {"result":"junction edges 25\nfillet1 failed Failed creating a fillet with radius of 2.0, try a smaller value or use max_fillet() to find the largest valid fill
[   0s] execute #5: p2 = part ow = outline.wires()[0]; fw = fl.wires()[0] def on_wire(e, w, tol=0.05):     ret
[   0s]   <- {"result":"junction 0 chamfer 0\nfillet junction failed list index out of range\ntube top ok True\nchamfer 2.5 failed list index out of range\nchamfer 2.0 faile
[   0s] execute #6: def on_wire(e, w, tol=0.05):     c = e.center(); return w.distance_to(Vector(c.X, c.Y, 0))
[   0s]   <- {"result":"junction 5 [111.1, 285.2, 28.1, 28.1, 174.8]\nfillet junction failed Failed creating a fillet with radius of 2.0, try a smaller value or use max_fill
[   0s] execute #7: done = False for r in (1.5, 1.0):     try:         e_junc = [e for e in p2.edges() if abs(
[   0s]   <- {"result":"junction fillet 1.5 failed Failed creating a fillet with radius of 1.5, try a smaller value or use max_fill\njunction fillet 1.0 ok True\nRegistered 
[   0s] chat: Cosmetic features applied. Validating the refined part, and if it passes, re-exporting over the checkpoint and rendering a final comparison view.
[   0s] >> validate(part2)
[   0s] . find_holes
[   0s]   <- {"result":"Validity gate: PASS\n{\n  \"passes_gate\": true,\n  \"n_solids\": 1,\n  \"volume\": 289717.4844,\n  \"overlap_check\": \"exact\",\n  \"overlapping_pa
[   0s]   <- {"result":"{\"count\": 7, \"holes\": [{\"axis\": [0.0, 0.0, -1.0], \"location\": [51.1059, -74.0823, 4.0], \"diameter\": 8.0, \"depth\": 4.0, \"bottom\": \"thro
[   0s] >> export(part2)
[   0s] . save_snapshot
[   0s] . render_view
[   0s] . render_view
[   0s]   <- {"result":"Exported to /private/var/folders/nc/sgtnd9hs0yjfrp26bcq3rwnr0000gn/T/cgb_fixture.BhXg4T/output.step\nvolume 2.897e+05 mm³, bbox 254.8×209.8×146 mm, 8
[   0s]   <- {"result":"Snapshot 'v2' saved. Geometry captured: current_shape, outline, part, part2."}
[   0s]   <- [SEND: /var/folders/nc/sgtnd9hs0yjfrp26bcq3rwnr0000gn/T/build123d_bfx9e_s9.png] Rendered via 3d pipeline.
[   0s]   <- [SEND: /var/folders/nc/sgtnd9hs0yjfrp26bcq3rwnr0000gn/T/build123d_b2st9qhu.png] Rendered via 3d pipeline.
[   0s] chat: The final part is exported and valid at `/var/folders/nc/sgtnd9hs0yjfrp26bcq3rwnr0000gn/T//cgb_fixture.BhXg4T/output.step`.

**What was built.** A thin-walled housing reconstructed parametrically from
[   0s] RESULT (493s): The final part is exported and valid at `/var/folders/nc/sgtnd9hs0yjfrp26bcq3rwnr0000gn/T//cgb_fixture.BhXg4T/output.step`.

**What was built.** A thin-walled h
