[   0s] chat: I'll bank the unchanged baseline first, then locate the 7 blades and rebuild them as 5.
[   0s] . import_cad_file
[   0s] . ReadMcpResourceTool
[   0s]   <- {"result":"{\n  \"volume\": 3142322.551,\n  \"solids\": 1,\n  \"faces\": 156,\n  \"edges\": 393,\n  \"vertices\": 239,\n  \"bbox\": {\n    \"xsize\": 360.0,\n  
[   0s]   <- {"contents":[{"uri":"build123d://skill/edit","mimeType":"text/plain","text":"# Edit Existing build123d Geometry (b123d-edit)\n\nUse this skill when the task is 
[   0s] >> validate(part)
[   0s] >> export(part)
[   0s]   <- {"result":"Validity gate: PASS (warning: mesh open-edge / non-closure / refined face-tessellation NOT verified — this shape was too large for the exact stitch i
[   0s] . save_snapshot
[   0s] . Read
[   0s] . Read
[   0s]   <- {"result":"Exported to /private/var/folders/nc/sgtnd9hs0yjfrp26bcq3rwnr0000gn/T/cgb_fixture.hWeQ74/output.step\nvolume 3.142e+06 mm³, bbox 360×360×134 mm, 156 f
[   0s]   <- {"result":"Snapshot 'baseline' saved. Geometry captured: current_shape, part."}
[   0s]   <- 
[   0s]   <- 
[   0s] execute #1: from build123d import * from build123d import import_step import math part = import_step("
[   0s]   <- {"result":"Registered 'original': volume=3.142e+06 mm³, faces=156\nmeasure: volume=3142322.551, area=418944.6449, faces=156\n{'xmin': -180.0, 'xmax': 180.0, 'ym
[   0s] chat: Baseline is banked. Now I'll characterise the body: hub, shroud, and the 7 blade face-groups.
[   0s] execute #2: for f in part.faces():     if f.geom_type in (GeomType.PLANE, GeomType.CYLINDER) or f.area
[   0s] . render_view
[   0s] . Read
[   0s]   <- {"result":"GeomType.CYLINDER 0.2 [29.2, 33.9, -15.1] z: -15.1 -15.1 r~ 44.8\nGeomType.BSPLINE 11805.3 [129.7, -14.4, 5.2] z: -55.3 63.1 r~ 130.5\nGeomType.BSPLI
[   0s]   <- 
[   0s]   <- [SEND: /var/folders/nc/sgtnd9hs0yjfrp26bcq3rwnr0000gn/T/build123d_9slwlhcg.png] Rendered via 3d pipeline.
[   0s] execute #3: from OCP.BRep import BRep_Tool from OCP.BRepAdaptor import BRepAdaptor_Surface from OCP.Ge
[   0s]   <- {"result":"TORUS major 44.367730523462 minor 1.0 loc -2.6645352591e-15 -1.42108547152e-14 -14.12580865889 axis 0.0 0.0 1.0 area 40.8\nTORUS major 171.6101527005
[   0s] execute #4: from build123d import Vector # --- exact axisymmetric body parameters (from imported analy
[   0s]   <- {"result":"centre dist 140.9999999999967 r1+r2 141.0\ntangent pt (45.27015904954073, -14.55664825238086) rim_z 64.87419134110523\nRegistered 'body': volume=2.78
[   0s] execute #5: from OCP.BRepAlgoAPI import BRepAlgoAPI_Cut, BRepAlgoAPI_Fuse, BRepAlgoAPI_Common from OCP
[   0s]   <- {"result":"Error: TypeError: 'bool' object is not callable\n\n{\"failure_class\": \"unknown\", \"suggested_fix\": \"Review the full error message and traceback 
[   0s] execute #6: body_solid = body.solids()[0] print('body valid', body_solid.is_valid, 'vol', body_solid.v
[   0s]   <- {"result":"body valid True vol 2784740.119227779 part valid True\ncommon vol 0 body vol 2784740.119227779\nn blade solids 4 [52710.0, 2988246.6, 53656.8, 53505.
[   0s] execute #7: from OCP.BRepClass3d import BRepClass3d_SolidClassifier from OCP.gp import gp_Pnt from OCP
[   0s]   <- {"result":"(100, 0, 72) body IN part IN\n(30, 0, -14) body IN part IN\n(100, 0, -30) body OUT part OUT\n(0, 0, 0) body OUT part OUT\n(500, 0, 0) body OUT part O
[   0s] chat: Both solids are individually valid, so the boolean failure is from fully coincident faces. I'll retry the split with OCC's glue mode, which is designed for that case.
[   0s] execute #8: from OCP.BOPAlgo import BOPAlgo_GlueEnum def glue_bool(op, a, b, fuzz=1e-5, glue=BOPAlgo_G
[   0s]   <- {"result":"BOPAlgo_GlueEnum.BOPAlgo_GlueShift common 0 cut solids 4 [52710.0, 2988265.5, 53656.8, 53534.5]\nBOPAlgo_GlueEnum.BOPAlgo_GlueFull common 2783505.2 c
[   0s] execute #9: cutF = glue_bool(BRepAlgoAPI_Cut, part, body_solid, glue=BOPAlgo_GlueEnum.BOPAlgo_GlueFull
[   0s]   <- {"result":"shells 1 faces 179 valid False vol 359503.4944747535\n  shell faces 179 bbox [-180.0, -180.0, -59.1, 180.0, 180.0, 65.1]\ncommon solids 1 faces 19 va
[   0s] execute #10: def make_body(eps):     """Axisymmetric hub+shroud body grown outward by eps (eps=0 -> exa
[   0s]   <- {"result":"body_g vol 2785211.995000249 exact 2784740.119227779 valid True\nstubs 6 [52705.0, 53639.9, 53641.8, 53642.4, 53932.6, -0.0]\n  stub centre ang -108.
[   0s] execute #11: def report(label, comp):     sol=[s for s in comp.solids() if s.volume>1]     print(label,
[   0s]   <- {"result":"Error: The operation exceeded the 240s time limit and the step was dropped — the session was rebuilt by replaying 10 prior steps (snapshots and tool-
[   0s] chat: The last call timed out and the session was replayed. I'll check state and continue in smaller steps.
[   0s] . session_state
[   0s]   <- {"result":"{\n  \"current_shape\": {\n    \"volume\": 2785211.995,\n    \"faces\": 6,\n    \"edges\": 10,\n    \"vertices\": 6,\n    \"bbox\": [\n      360.004,
[   0s] execute #12: n_blades_current = 7 n_blades_target = 5 pitch_new = 360.0 / n_blades_target  # deg tmpl =
[   0s]   <- {"result":"template angle 96.9 vol 53642.4\nresult solids 1 faces 128 vol 3041543.058970607\nexpected ~ 3052951.976924321\nvalid True\nRegistered 'edited': volu
[   0s] execute #13: for k,b in enumerate(new_blades):     cm = (edited & b)     print('blade',k,'angle',round(
[   0s] >> validate(edited)
[   0s] . render_view
[   0s]   <- {"result":"blade 0 angle 96.9 blade vol 53642.4 inside edited 53642.4\nblade 1 angle 168.9 blade vol 53642.4 inside edited 53642.4\nblade 2 angle 240.9 blade vo
[   0s]   <- {"result":"Validity gate: PASS (warning: mesh open-edge / non-closure / refined face-tessellation NOT verified — this shape was too large for the exact stitch i
[   0s]   <- [SEND: /var/folders/nc/sgtnd9hs0yjfrp26bcq3rwnr0000gn/T/build123d_pbbkcpx7.png] Rendered via 3d pipeline.
[   0s] chat: Blades at -47° and +25° each lose about 1180 mm³ where they cross the revolved body's seam at 0°. I'll measure the blade angular footprint and move the seam into a gap.
[   0s] execute #14: import numpy as np # angular footprint of the template blade (sample every edge) angs=[] f
[   0s]   <- {"result":"template footprint rel to centroid: min -35.7 max 58.8 span 94.6\ngap between blades -22.6\na seam-safe angle 144.4\n# vars: gap_centre=np.float64(14
[   0s] execute #15: lost = new_blades[4] - edited print('lost region vol', round(lost.volume,1), 'bbox', lost.
[   0s]   <- {"result":"lost region vol 0 bbox (0.0, 0.0, 0.0) (0.0, 0.0, 0.0)\nB (grown body, exact fuse): solids 1 vol 3042098.5 expected 3053423.9 faces 128\n--- current_
[   0s] execute #16: from OCP.GProp import GProp_GProps from OCP.BRepGProp import BRepGProp def pvol(s, eps=1e-
[   0s]   <- {"result":"original default 3142322.6 precise 3150323.7\nbody_exact default 2784740.1 precise 2784740.1\nbody_g default 2785212.0 precise 2785212.0\ntmpl defaul
[   0s] chat: The candidate is complete: precise volume matches body plus five blades within 114 mm³, which is the 0.002 mm root layer. Now the export gate, the shape compare, and a visual check.
[   0s] >> export(edited)
[   0s] . compare
[   0s] . render_view
[   0s]   <- {"result":"Exported to /private/var/folders/nc/sgtnd9hs0yjfrp26bcq3rwnr0000gn/T/cgb_fixture.hWeQ74/candidate_5blade.step\nvolume 3.042e+06 mm³, bbox 360×360×134
[   0s]   <- {"result":"{\n  \"a\": {\n    \"name\": \"original\",\n    \"volume\": 3142322.551,\n    \"faces\": 156,\n    \"edges\": 393,\n    \"vertices\": 239,\n    \"bbo
[   0s]   <- [SEND: /var/folders/nc/sgtnd9hs0yjfrp26bcq3rwnr0000gn/T/build123d_w7d_gref.png] Rendered via 3d pipeline.
[   0s] >> export(edited)
[   0s] . save_snapshot
[   0s]   <- {"result":"Exported to /private/var/folders/nc/sgtnd9hs0yjfrp26bcq3rwnr0000gn/T/cgb_fixture.hWeQ74/output.step\nvolume 3.042e+06 mm³, bbox 360×360×134 mm, 128 f
[   0s]   <- {"result":"Snapshot 'edited_5blade' saved. Geometry captured: current_shape, original, body, edited."}
[   0s] execute #17: from OCP.BRepAdaptor import BRepAdaptor_Surface def inventory(s):     inv=Counter()     fo
[   0s]   <- {"result":"ORIGINAL\n   CYL r=15.000 1\n   CYL r=180.000 1\n   CYL r=2.000 6\n   GeomType.BSPLINE 125\n   PLANE z=-15.126 1\n   PLANE z=74.874 1\n   SPHERE R=2.
[   0s] chat: Done. The 5-blade impeller is written to `output.step` and has passed both the validate and export gates.

**What the part is**: an axisymmetric shroud/hub body (top disc at z 74.87, rim cylinder r 18
[   0s] RESULT (889s): Done. The 5-blade impeller is written to `output.step` and has passed both the validate and export gates.

**What the part is**: an axisymmetric shroud/hub body
