[   0s] chat: I'll import the part, bank the baseline, then thicken it by 2.5 mm in +Z.
[   0s] . import_cad_file
[   0s] . ReadMcpResourceTool
[   0s]   <- {"result":"{\n  \"volume\": 77895.7599,\n  \"solids\": 1,\n  \"faces\": 118,\n  \"edges\": 318,\n  \"vertices\": 202,\n  \"bbox\": {\n    \"xsize\": 320.0,\n   
[   0s]   <- {"contents":[{"uri":"build123d://skill/edit","mimeType":"text/plain","text":"# Edit Existing build123d Geometry (b123d-edit)\n\nUse this skill when the task is 
[   0s] >> validate(part)
[   0s]   <- {"result":"Validity gate: PASS\n{\n  \"passes_gate\": true,\n  \"n_solids\": 1,\n  \"volume\": 77895.7599,\n  \"overlap_check\": \"exact\",\n  \"overlapping_pai
[   0s] >> export(part)
[   0s] . save_snapshot
[   0s] . measure
[   0s] . Read
[   0s]   <- {"result":"Exported to /private/var/folders/nc/sgtnd9hs0yjfrp26bcq3rwnr0000gn/T/cgb_fixture.rIOy0n/output.step\nvolume 7.79e+04 mm³, bbox 320×92.26×41.89 mm, 11
[   0s]   <- {"result":"Snapshot 'baseline' saved. Geometry captured: current_shape, part."}
[   0s] . Read
[   0s]   <- 
[   0s]   <- 
[   0s]   <- {"result":"{\n  \"volume\": 77895.7599,\n  \"area\": 45599.9472,\n  \"topology\": {\n    \"faces\": 118,\n    \"edges\": 318,\n    \"vertices\": 202\n  },\n  \"
[   0s] chat: Baseline is banked and clean. Now I'll locate the top plate faces to confirm the current thickness.
[   0s] execute #1: from build123d import * part = import_step("input.step") planes = [f for f in part.faces()
[   0s]   <- {"result":"12405.7 n 1.0 z 17.0768\n11890.2 n -1.0 z 13.0768\ntop Z 17.07681037013\n--- current_shape ---\nvolume: 0 (-7.79e+04, -100.0%) mm³  |  bbox: 320×79.9
[   0s] chat: The plate is 4 mm thick (Z 13.08 to 17.08). I'll extrude the top face upward by 2.5 mm and fuse it, then validate and compare.
[   0s] execute #2: current_top_z = 17.0768   # mm thicken_delta = 2.5       # mm (+Z) top_face = max([f for f
[   0s]   <- {"result":"solids 1 vol 108910.1 dv 31014.34 expected 31014.32\nbbox z -24.8098873886267 19.57681037013 faces 122\nRegistered 'edited': volume=1.089e+05 mm³, fa
[   0s] >> validate(edited)
[   0s] . compare
[   0s]   <- {"result":"Validity gate: PASS\n{\n  \"passes_gate\": true,\n  \"n_solids\": 1,\n  \"volume\": 108910.0958,\n  \"overlap_check\": \"exact\",\n  \"overlapping_pa
[   0s]   <- {"result":"{\n  \"a\": {\n    \"name\": \"original\",\n    \"volume\": 77895.7599,\n    \"faces\": 118,\n    \"edges\": 318,\n    \"vertices\": 202,\n    \"bbox
[   0s] chat: Compare's "spread" warning is expected for a whole-plate thickening. I'll do an exact boolean proof that all change lies above the old top face, then export.
[   0s] execute #3: orig = import_step("input.step") added = edited.cut(orig); removed = orig.cut(edited) ab =
[   0s]   <- {"result":"added vol 31014.32 z range 17.0768 19.5768\nremoved vol 0\nbottom of plate still at [13.0768, 19.5768]\n--- current_shape ---\nvolume: 3.101e+04 (-4.
[   0s] >> export(edited)
[   0s] . render_view
[   0s]   <- {"result":"Exported to /private/var/folders/nc/sgtnd9hs0yjfrp26bcq3rwnr0000gn/T/cgb_fixture.rIOy0n/output.step\nvolume 1.089e+05 mm³, bbox 320×92.26×44.39 mm, 1
[   0s]   <- [SEND: /var/folders/nc/sgtnd9hs0yjfrp26bcq3rwnr0000gn/T/build123d_o3fixg3q.png] Rendered via 3d pipeline.
[   0s] . save_snapshot
[   0s]   <- {"result":"Snapshot 'edited_final' saved. Geometry captured: current_shape, part, edited, original."}
[   0s] chat: The edit is complete and the thickened part is written to `output.step`.

**What was done**
- Banked the unchanged import as a validated, export-clean baseline first.
- Identified the plate as the 4 m
[   0s] RESULT (78s): The edit is complete and the thickened part is written to `output.step`.

**What was done**
- Banked the unchanged import as a validated, export-clean baseline 
