[   0s] chat: I'll import the part, bank the baseline, then locate the +Z boss fillet and defeature it.
[   0s] . import_cad_file
[   0s] . ReadMcpResourceTool
[   0s]   <- {"result":"{\n  \"volume\": 3417501.0869,\n  \"solids\": 1,\n  \"faces\": 93,\n  \"edges\": 215,\n  \"vertices\": 126,\n  \"bbox\": {\n    \"xsize\": 540.0,\n  
[   0s]   <- {"contents":[{"uri":"build123d://skill/edit","mimeType":"text/plain","text":"# Edit Existing build123d Geometry (b123d-edit)\n\nUse this skill when the task is 
[   0s] >> validate(part)
[   0s]   <- {"result":"Validity gate: PASS\n{\n  \"passes_gate\": true,\n  \"n_solids\": 1,\n  \"volume\": 3417501.0869,\n  \"overlap_check\": \"exact\",\n  \"overlapping_p
[   0s] >> export(part)
[   0s] . save_snapshot
[   0s] . Read
[   0s]   <- {"result":"Exported to /private/var/folders/nc/sgtnd9hs0yjfrp26bcq3rwnr0000gn/T/cgb_fixture.fkVSap/output.step\nvolume 3.418e+06 mm³, bbox 540×400×30 mm, 93 fac
[   0s]   <- {"result":"Snapshot 'baseline' saved. Geometry captured: current_shape, part."}
[   0s]   <- 
[   0s] execute #1: from build123d import * part = import_step("input.step") original = import_step("input.ste
[   0s]   <- {"result":"Registered 'original': volume=3.418e+06 mm³, faces=93\nRegistered 'part': volume=3.418e+06 mm³, faces=93\nbbox Vector: (X=-270, Y=-200, Z=-15) Vector
[   0s] execute #2: from collections import Counter print(Counter(str(f.geom_type) for f in part.faces())) for
[   0s]   <- {"result":"Counter({'GeomType.CONE': 35, 'GeomType.CYLINDER': 35, 'GeomType.PLANE': 12, 'GeomType.TORUS': 11})\n0 GeomType.TORUS area=944.8 center=(-25.59,0.00,
[   0s] . Read
[   0s]   <- 
[   0s] . find_bosses
[   0s]   <- {"result":"{\"count\": 2, \"bosses\": [{\"axis\": [0.0, 0.0, -1.0], \"location\": [70.0, 0.0, -15.0], \"diameter\": 190.0, \"height\": 3.0}, {\"axis\": [0.0, 0.
[   0s] execute #3: for i, f in enumerate(part.faces()):     if "PLANE" in str(f.geom_type):         c = f.cen
[   0s]   <- {"result":"31 area=9969.0 z=-15.00 n=(0,0,-1) xsize 190.0 ysize 190.0\n32 area=35622.2 z=-15.00 n=(0,0,-1) xsize 539.0 ysize 399.0\n33 area=126753.2 z=15.00 n=(
[   0s] . render_view
[   0s]   <- [SEND: /var/folders/nc/sgtnd9hs0yjfrp26bcq3rwnr0000gn/T/build123d_z_i09rvb.png] Rendered via 3d pipeline.
[   0s] execute #4: from OCP.BRepAlgoAPI import BRepAlgoAPI_Defeaturing fillet_radius = 2.0     # mm, confirme
[   0s]   <- {"result":"Error: AttributeError: 'OCP.OCP.BRepAlgoAPI.BRepAlgoAPI_Defeaturing' object has no attribute 'HasErrors'\n\n{\"failure_class\": \"unknown\", \"sugges
[   0s] execute #5: import math df = BRepAlgoAPI_Defeaturing() df.SetShape(part.wrapped) for f in tori:     df
[   0s]   <- {"result":"Error: NameError: name 'Shape' is not defined\n\n{\"failure_class\": \"unknown\", \"suggested_fix\": \"Review the full error message and traceback fo
[   0s] chat: Still working on the defeature; retrying with the build123d import made explicit inside the call.
[   0s] execute #6: from build123d import * import math from OCP.BRepAlgoAPI import BRepAlgoAPI_Defeaturing df
[   0s]   <- {"result":"Error: ValueError: Null TopoDS_Shape object\n\n{\"failure_class\": \"unknown\", \"suggested_fix\": \"Review the full error message and traceback for 
[   0s] execute #7: from build123d import * import math from OCP.BRepAlgoAPI import BRepAlgoAPI_Defeaturing fr
[   0s]   <- {"result":"target torus faces: 0\ndefeature done: False null: True\nsolids: 1\nRegistered 'edited': volume=3.417e+06 mm³, faces=63\nmeasure: volume=3416986.2919
[   0s] execute #8: tori = [f for f in part.faces() if "TORUS" in str(f.geom_type) and abs(f.center().Z + 10.5
[   0s]   <- {"result":"target torus faces: 2 [(-25.59, 0.0), (165.59, -0.0)]\ndefeature done: True null: False\nsolids: 1\nRegistered 'edited2': volume=3.417e+06 mm³, faces
[   0s] >> validate(edited2)
[   0s]   <- {"result":"Validity gate: PASS\n{\n  \"passes_gate\": true,\n  \"n_solids\": 1,\n  \"volume\": 3416986.2919,\n  \"overlap_check\": \"exact\",\n  \"overlapping_p
[   0s] . compare
[   0s] execute #9: def inv(s):     return sorted((str(f.geom_type).split('.')[-1], round(f.area,1), round(f.c
[   0s]   <- {"result":"{\n  \"a\": {\n    \"name\": \"original\",\n    \"volume\": 3417501.0869,\n    \"faces\": 93,\n    \"edges\": 215,\n    \"vertices\": 126,\n    \"bbo
[   0s]   <- {"result":"only in original:\n  ('CYLINDER', 406.1, -19.8, -9.5, 0.31)\n  ('CYLINDER', 406.1, -11.0, -9.5, 0.31)\n  ('CYLINDER', 406.1, 7.7, 63.4, 0.31)\n  ('CY
[   0s] execute #10: from OCP.ShapeUpgrade import ShapeUpgrade_UnifySameDomain R = boss_od / 2 ring = (Pos(boss
[   0s]   <- {"result":"cut faces: 63 vol delta: -514.7950646975078\nkept edges: 143 of 146\nsolids: 1\nRegistered 'edited3': volume=3.417e+06 mm³, faces=63\nmeasure: volume
[   0s] execute #11: raw = part.cut(ring) print("raw cut faces:", len(raw.faces()), "vol delta:", raw.volume - 
[   0s]   <- {"result":"raw cut faces: 63 vol delta: -514.7950646975078 solids: 1\nkept edges: 143 of 146\nsolids: 1\nRegistered 'edited3': volume=3.417e+06 mm³, faces=63\nm
[   0s] chat: Still refining: build123d's boolean auto-merges faces across the whole part, so I'm running the raw OCCT cut and then a merge restricted to the boss-root edges.
[   0s] execute #12: from OCP.BRepAlgoAPI import BRepAlgoAPI_Cut op = BRepAlgoAPI_Cut(part.wrapped, ring.wrappe
[   0s]   <- {"result":"raw cut faces: 94 vol delta: -514.7950648702681\nkept edges: 209 of 217\nsolids: 1\nRegistered 'edited3': volume=3.417e+06 mm³, faces=92\nmeasure: vo
[   0s] execute #13: for f in edited3.faces():     b = f.bounding_box()     rr = math.hypot(f.center().X - boss
[   0s] >> validate(edited3)
[   0s]   <- {"result":"R95 cyl: area=1193.8 center [-25.0, 0.0, -11.0] z -12.0 -10.0 bbox x -25.0 165.0\n    edge LINE len=2.00 [165.0, -0.0, -11.0]\n    edge CIRCLE len=14
[   0s]   <- {"result":"Validity gate: PASS\n{\n  \"passes_gate\": true,\n  \"n_solids\": 1,\n  \"volume\": 3416986.2919,\n  \"overlap_check\": \"exact\",\n  \"overlapping_p
[   0s] execute #14: big = 1000 half_pos = Pos(boss_cx, boss_cy + big/2, plate_bottom_z - fillet_radius/2) * Bo
[   0s]   <- {"result":"Error: AttributeError: 'ShapeList' object has no attribute 'volume'\n\nHint: ShapeList is not a Part — `Box() + Cylinder()` concatenates shapes into 
[   0s] execute #15: ring_p = (ring & half_pos).solids()[0]; ring_n = (ring & half_neg).solids()[0] print("ring
[   0s]   <- {"result":"ring halves vol 1511.891464540091 1511.8914645400873\nraw2 faces: 97 vol delta: -514.7950648311526\nkept edges: 209 of 227\nsolids: 1\nRegistered 'ed
[   0s] execute #16: def is_local_wide(e):     for t in (0.0, 0.25, 0.5, 0.75, 1.0):         p = e.position_at(
[   0s]   <- {"result":"kept edges: 205 of 214\nRegistered 'edited5': volume=3.417e+06 mm³, faces=90\nmeasure: volume=3416986.2919, area=337265.7818, faces=90\nsolids 1 face
[   0s] >> validate(edited5)
[   0s]   <- {"result":"Validity gate: PASS\n{\n  \"passes_gate\": true,\n  \"n_solids\": 1,\n  \"volume\": 3416986.2919,\n  \"overlap_check\": \"exact\",\n  \"overlapping_p
[   0s] . compare
[   0s] . find_holes
[   0s]   <- {"result":"{\n  \"a\": {\n    \"name\": \"original\",\n    \"volume\": 3417501.0869,\n    \"faces\": 93,\n    \"edges\": 215,\n    \"vertices\": 126,\n    \"bbo
[   0s]   <- {"result":"{\"count\": 9, \"holes\": [{\"axis\": [0.0, 0.0, 1.0], \"location\": [70.0, 0.0, -14.5], \"diameter\": 150.0, \"depth\": 29.0, \"bottom\": \"through\
[   0s] chat: Candidate verified: the change is confined to the boss root ring and the removed volume matches the analytic 2 mm fillet volume exactly. Exporting it and snapshotting.
[   0s] >> export(edited5)
[   0s] . save_snapshot
[   0s] . render_view
[   0s]   <- {"result":"Exported to /private/var/folders/nc/sgtnd9hs0yjfrp26bcq3rwnr0000gn/T/cgb_fixture.fkVSap/output.step\nvolume 3.417e+06 mm³, bbox 540×400×30 mm, 90 fac
[   0s]   <- {"result":"Snapshot 'edited_fillet_removed' saved. Geometry captured: current_shape, part, original, edited, edited2, edited3, edited4, edited5."}
[   0s]   <- [SEND: /var/folders/nc/sgtnd9hs0yjfrp26bcq3rwnr0000gn/T/build123d_661bhtxf.png] Rendered via 3d pipeline.
[   0s] chat: Done. The boss root fillet has been removed and the edited part is written to `output.step`, validated and export-gate clean.

**Feature identification.** The part is a 30 mm teardrop plate with one b
[   0s] RESULT (325s): Done. The boss root fillet has been removed and the edited part is written to `output.step`, validated and export-gate clean.

**Feature identification.** The p
