[   0s] session 01a05d99-d90a-7d70-9c94-97b4ff9b7e2f
[   0s] . read_mcp_resource
[   0s]   <- {"content": [{"type": "text", "text": "{\"server\":\"build123d\",\"uri\":\"build123d://skill/edit\",\"contents\":[{\"uri\":\"build123d://skill/edit\",\"mimeType
[   0s] . import_cad_file
[   0s]   <- {"content": [{"type": "text", "text": "{\n  \"volume\": 3142322.551,\n  \"solids\": 1,\n  \"faces\": 156,\n  \"edges\": 393,\n  \"vertices\": 239,\n  \"bbox\": 
[   0s] >> validate(part)
[   0s]   <- {"content": [{"type": "text", "text": "Validity gate: PASS (warning: mesh open-edge / non-closure / refined face-tessellation NOT verified \u2014 this shape was
[   0s] >> export(part)
[   0s]   <- {"content": [{"type": "text", "text": "Exported to /private/var/folders/nc/sgtnd9hs0yjfrp26bcq3rwnr0000gn/T/cgb_fixture.Oilp8u/output.step\nvolume 3.142e+06 mm\
[   0s] . save_snapshot
[   0s]   <- {"content": [{"type": "text", "text": "Snapshot 'baseline' saved. Geometry captured: current_shape, part."}], "structured_content": {"result": "Snapshot 'baseli
[   0s] execute #1: from build123d import import_step, show, measure, Axis, Location, Rotation part = import_s
[   0s]   <- {"content": [{"type": "text", "text": "Error: ImportError: cannot import name 'show' from 'build123d' (/Users/paul/.cache/uv/archive-v0/syoaTQflTXoLthlv/lib/pyt
[   0s] execute #2: from build123d import import_step part = import_step("input.step") show(part, "part") prin
[   0s]   <- {"content": [{"type": "text", "text": "Registered 'part': volume=3.142e+06 mm\u00b3, faces=156\nBaseline loaded into namespace\n--- current_shape (\"part\") ---
[   0s] $ /bin/zsh -lc 'ls -la; head -n 50 input.step'
[   0s] $ /bin/zsh -lc "python3 -c \" import build123d as bd print('build123d version:', bd.__version__) \""
[   0s] $ /bin/zsh -lc 'which uv; find /Users/paul/.cache/uv -name "python"'
[   0s] $ /bin/zsh -lc '/Users/paul/.cache/uv/archive-v0/syoaTQflTXoLthlv/bin/python -c "import build123d as bd; print(bd.__file__
[   0s] $ /bin/zsh -lc 'cat edit_description.txt'
[   0s] $ /bin/zsh -lc "/Users/paul/.cache/uv/archive-v0/syoaTQflTXoLthlv/bin/python -c \" import build123d as bd part = bd.import
[   0s] $ /bin/zsh -lc "/Users/paul/.cache/uv/archive-v0/syoaTQflTXoLthlv/bin/python -c \" import build123d as bd part = bd.import
[   0s] $ /bin/zsh -lc "/Users/paul/.cache/uv/archive-v0/syoaTQflTXoLthlv/bin/python -c \" import build123d as bd part = bd.import
[   0s] $ /bin/zsh -lc "/Users/paul/.cache/uv/archive-v0/syoaTQflTXoLthlv/bin/python -c \" import build123d as bd from collections
[   0s] $ /bin/zsh -lc "/Users/paul/.cache/uv/archive-v0/syoaTQflTXoLthlv/bin/python -c \" import build123d as bd part = bd.import
[   0s] $ /bin/zsh -lc "/Users/paul/.cache/uv/archive-v0/syoaTQflTXoLthlv/bin/python -c \" import build123d as bd part = bd.import
[   0s] $ /bin/zsh -lc "/Users/paul/.cache/uv/archive-v0/syoaTQflTXoLthlv/bin/python -c \" import build123d as bd part = bd.import
[   0s] $ /bin/zsh -lc "/Users/paul/.cache/uv/archive-v0/syoaTQflTXoLthlv/bin/python -c \" import build123d as bd part = bd.import
[   0s] $ /bin/zsh -lc "/Users/paul/.cache/uv/archive-v0/syoaTQflTXoLthlv/bin/python -c \" import build123d as bd part = bd.import
[   0s] $ /bin/zsh -lc "/Users/paul/.cache/uv/archive-v0/syoaTQflTXoLthlv/bin/python -c \" import build123d as bd part = bd.import
[   0s] $ /bin/zsh -lc "/Users/paul/.cache/uv/archive-v0/syoaTQflTXoLthlv/bin/python -c \" import build123d as bd import math impo
[   0s] $ /bin/zsh -lc "/Users/paul/.cache/uv/archive-v0/syoaTQflTXoLthlv/bin/python -c \" import build123d as bd import math from
[   0s] $ /bin/zsh -lc "/Users/paul/.cache/uv/archive-v0/syoaTQflTXoLthlv/bin/python -c \" import build123d as bd part = bd.import
[   0s] $ /bin/zsh -lc "/Users/paul/.cache/uv/archive-v0/syoaTQflTXoLthlv/bin/python -c \" import build123d as bd part = bd.import
[   0s] $ /bin/zsh -lc "/Users/paul/.cache/uv/archive-v0/syoaTQflTXoLthlv/bin/python -c \" # Let's inspect the STEP file structure
[   0s] $ /bin/zsh -lc "/Users/paul/.cache/uv/archive-v0/syoaTQflTXoLthlv/bin/python -c \" import build123d as bd part = bd.import
[   0s] $ /bin/zsh -lc "/Users/paul/.cache/uv/archive-v0/syoaTQflTXoLthlv/bin/python -c \" import build123d as bd part = bd.import
[   0s] $ /bin/zsh -lc "/Users/paul/.cache/uv/archive-v0/syoaTQflTXoLthlv/bin/python -c \" import build123d as bd import math part
[   0s] $ /bin/zsh -lc "/Users/paul/.cache/uv/archive-v0/syoaTQflTXoLthlv/bin/python -c \" import build123d as bd part = bd.import
[   0s] $ /bin/zsh -lc "/Users/paul/.cache/uv/archive-v0/syoaTQflTXoLthlv/bin/python -c \" import build123d as bd part = bd.import
[   0s] $ /bin/zsh -lc "/Users/paul/.cache/uv/archive-v0/syoaTQflTXoLthlv/bin/python -c \" import build123d as bd part = bd.import
[   0s] $ /bin/zsh -lc "/Users/paul/.cache/uv/archive-v0/syoaTQflTXoLthlv/bin/python -c \" import build123d as bd part = bd.import
[   0s] $ /bin/zsh -lc "/Users/paul/.cache/uv/archive-v0/syoaTQflTXoLthlv/bin/python -c \" import build123d as bd part = bd.import
[   0s] $ /bin/zsh -lc "/Users/paul/.cache/uv/archive-v0/syoaTQflTXoLthlv/bin/python -c \" import build123d as bd import math from
[   0s] $ /bin/zsh -lc "/Users/paul/.cache/uv/archive-v0/syoaTQflTXoLthlv/bin/python -c \" import build123d as bd part = bd.import
[   0s] $ /bin/zsh -lc 'kill -9 $(pgrep -f "input.step") 2>/dev/null; true'
[   0s] $ /bin/zsh -lc "/Users/paul/.cache/uv/archive-v0/syoaTQflTXoLthlv/bin/python -c \" import build123d as bd part = bd.import
[   0s] $ /bin/zsh -lc "/Users/paul/.cache/uv/archive-v0/syoaTQflTXoLthlv/bin/python -c \" import build123d as bd part = bd.import
[   0s] $ /bin/zsh -lc "/Users/paul/.cache/uv/archive-v0/syoaTQflTXoLthlv/bin/python -c \" import build123d as bd part = bd.import
[   0s] $ /bin/zsh -lc "/Users/paul/.cache/uv/archive-v0/syoaTQflTXoLthlv/bin/python -c \" import build123d as bd part = bd.import
[   0s] $ /bin/zsh -lc "/Users/paul/.cache/uv/archive-v0/syoaTQflTXoLthlv/bin/python -c \" import build123d as bd part = bd.import
[   0s] $ /bin/zsh -lc "/Users/paul/.cache/uv/archive-v0/syoaTQflTXoLthlv/bin/python -c \" import build123d as bd from OCP.BRepAda
[   0s] $ /bin/zsh -lc "/Users/paul/.cache/uv/archive-v0/syoaTQflTXoLthlv/bin/python -c \" import build123d as bd from OCP.BRepAda
[   0s] $ /bin/zsh -lc "/Users/paul/.cache/uv/archive-v0/syoaTQflTXoLthlv/bin/python -c \" import build123d as bd from OCP.BRepAda
[   0s] $ /bin/zsh -lc "/Users/paul/.cache/uv/archive-v0/syoaTQflTXoLthlv/bin/python -c \" import build123d as bd from OCP.BRepAda
[   0s] $ /bin/zsh -lc "/Users/paul/.cache/uv/archive-v0/syoaTQflTXoLthlv/bin/python -c \" import build123d as bd part = bd.import
[   0s] $ /bin/zsh -lc "/Users/paul/.cache/uv/archive-v0/syoaTQflTXoLthlv/bin/python -c \" import build123d as bd part = bd.import
[   0s] $ /bin/zsh -lc "/Users/paul/.cache/uv/archive-v0/syoaTQflTXoLthlv/bin/python -c \" import build123d as bd part = bd.import
[   0s] $ /bin/zsh -lc "/Users/paul/.cache/uv/archive-v0/syoaTQflTXoLthlv/bin/python -c \" import build123d as bd part = bd.import
[   0s] $ /bin/zsh -lc "/Users/paul/.cache/uv/archive-v0/syoaTQflTXoLthlv/bin/python -c \" import build123d as bd part = bd.import
[   0s] $ /bin/zsh -lc "/Users/paul/.cache/uv/archive-v0/syoaTQflTXoLthlv/bin/python -c \" import build123d as bd part = bd.import
[   0s] $ /bin/zsh -lc "/Users/paul/.cache/uv/archive-v0/syoaTQflTXoLthlv/bin/python -c \" import build123d as bd from OCP.BRepAda
[   0s] $ /bin/zsh -lc "/Users/paul/.cache/uv/archive-v0/syoaTQflTXoLthlv/bin/python -c \" import build123d as bd part = bd.import
[   0s] $ /bin/zsh -lc "/Users/paul/.cache/uv/archive-v0/syoaTQflTXoLthlv/bin/python -c \" import build123d as bd part = bd.import
[   0s] $ /bin/zsh -lc "/Users/paul/.cache/uv/archive-v0/syoaTQflTXoLthlv/bin/python -c \" import build123d as bd part = bd.import
[   0s] $ /bin/zsh -lc "/Users/paul/.cache/uv/archive-v0/syoaTQflTXoLthlv/bin/python -c \" import build123d as bd part = bd.import
[   0s] $ /bin/zsh -lc "/Users/paul/.cache/uv/archive-v0/syoaTQflTXoLthlv/bin/python -c \" import build123d as bd part = bd.import
[   0s] $ /bin/zsh -lc "/Users/paul/.cache/uv/archive-v0/syoaTQflTXoLthlv/bin/python -c ' import build123d as bd part = bd.import_
[   0s] $ /bin/zsh -lc "/Users/paul/.cache/uv/archive-v0/syoaTQflTXoLthlv/bin/python -c ' import build123d as bd import math  part
[   0s] $ /bin/zsh -lc "/Users/paul/.cache/uv/archive-v0/syoaTQflTXoLthlv/bin/python -c ' import build123d as bd import math  part
[   0s] $ /bin/zsh -lc "/Users/paul/.cache/uv/archive-v0/syoaTQflTXoLthlv/bin/python -c ' import build123d as bd import math  part
[   0s] STREAM ERROR: {'type': 'error', 'message': '{"error":{"message":"Request contains an invalid argument.","type":"AI_APICallError","param":{"error":"Request contains an invalid
