[   0s] session 01a05d99-d902-7f31-9549-47b8183da28b
[   0s] . list_mcp_resources
[   0s]   <- {"content": [{"type": "text", "text": "{\"resources\":[{\"server\":\"build123d\",\"uri\":\"build123d://quickref\",\"name\":\"build123d_quickref\",\"description\
[   0s] . read_mcp_resource
[   0s]   <- {"content": [{"type": "text", "text": "{\"server\":\"build123d\",\"uri\":\"build123d://skill/edit\",\"contents\":[{\"uri\":\"build123d://skill/edit\",\"mimeType
[   0s] . import_cad_file
[   0s]   <- {"content": [{"type": "text", "text": "{\n  \"volume\": 3417501.0869,\n  \"solids\": 1,\n  \"faces\": 93,\n  \"edges\": 215,\n  \"vertices\": 126,\n  \"bbox\": 
[   0s] >> validate(part)
[   0s]   <- {"content": [{"type": "text", "text": "Validity gate: PASS\n{\n  \"passes_gate\": true,\n  \"n_solids\": 1,\n  \"volume\": 3417501.0869,\n  \"overlap_check\": \
[   0s] >> export(part)
[   0s]   <- {"content": [{"type": "text", "text": "Exported to /private/var/folders/nc/sgtnd9hs0yjfrp26bcq3rwnr0000gn/T/cgb_fixture.9NnBvb/output.step\nvolume 3.418e+06 mm\
[   0s] . save_snapshot
[   0s]   <- {"content": [{"type": "text", "text": "Snapshot 'baseline' saved. Geometry captured: current_shape, part."}], "structured_content": {"result": "Snapshot 'baseli
[   0s] . measure
[   0s]   <- {"content": [{"type": "text", "text": "{\n  \"volume\": 3417501.0869,\n  \"area\": 336755.1755,\n  \"topology\": {\n    \"faces\": 93,\n    \"edges\": 215,\n   
[   0s] execute #1: from build123d import * import json  part = import_step("input.step")  # Inspect the faces
[   0s]   <- {"content": [{"type": "text", "text": "Total torus faces: 0\n\nTotal cylinder faces: 0\n\nTotal plane faces: 0\n--- current_shape ---\nvolume: 3.418e+06 mm\u00b
[   0s] . read_mcp_resource
[   0s]   <- {"content": [{"type": "text", "text": "{\"server\":\"build123d\",\"uri\":\"build123d://quickref\",\"contents\":[{\"uri\":\"build123d://quickref\",\"mimeType\":\
[   0s] . read_mcp_resource
[   0s]   <- {"content": [{"type": "text", "text": "{\"server\":\"build123d\",\"uri\":\"build123d://selectors\",\"contents\":[{\"uri\":\"build123d://selectors\",\"mimeType\"
[   0s] . read_mcp_resource
[   0s]   <- {"content": [{"type": "text", "text": "{\"server\":\"build123d\",\"uri\":\"build123d://skill/repair\",\"contents\":[{\"uri\":\"build123d://skill/repair\",\"mime
[   0s] $ /bin/zsh -lc "python3 -c \" import build123d as bd part = bd.import_step('input.step') print(f'Part loaded: {type(part)}
[   0s] $ /bin/zsh -lc 'which python3; find / -name "build123d" 2>/dev/null'
[   0s] STREAM ERROR: {'type': 'error', 'message': '{"error":{"message":"Request contains an invalid argument.","type":"AI_APICallError","param":{"error":"Request contains an invalid
[   0s] session 01a05da0-97c4-72f2-9b6b-b930b157de50
[   0s] . read_mcp_resource
[   0s]   <- {"content": [{"type": "text", "text": "{\"server\":\"build123d\",\"uri\":\"build123d://skill/edit\",\"contents\":[{\"uri\":\"build123d://skill/edit\",\"mimeType
[   0s] . import_cad_file
[   0s]   <- {"content": [{"type": "text", "text": "{\n  \"volume\": 3417501.0869,\n  \"solids\": 1,\n  \"faces\": 93,\n  \"edges\": 215,\n  \"vertices\": 126,\n  \"bbox\": 
[   0s] >> validate(part)
[   0s]   <- {"content": [{"type": "text", "text": "Validity gate: PASS\n{\n  \"passes_gate\": true,\n  \"n_solids\": 1,\n  \"volume\": 3417501.0869,\n  \"overlap_check\": \
[   0s] >> export(part)
[   0s]   <- {"content": [{"type": "text", "text": "Exported to /private/var/folders/nc/sgtnd9hs0yjfrp26bcq3rwnr0000gn/T/cgb_fixture.4y6v6m/output.step\nvolume 3.418e+06 mm\
[   0s] . save_snapshot
[   0s]   <- {"content": [{"type": "text", "text": "Snapshot 'baseline' saved. Geometry captured: current_shape, part."}], "structured_content": {"result": "Snapshot 'baseli
[   0s] execute #1: from build123d import * import build123d as b3d  part = import_step("input.step") show(par
[   0s]   <- {"content": [{"type": "text", "text": "Registered 'original': volume=3.418e+06 mm\u00b3, faces=93\nImported successfully into variable `part`.\n--- current_shap
[   0s] . measure
[   0s]   <- {"content": [{"type": "text", "text": "{\n  \"volume\": 3417501.0869,\n  \"area\": 336755.1755,\n  \"topology\": {\n    \"faces\": 93,\n    \"edges\": 215,\n   
[   0s] $ /bin/zsh -lc "python3 -c \" import build123d as b3d part = b3d.import_step('input.step') print(f'Solid count: {len(part.
[   0s] $ /bin/zsh -lc 'which python; which python3; find / -name "build123d" 2>/dev/null'
[   0s] execute #2: part = import_step("input.step") for i, f in enumerate(part.faces()):     bb = f.bounding_
[   0s]   <- {"content": [{"type": "text", "text": "Face 0: GeomType.TORUS Z:[-12.00, -10.00] area=944.79 center=(-25.59, 0.00, -10.59)\nFace 1: GeomType.CONE Z:[-15.00, -14
[   0s] $ /bin/zsh -lc 'which python3'
[   0s] $ /bin/zsh -lc 'find / -name "pytest" 2>/dev/null; which -a python python3'
[   0s] execute #3: # Let's inspect the geometry details of all faces in `part` import math  print(f"Total fac
[   0s]   <- {"content": [{"type": "text", "text": "Total faces: 93\nF00: GeomType.TORUS     area=  944.79 z=[-12.00, -10.00] center=(-25.59,   0.00, -10.59)\nF01: GeomType.
[   0s] . render_view
[   0s]   <- {"content": [{"type": "text", "text": "Error executing tool render_view"}], "structured_content": null}
[   0s] . last_error
[   0s]   <- {"content": [{"type": "text", "text": "{\n  \"error\": null\n}"}], "structured_content": {"result": "{\n  \"error\": null\n}"}}
[   0s] $ /bin/zsh -lc 'find / -name "build123d" 2>/dev/null | grep site-packages'
[   0s] $ /bin/zsh -lc 'ps aux | grep build123d'
[   0s] $ /bin/zsh -lc "/Users/paul/.cache/uv/archive-v0/syoaTQflTXoLthlv/bin/python -c \" import build123d as b3d print('b3d vers
[   0s] $ /bin/zsh -lc "/Users/paul/.cache/uv/archive-v0/syoaTQflTXoLthlv/bin/python -c \" import build123d as b3d from OCP.BRepAd
[   0s] $ /bin/zsh -lc "/Users/paul/.cache/uv/archive-v0/syoaTQflTXoLthlv/bin/python -c \" import build123d as b3d from OCP.BRepAd
[   0s] $ /bin/zsh -lc "/Users/paul/.cache/uv/archive-v0/syoaTQflTXoLthlv/bin/python -c \" import build123d as b3d from OCP.BRepAd
[   0s] $ /bin/zsh -lc "/Users/paul/.cache/uv/archive-v0/syoaTQflTXoLthlv/bin/python -c \" import build123d as b3d from OCP.BRepAd
[   0s] $ /bin/zsh -lc "/Users/paul/.cache/uv/archive-v0/syoaTQflTXoLthlv/bin/python -c \" import build123d as b3d from OCP.BRepAd
[   0s] $ /bin/zsh -lc "/Users/paul/.cache/uv/archive-v0/syoaTQflTXoLthlv/bin/python -c \" import build123d as b3d from OCP.BRepAd
[   0s] $ /bin/zsh -lc "/Users/paul/.cache/uv/archive-v0/syoaTQflTXoLthlv/bin/python -c \" import build123d as b3d from OCP.BRepAd
[   0s] $ /bin/zsh -lc "/Users/paul/.cache/uv/archive-v0/syoaTQflTXoLthlv/bin/python -c \" import build123d as b3d from OCP.TopExp
[   0s] $ /bin/zsh -lc "/Users/paul/.cache/uv/archive-v0/syoaTQflTXoLthlv/bin/python -c \" import build123d as b3d from OCP.BRepAd
[   0s] $ /bin/zsh -lc "/Users/paul/.cache/uv/archive-v0/syoaTQflTXoLthlv/bin/python -c \" import build123d as b3d from OCP.BRepAd
[   0s] $ /bin/zsh -lc "/Users/paul/.cache/uv/archive-v0/syoaTQflTXoLthlv/bin/python -c \" import build123d as b3d from OCP.BRepAd
[   0s] $ /bin/zsh -lc "/Users/paul/.cache/uv/archive-v0/syoaTQflTXoLthlv/bin/python -c \" import build123d as b3d from OCP.BRepAd
[   0s] $ /bin/zsh -lc "/Users/paul/.cache/uv/archive-v0/syoaTQflTXoLthlv/bin/python -c \" import build123d as b3d from OCP.BRepAd
[   0s] $ /bin/zsh -lc "/Users/paul/.cache/uv/archive-v0/syoaTQflTXoLthlv/bin/python -c \" import build123d as b3d from OCP.BRepAd
[   0s] $ /bin/zsh -lc "/Users/paul/.cache/uv/archive-v0/syoaTQflTXoLthlv/bin/python -c \" import build123d as b3d from OCP.BRepAd
[   0s] $ /bin/zsh -lc "/Users/paul/.cache/uv/archive-v0/syoaTQflTXoLthlv/bin/python -c \" import build123d as b3d from OCP.BRepAd
[   0s] $ /bin/zsh -lc "/Users/paul/.cache/uv/archive-v0/syoaTQflTXoLthlv/bin/python -c \" import build123d as b3d from OCP.BRepAd
[   0s] $ /bin/zsh -lc "/Users/paul/.cache/uv/archive-v0/syoaTQflTXoLthlv/bin/python -c \" import build123d as b3d from OCP.BRepAd
[   0s] $ /bin/zsh -lc "/Users/paul/.cache/uv/archive-v0/syoaTQflTXoLthlv/bin/python -c \" import build123d as b3d from OCP.BRepAl
[   0s] $ /bin/zsh -lc "/Users/paul/.cache/uv/archive-v0/syoaTQflTXoLthlv/bin/python -c \" import build123d as b3d from OCP.BRepAl
[   0s] $ /bin/zsh -lc "/Users/paul/.cache/uv/archive-v0/syoaTQflTXoLthlv/bin/python -c \" import build123d as b3d from OCP.BRepAl
[   0s] $ /bin/zsh -lc '/Users/paul/.cache/uv/archive-v0/syoaTQflTXoLthlv/bin/python -c " import build123d as b3d import math  # T
[   0s] $ /bin/zsh -lc "/Users/paul/.cache/uv/archive-v0/syoaTQflTXoLthlv/bin/python -c \" import build123d as b3d from OCP.BRepAl
[   0s] $ /bin/zsh -lc "/Users/paul/.cache/uv/archive-v0/syoaTQflTXoLthlv/bin/python -c \" import build123d as b3d from OCP.BRepAl
[   0s] $ /bin/zsh -lc "/Users/paul/.cache/uv/archive-v0/syoaTQflTXoLthlv/bin/python -c \" import build123d as b3d from OCP.BRepAd
[   0s] $ /bin/zsh -lc "/Users/paul/.cache/uv/archive-v0/syoaTQflTXoLthlv/bin/python -c \" import build123d as b3d from OCP.BRepAl
[   0s] $ /bin/zsh -lc "/Users/paul/.cache/uv/archive-v0/syoaTQflTXoLthlv/bin/python -c \" import build123d as b3d from OCP.BRepAl
[   0s] $ /bin/zsh -lc "/Users/paul/.cache/uv/archive-v0/syoaTQflTXoLthlv/bin/python -c \" import build123d as b3d from OCP.BRepAl
[   0s] $ /bin/zsh -lc "/Users/paul/.cache/uv/archive-v0/syoaTQflTXoLthlv/bin/python -c \" import build123d as b3d from OCP.BRepAl
[   0s] $ /bin/zsh -lc "/Users/paul/.cache/uv/archive-v0/syoaTQflTXoLthlv/bin/python -c \" import build123d as b3d from OCP.BRepAl
[   0s] $ /bin/zsh -lc "/Users/paul/.cache/uv/archive-v0/syoaTQflTXoLthlv/bin/python -c \" import build123d as b3d from OCP.BRepAl
[   0s] $ /bin/zsh -lc "/Users/paul/.cache/uv/archive-v0/syoaTQflTXoLthlv/bin/python -c \" import build123d as b3d from OCP.BRepAl
[   0s] . find_holes
[   0s]   <- {"content": [{"type": "text", "text": "{\"count\": 9, \"holes\": [{\"axis\": [0.0, 0.0, -1.0], \"location\": [148.5787, 31.3469, 15.0], \"diameter\": 8.8, \"dep
[   0s] $ /bin/zsh -lc "/Users/paul/.cache/uv/archive-v0/syoaTQflTXoLthlv/bin/python -c \" import build123d as b3d from OCP.BRepAd
[   0s] $ /bin/zsh -lc "/Users/paul/.cache/uv/archive-v0/syoaTQflTXoLthlv/bin/python -c \" import build123d as b3d from OCP.BRepAd
[   0s] execute #4: from build123d import * from OCP.BRepAlgoAPI import BRepAlgoAPI_Defeaturing from OCP.TopTo
[   0s]   <- {"content": [{"type": "text", "text": "Registered 'original': volume=3.418e+06 mm\u00b3, faces=93\nIdentified 2 fillet face(s) on central boss OD.\nRegistered '
[   0s] >> validate(edited)
[   0s]   <- {"content": [{"type": "text", "text": "Validity gate: PASS\n{\n  \"passes_gate\": true,\n  \"n_solids\": 1,\n  \"volume\": 3416986.2919,\n  \"overlap_check\": \
[   0s] . compare
[   0s]   <- {"content": [{"type": "text", "text": "{\n  \"a\": {\n    \"name\": \"original\",\n    \"volume\": 3417501.0869,\n    \"faces\": 93,\n    \"edges\": 215,\n    \
[   0s] $ /bin/zsh -lc "/Users/paul/.cache/uv/archive-v0/syoaTQflTXoLthlv/bin/python -c \" import build123d as b3d from OCP.BRepAl
[   0s] $ /bin/zsh -lc "/Users/paul/.cache/uv/archive-v0/syoaTQflTXoLthlv/bin/python -c \" import build123d as b3d from OCP.BRepAl
[   0s] $ /bin/zsh -lc "/Users/paul/.cache/uv/archive-v0/syoaTQflTXoLthlv/bin/python -c \" import build123d as b3d  part = b3d.imp
[   0s] $ /bin/zsh -lc "/Users/paul/.cache/uv/archive-v0/syoaTQflTXoLthlv/bin/python -c \" import build123d as b3d from OCP.BRepAl
[   0s] $ /bin/zsh -lc "/Users/paul/.cache/uv/archive-v0/syoaTQflTXoLthlv/bin/python -c \" import build123d as b3d from OCP.BRepAl
[   0s] $ /bin/zsh -lc "/Users/paul/.cache/uv/archive-v0/syoaTQflTXoLthlv/bin/python -c \" import build123d as b3d from OCP.BRepAl
[   0s] $ /bin/zsh -lc "/Users/paul/.cache/uv/archive-v0/syoaTQflTXoLthlv/bin/python -c \" import build123d as b3d from OCP.BRepAl
[   0s] . import_cad_file
[   0s]   <- {"content": [{"type": "text", "text": "{\n  \"volume\": 3416986.2919,\n  \"solids\": 1,\n  \"faces\": 82,\n  \"edges\": 199,\n  \"vertices\": 121,\n  \"bbox\": 
[   0s] chat: The requested modification has been completed and verified.

### Summary of Changes
- **Target Feature Identified**: Located the $R = 2.0\text{ mm}$ fillet on the outer diameter ($R = 95.0\text{ mm}$,
[   0s] RESULT tokens in=8190691 out=18787
